Analysis & Synthesis report for Fonction_cap
Sun Dec 15 12:12:48 2024
Quartus Prime Version 18.0.0 Build 614 04/24/2018 SJ Lite Edition


---------------------
; Table of Contents ;
---------------------
  1. Legal Notice
  2. Analysis & Synthesis Summary
  3. Analysis & Synthesis Settings
  4. Parallel Compilation
  5. Analysis & Synthesis Messages
  6. Analysis & Synthesis Suppressed Messages



----------------
; Legal Notice ;
----------------
Copyright (C) 2018  Intel Corporation. All rights reserved.
Your use of Intel Corporation's design tools, logic functions 
and other software and tools, and its AMPP partner logic 
functions, and any output files from any of the foregoing 
(including device programming or simulation files), and any 
associated documentation or information are expressly subject 
to the terms and conditions of the Intel Program License 
Subscription Agreement, the Intel Quartus Prime License Agreement,
the Intel FPGA IP License Agreement, or other applicable license
agreement, including, without limitation, that your use is for
the sole purpose of programming logic devices manufactured by
Intel and sold by Intel or its authorized distributors.  Please
refer to the applicable agreement for further details.



+----------------------------------------------------------------------------------+
; Analysis & Synthesis Summary                                                     ;
+------------------------------------+---------------------------------------------+
; Analysis & Synthesis Status        ; Failed - Sun Dec 15 12:12:48 2024           ;
; Quartus Prime Version              ; 18.0.0 Build 614 04/24/2018 SJ Lite Edition ;
; Revision Name                      ; Fonction_cap                                ;
; Top-level Entity Name              ; tb_gestion_compas                           ;
; Family                             ; Cyclone IV E                                ;
; Total logic elements               ; N/A until Partition Merge                   ;
;     Total combinational functions  ; N/A until Partition Merge                   ;
;     Dedicated logic registers      ; N/A until Partition Merge                   ;
; Total registers                    ; N/A until Partition Merge                   ;
; Total pins                         ; N/A until Partition Merge                   ;
; Total virtual pins                 ; N/A until Partition Merge                   ;
; Total memory bits                  ; N/A until Partition Merge                   ;
; Embedded Multiplier 9-bit elements ; N/A until Partition Merge                   ;
; Total PLLs                         ; N/A until Partition Merge                   ;
+------------------------------------+---------------------------------------------+


+------------------------------------------------------------------------------------------------------------+
; Analysis & Synthesis Settings                                                                              ;
+------------------------------------------------------------------+--------------------+--------------------+
; Option                                                           ; Setting            ; Default Value      ;
+------------------------------------------------------------------+--------------------+--------------------+
; Device                                                           ; EP4CE22F17C6       ;                    ;
; Top-level entity name                                            ; tb_gestion_compas  ; Fonction_cap       ;
; Family name                                                      ; Cyclone IV E       ; Cyclone V          ;
; Use smart compilation                                            ; Off                ; Off                ;
; Enable parallel Assembler and Timing Analyzer during compilation ; On                 ; On                 ;
; Enable compact report table                                      ; Off                ; Off                ;
; Restructure Multiplexers                                         ; Auto               ; Auto               ;
; Create Debugging Nodes for IP Cores                              ; Off                ; Off                ;
; Preserve fewer node names                                        ; On                 ; On                 ;
; Intel FPGA IP Evaluation Mode                                    ; Enable             ; Enable             ;
; Verilog Version                                                  ; Verilog_2001       ; Verilog_2001       ;
; VHDL Version                                                     ; VHDL_1993          ; VHDL_1993          ;
; State Machine Processing                                         ; Auto               ; Auto               ;
; Safe State Machine                                               ; Off                ; Off                ;
; Extract Verilog State Machines                                   ; On                 ; On                 ;
; Extract VHDL State Machines                                      ; On                 ; On                 ;
; Ignore Verilog initial constructs                                ; Off                ; Off                ;
; Iteration limit for constant Verilog loops                       ; 5000               ; 5000               ;
; Iteration limit for non-constant Verilog loops                   ; 250                ; 250                ;
; Add Pass-Through Logic to Inferred RAMs                          ; On                 ; On                 ;
; Infer RAMs from Raw Logic                                        ; On                 ; On                 ;
; Parallel Synthesis                                               ; On                 ; On                 ;
; DSP Block Balancing                                              ; Auto               ; Auto               ;
; NOT Gate Push-Back                                               ; On                 ; On                 ;
; Power-Up Don't Care                                              ; On                 ; On                 ;
; Remove Redundant Logic Cells                                     ; Off                ; Off                ;
; Remove Duplicate Registers                                       ; On                 ; On                 ;
; Ignore CARRY Buffers                                             ; Off                ; Off                ;
; Ignore CASCADE Buffers                                           ; Off                ; Off                ;
; Ignore GLOBAL Buffers                                            ; Off                ; Off                ;
; Ignore ROW GLOBAL Buffers                                        ; Off                ; Off                ;
; Ignore LCELL Buffers                                             ; Off                ; Off                ;
; Ignore SOFT Buffers                                              ; On                 ; On                 ;
; Limit AHDL Integers to 32 Bits                                   ; Off                ; Off                ;
; Optimization Technique                                           ; Balanced           ; Balanced           ;
; Carry Chain Length                                               ; 70                 ; 70                 ;
; Auto Carry Chains                                                ; On                 ; On                 ;
; Auto Open-Drain Pins                                             ; On                 ; On                 ;
; Perform WYSIWYG Primitive Resynthesis                            ; Off                ; Off                ;
; Auto ROM Replacement                                             ; On                 ; On                 ;
; Auto RAM Replacement                                             ; On                 ; On                 ;
; Auto DSP Block Replacement                                       ; On                 ; On                 ;
; Auto Shift Register Replacement                                  ; Auto               ; Auto               ;
; Allow Shift Register Merging across Hierarchies                  ; Auto               ; Auto               ;
; Auto Clock Enable Replacement                                    ; On                 ; On                 ;
; Strict RAM Replacement                                           ; Off                ; Off                ;
; Allow Synchronous Control Signals                                ; On                 ; On                 ;
; Force Use of Synchronous Clear Signals                           ; Off                ; Off                ;
; Auto RAM Block Balancing                                         ; On                 ; On                 ;
; Auto RAM to Logic Cell Conversion                                ; Off                ; Off                ;
; Auto Resource Sharing                                            ; Off                ; Off                ;
; Allow Any RAM Size For Recognition                               ; Off                ; Off                ;
; Allow Any ROM Size For Recognition                               ; Off                ; Off                ;
; Allow Any Shift Register Size For Recognition                    ; Off                ; Off                ;
; Use LogicLock Constraints during Resource Balancing              ; On                 ; On                 ;
; Ignore translate_off and synthesis_off directives                ; Off                ; Off                ;
; Timing-Driven Synthesis                                          ; On                 ; On                 ;
; Report Parameter Settings                                        ; On                 ; On                 ;
; Report Source Assignments                                        ; On                 ; On                 ;
; Report Connectivity Checks                                       ; On                 ; On                 ;
; Ignore Maximum Fan-Out Assignments                               ; Off                ; Off                ;
; Synchronization Register Chain Length                            ; 2                  ; 2                  ;
; Power Optimization During Synthesis                              ; Normal compilation ; Normal compilation ;
; HDL message level                                                ; Level2             ; Level2             ;
; Suppress Register Optimization Related Messages                  ; Off                ; Off                ;
; Number of Removed Registers Reported in Synthesis Report         ; 5000               ; 5000               ;
; Number of Swept Nodes Reported in Synthesis Report               ; 5000               ; 5000               ;
; Number of Inverted Registers Reported in Synthesis Report        ; 100                ; 100                ;
; Clock MUX Protection                                             ; On                 ; On                 ;
; Auto Gated Clock Conversion                                      ; Off                ; Off                ;
; Block Design Naming                                              ; Auto               ; Auto               ;
; SDC constraint protection                                        ; Off                ; Off                ;
; Synthesis Effort                                                 ; Auto               ; Auto               ;
; Shift Register Replacement - Allow Asynchronous Clear Signal     ; On                 ; On                 ;
; Pre-Mapping Resynthesis Optimization                             ; Off                ; Off                ;
; Analysis & Synthesis Message Level                               ; Medium             ; Medium             ;
; Disable Register Merging Across Hierarchies                      ; Auto               ; Auto               ;
; Resource Aware Inference For Block RAM                           ; On                 ; On                 ;
+------------------------------------------------------------------+--------------------+--------------------+


+------------------------------------------+
; Parallel Compilation                     ;
+----------------------------+-------------+
; Processors                 ; Number      ;
+----------------------------+-------------+
; Number detected on machine ; 8           ;
; Maximum allowed            ; 8           ;
;                            ;             ;
; Average used               ; 1.00        ;
; Maximum used               ; 1           ;
;                            ;             ;
; Usage by Processor         ; % Time Used ;
;     Processor 1            ; 100.0%      ;
+----------------------------+-------------+


+-------------------------------+
; Analysis & Synthesis Messages ;
+-------------------------------+
Info: *******************************************************************
Info: Running Quartus Prime Analysis & Synthesis
    Info: Version 18.0.0 Build 614 04/24/2018 SJ Lite Edition
    Info: Processing started: Sun Dec 15 12:12:13 2024
Info: Command: quartus_map --read_settings_files=on --write_settings_files=off Fonction_cap -c Fonction_cap
Warning (18236): Number of processors has not been specified which may cause overloading on shared machines.  Set the global assignment NUM_PARALLEL_PROCESSORS in your QSF to an appropriate value for best performance.
Info (20030): Parallel compilation is enabled and will use 8 of the 8 processors detected
Info (12021): Found 2 design units, including 1 entities, in source file sopc_cap/synthesis/sopc_cap.vhd
    Info (12022): Found design unit 1: Sopc_Cap-rtl File: C:/intelFPGA_lite/18.0/BE/Cap/Sopc_Cap/synthesis/Sopc_Cap.vhd Line: 16
    Info (12023): Found entity 1: Sopc_Cap File: C:/intelFPGA_lite/18.0/BE/Cap/Sopc_Cap/synthesis/Sopc_Cap.vhd Line: 9
Info (12021): Found 1 design units, including 1 entities, in source file sopc_cap/synthesis/submodules/altera_reset_controller.v
    Info (12023): Found entity 1: altera_reset_controller File: C:/intelFPGA_lite/18.0/BE/Cap/Sopc_Cap/synthesis/submodules/altera_reset_controller.v Line: 42
Info (12021): Found 1 design units, including 1 entities, in source file sopc_cap/synthesis/submodules/altera_reset_synchronizer.v
    Info (12023): Found entity 1: altera_reset_synchronizer File: C:/intelFPGA_lite/18.0/BE/Cap/Sopc_Cap/synthesis/submodules/altera_reset_synchronizer.v Line: 24
Info (12021): Found 1 design units, including 1 entities, in source file sopc_cap/synthesis/submodules/sopc_cap_irq_mapper.sv
    Info (12023): Found entity 1: Sopc_Cap_irq_mapper File: C:/intelFPGA_lite/18.0/BE/Cap/Sopc_Cap/synthesis/submodules/Sopc_Cap_irq_mapper.sv Line: 31
Info (12021): Found 1 design units, including 1 entities, in source file sopc_cap/synthesis/submodules/sopc_cap_mm_interconnect_0.v
    Info (12023): Found entity 1: Sopc_Cap_mm_interconnect_0 File: C:/intelFPGA_lite/18.0/BE/Cap/Sopc_Cap/synthesis/submodules/Sopc_Cap_mm_interconnect_0.v Line: 9
Info (12021): Found 1 design units, including 1 entities, in source file sopc_cap/synthesis/submodules/sopc_cap_mm_interconnect_0_avalon_st_adapter.v
    Info (12023): Found entity 1: Sopc_Cap_mm_interconnect_0_avalon_st_adapter File: C:/intelFPGA_lite/18.0/BE/Cap/Sopc_Cap/synthesis/submodules/Sopc_Cap_mm_interconnect_0_avalon_st_adapter.v Line: 9
Info (12021): Found 1 design units, including 1 entities, in source file sopc_cap/synthesis/submodules/sopc_cap_mm_interconnect_0_avalon_st_adapter_error_adapter_0.sv
    Info (12023): Found entity 1: Sopc_Cap_mm_interconnect_0_avalon_st_adapter_error_adapter_0 File: C:/intelFPGA_lite/18.0/BE/Cap/Sopc_Cap/synthesis/submodules/Sopc_Cap_mm_interconnect_0_avalon_st_adapter_error_adapter_0.sv Line: 66
Info (12021): Found 1 design units, including 1 entities, in source file sopc_cap/synthesis/submodules/sopc_cap_mm_interconnect_0_rsp_mux.sv
    Info (12023): Found entity 1: Sopc_Cap_mm_interconnect_0_rsp_mux File: C:/intelFPGA_lite/18.0/BE/Cap/Sopc_Cap/synthesis/submodules/Sopc_Cap_mm_interconnect_0_rsp_mux.sv Line: 51
Info (12021): Found 2 design units, including 2 entities, in source file sopc_cap/synthesis/submodules/altera_merlin_arbitrator.sv
    Info (12023): Found entity 1: altera_merlin_arbitrator File: C:/intelFPGA_lite/18.0/BE/Cap/Sopc_Cap/synthesis/submodules/altera_merlin_arbitrator.sv Line: 103
    Info (12023): Found entity 2: altera_merlin_arb_adder File: C:/intelFPGA_lite/18.0/BE/Cap/Sopc_Cap/synthesis/submodules/altera_merlin_arbitrator.sv Line: 228
Info (12021): Found 1 design units, including 1 entities, in source file sopc_cap/synthesis/submodules/sopc_cap_mm_interconnect_0_rsp_demux.sv
    Info (12023): Found entity 1: Sopc_Cap_mm_interconnect_0_rsp_demux File: C:/intelFPGA_lite/18.0/BE/Cap/Sopc_Cap/synthesis/submodules/Sopc_Cap_mm_interconnect_0_rsp_demux.sv Line: 43
Info (12021): Found 1 design units, including 1 entities, in source file sopc_cap/synthesis/submodules/sopc_cap_mm_interconnect_0_cmd_mux.sv
    Info (12023): Found entity 1: Sopc_Cap_mm_interconnect_0_cmd_mux File: C:/intelFPGA_lite/18.0/BE/Cap/Sopc_Cap/synthesis/submodules/Sopc_Cap_mm_interconnect_0_cmd_mux.sv Line: 51
Info (12021): Found 1 design units, including 1 entities, in source file sopc_cap/synthesis/submodules/sopc_cap_mm_interconnect_0_cmd_demux.sv
    Info (12023): Found entity 1: Sopc_Cap_mm_interconnect_0_cmd_demux File: C:/intelFPGA_lite/18.0/BE/Cap/Sopc_Cap/synthesis/submodules/Sopc_Cap_mm_interconnect_0_cmd_demux.sv Line: 43
Info (12021): Found 2 design units, including 2 entities, in source file sopc_cap/synthesis/submodules/sopc_cap_mm_interconnect_0_router_002.sv
    Info (12023): Found entity 1: Sopc_Cap_mm_interconnect_0_router_002_default_decode File: C:/intelFPGA_lite/18.0/BE/Cap/Sopc_Cap/synthesis/submodules/Sopc_Cap_mm_interconnect_0_router_002.sv Line: 45
    Info (12023): Found entity 2: Sopc_Cap_mm_interconnect_0_router_002 File: C:/intelFPGA_lite/18.0/BE/Cap/Sopc_Cap/synthesis/submodules/Sopc_Cap_mm_interconnect_0_router_002.sv Line: 84
Info (12021): Found 2 design units, including 2 entities, in source file sopc_cap/synthesis/submodules/sopc_cap_mm_interconnect_0_router.sv
    Info (12023): Found entity 1: Sopc_Cap_mm_interconnect_0_router_default_decode File: C:/intelFPGA_lite/18.0/BE/Cap/Sopc_Cap/synthesis/submodules/Sopc_Cap_mm_interconnect_0_router.sv Line: 45
    Info (12023): Found entity 2: Sopc_Cap_mm_interconnect_0_router File: C:/intelFPGA_lite/18.0/BE/Cap/Sopc_Cap/synthesis/submodules/Sopc_Cap_mm_interconnect_0_router.sv Line: 84
Info (12021): Found 1 design units, including 1 entities, in source file sopc_cap/synthesis/submodules/altera_avalon_sc_fifo.v
    Info (12023): Found entity 1: altera_avalon_sc_fifo File: C:/intelFPGA_lite/18.0/BE/Cap/Sopc_Cap/synthesis/submodules/altera_avalon_sc_fifo.v Line: 21
Info (12021): Found 1 design units, including 1 entities, in source file sopc_cap/synthesis/submodules/altera_merlin_slave_agent.sv
    Info (12023): Found entity 1: altera_merlin_slave_agent File: C:/intelFPGA_lite/18.0/BE/Cap/Sopc_Cap/synthesis/submodules/altera_merlin_slave_agent.sv Line: 34
Info (12021): Found 1 design units, including 1 entities, in source file sopc_cap/synthesis/submodules/altera_merlin_burst_uncompressor.sv
    Info (12023): Found entity 1: altera_merlin_burst_uncompressor File: C:/intelFPGA_lite/18.0/BE/Cap/Sopc_Cap/synthesis/submodules/altera_merlin_burst_uncompressor.sv Line: 40
Info (12021): Found 1 design units, including 1 entities, in source file sopc_cap/synthesis/submodules/altera_merlin_master_agent.sv
    Info (12023): Found entity 1: altera_merlin_master_agent File: C:/intelFPGA_lite/18.0/BE/Cap/Sopc_Cap/synthesis/submodules/altera_merlin_master_agent.sv Line: 28
Info (12021): Found 1 design units, including 1 entities, in source file sopc_cap/synthesis/submodules/altera_merlin_slave_translator.sv
    Info (12023): Found entity 1: altera_merlin_slave_translator File: C:/intelFPGA_lite/18.0/BE/Cap/Sopc_Cap/synthesis/submodules/altera_merlin_slave_translator.sv Line: 35
Info (12021): Found 1 design units, including 1 entities, in source file sopc_cap/synthesis/submodules/altera_merlin_master_translator.sv
    Info (12023): Found entity 1: altera_merlin_master_translator File: C:/intelFPGA_lite/18.0/BE/Cap/Sopc_Cap/synthesis/submodules/altera_merlin_master_translator.sv Line: 32
Info (12021): Found 1 design units, including 1 entities, in source file sopc_cap/synthesis/submodules/sopc_cap_sysid_qsys_0.v
    Info (12023): Found entity 1: Sopc_Cap_sysid_qsys_0 File: C:/intelFPGA_lite/18.0/BE/Cap/Sopc_Cap/synthesis/submodules/Sopc_Cap_sysid_qsys_0.v Line: 34
Info (12021): Found 1 design units, including 1 entities, in source file sopc_cap/synthesis/submodules/sopc_cap_onchip_memory2_0.v
    Info (12023): Found entity 1: Sopc_Cap_onchip_memory2_0 File: C:/intelFPGA_lite/18.0/BE/Cap/Sopc_Cap/synthesis/submodules/Sopc_Cap_onchip_memory2_0.v Line: 21
Info (12021): Found 1 design units, including 1 entities, in source file sopc_cap/synthesis/submodules/sopc_cap_nios2_gen2_0.v
    Info (12023): Found entity 1: Sopc_Cap_nios2_gen2_0 File: C:/intelFPGA_lite/18.0/BE/Cap/Sopc_Cap/synthesis/submodules/Sopc_Cap_nios2_gen2_0.v Line: 9
Info (12021): Found 21 design units, including 21 entities, in source file sopc_cap/synthesis/submodules/sopc_cap_nios2_gen2_0_cpu.v
    Info (12023): Found entity 1: Sopc_Cap_nios2_gen2_0_cpu_register_bank_a_module File: C:/intelFPGA_lite/18.0/BE/Cap/Sopc_Cap/synthesis/submodules/Sopc_Cap_nios2_gen2_0_cpu.v Line: 21
    Info (12023): Found entity 2: Sopc_Cap_nios2_gen2_0_cpu_register_bank_b_module File: C:/intelFPGA_lite/18.0/BE/Cap/Sopc_Cap/synthesis/submodules/Sopc_Cap_nios2_gen2_0_cpu.v Line: 87
    Info (12023): Found entity 3: Sopc_Cap_nios2_gen2_0_cpu_nios2_oci_debug File: C:/intelFPGA_lite/18.0/BE/Cap/Sopc_Cap/synthesis/submodules/Sopc_Cap_nios2_gen2_0_cpu.v Line: 153
    Info (12023): Found entity 4: Sopc_Cap_nios2_gen2_0_cpu_nios2_oci_break File: C:/intelFPGA_lite/18.0/BE/Cap/Sopc_Cap/synthesis/submodules/Sopc_Cap_nios2_gen2_0_cpu.v Line: 295
    Info (12023): Found entity 5: Sopc_Cap_nios2_gen2_0_cpu_nios2_oci_xbrk File: C:/intelFPGA_lite/18.0/BE/Cap/Sopc_Cap/synthesis/submodules/Sopc_Cap_nios2_gen2_0_cpu.v Line: 588
    Info (12023): Found entity 6: Sopc_Cap_nios2_gen2_0_cpu_nios2_oci_dbrk File: C:/intelFPGA_lite/18.0/BE/Cap/Sopc_Cap/synthesis/submodules/Sopc_Cap_nios2_gen2_0_cpu.v Line: 795
    Info (12023): Found entity 7: Sopc_Cap_nios2_gen2_0_cpu_nios2_oci_itrace File: C:/intelFPGA_lite/18.0/BE/Cap/Sopc_Cap/synthesis/submodules/Sopc_Cap_nios2_gen2_0_cpu.v Line: 982
    Info (12023): Found entity 8: Sopc_Cap_nios2_gen2_0_cpu_nios2_oci_td_mode File: C:/intelFPGA_lite/18.0/BE/Cap/Sopc_Cap/synthesis/submodules/Sopc_Cap_nios2_gen2_0_cpu.v Line: 1115
    Info (12023): Found entity 9: Sopc_Cap_nios2_gen2_0_cpu_nios2_oci_dtrace File: C:/intelFPGA_lite/18.0/BE/Cap/Sopc_Cap/synthesis/submodules/Sopc_Cap_nios2_gen2_0_cpu.v Line: 1183
    Info (12023): Found entity 10: Sopc_Cap_nios2_gen2_0_cpu_nios2_oci_compute_input_tm_cnt File: C:/intelFPGA_lite/18.0/BE/Cap/Sopc_Cap/synthesis/submodules/Sopc_Cap_nios2_gen2_0_cpu.v Line: 1265
    Info (12023): Found entity 11: Sopc_Cap_nios2_gen2_0_cpu_nios2_oci_fifo_wrptr_inc File: C:/intelFPGA_lite/18.0/BE/Cap/Sopc_Cap/synthesis/submodules/Sopc_Cap_nios2_gen2_0_cpu.v Line: 1337
    Info (12023): Found entity 12: Sopc_Cap_nios2_gen2_0_cpu_nios2_oci_fifo_cnt_inc File: C:/intelFPGA_lite/18.0/BE/Cap/Sopc_Cap/synthesis/submodules/Sopc_Cap_nios2_gen2_0_cpu.v Line: 1380
    Info (12023): Found entity 13: Sopc_Cap_nios2_gen2_0_cpu_nios2_oci_fifo File: C:/intelFPGA_lite/18.0/BE/Cap/Sopc_Cap/synthesis/submodules/Sopc_Cap_nios2_gen2_0_cpu.v Line: 1427
    Info (12023): Found entity 14: Sopc_Cap_nios2_gen2_0_cpu_nios2_oci_pib File: C:/intelFPGA_lite/18.0/BE/Cap/Sopc_Cap/synthesis/submodules/Sopc_Cap_nios2_gen2_0_cpu.v Line: 1913
    Info (12023): Found entity 15: Sopc_Cap_nios2_gen2_0_cpu_nios2_oci_im File: C:/intelFPGA_lite/18.0/BE/Cap/Sopc_Cap/synthesis/submodules/Sopc_Cap_nios2_gen2_0_cpu.v Line: 1936
    Info (12023): Found entity 16: Sopc_Cap_nios2_gen2_0_cpu_nios2_performance_monitors File: C:/intelFPGA_lite/18.0/BE/Cap/Sopc_Cap/synthesis/submodules/Sopc_Cap_nios2_gen2_0_cpu.v Line: 2006
    Info (12023): Found entity 17: Sopc_Cap_nios2_gen2_0_cpu_nios2_avalon_reg File: C:/intelFPGA_lite/18.0/BE/Cap/Sopc_Cap/synthesis/submodules/Sopc_Cap_nios2_gen2_0_cpu.v Line: 2023
    Info (12023): Found entity 18: Sopc_Cap_nios2_gen2_0_cpu_ociram_sp_ram_module File: C:/intelFPGA_lite/18.0/BE/Cap/Sopc_Cap/synthesis/submodules/Sopc_Cap_nios2_gen2_0_cpu.v Line: 2116
    Info (12023): Found entity 19: Sopc_Cap_nios2_gen2_0_cpu_nios2_ocimem File: C:/intelFPGA_lite/18.0/BE/Cap/Sopc_Cap/synthesis/submodules/Sopc_Cap_nios2_gen2_0_cpu.v Line: 2181
    Info (12023): Found entity 20: Sopc_Cap_nios2_gen2_0_cpu_nios2_oci File: C:/intelFPGA_lite/18.0/BE/Cap/Sopc_Cap/synthesis/submodules/Sopc_Cap_nios2_gen2_0_cpu.v Line: 2362
    Info (12023): Found entity 21: Sopc_Cap_nios2_gen2_0_cpu File: C:/intelFPGA_lite/18.0/BE/Cap/Sopc_Cap/synthesis/submodules/Sopc_Cap_nios2_gen2_0_cpu.v Line: 2834
Info (12021): Found 1 design units, including 1 entities, in source file sopc_cap/synthesis/submodules/sopc_cap_nios2_gen2_0_cpu_debug_slave_sysclk.v
    Info (12023): Found entity 1: Sopc_Cap_nios2_gen2_0_cpu_debug_slave_sysclk File: C:/intelFPGA_lite/18.0/BE/Cap/Sopc_Cap/synthesis/submodules/Sopc_Cap_nios2_gen2_0_cpu_debug_slave_sysclk.v Line: 21
Info (12021): Found 1 design units, including 1 entities, in source file sopc_cap/synthesis/submodules/sopc_cap_nios2_gen2_0_cpu_debug_slave_tck.v
    Info (12023): Found entity 1: Sopc_Cap_nios2_gen2_0_cpu_debug_slave_tck File: C:/intelFPGA_lite/18.0/BE/Cap/Sopc_Cap/synthesis/submodules/Sopc_Cap_nios2_gen2_0_cpu_debug_slave_tck.v Line: 21
Info (12021): Found 1 design units, including 1 entities, in source file sopc_cap/synthesis/submodules/sopc_cap_nios2_gen2_0_cpu_debug_slave_wrapper.v
    Info (12023): Found entity 1: Sopc_Cap_nios2_gen2_0_cpu_debug_slave_wrapper File: C:/intelFPGA_lite/18.0/BE/Cap/Sopc_Cap/synthesis/submodules/Sopc_Cap_nios2_gen2_0_cpu_debug_slave_wrapper.v Line: 21
Info (12021): Found 1 design units, including 1 entities, in source file sopc_cap/synthesis/submodules/sopc_cap_nios2_gen2_0_cpu_test_bench.v
    Info (12023): Found entity 1: Sopc_Cap_nios2_gen2_0_cpu_test_bench File: C:/intelFPGA_lite/18.0/BE/Cap/Sopc_Cap/synthesis/submodules/Sopc_Cap_nios2_gen2_0_cpu_test_bench.v Line: 21
Info (12021): Found 5 design units, including 5 entities, in source file sopc_cap/synthesis/submodules/sopc_cap_jtag_uart_0.v
    Info (12023): Found entity 1: Sopc_Cap_jtag_uart_0_sim_scfifo_w File: C:/intelFPGA_lite/18.0/BE/Cap/Sopc_Cap/synthesis/submodules/Sopc_Cap_jtag_uart_0.v Line: 21
    Info (12023): Found entity 2: Sopc_Cap_jtag_uart_0_scfifo_w File: C:/intelFPGA_lite/18.0/BE/Cap/Sopc_Cap/synthesis/submodules/Sopc_Cap_jtag_uart_0.v Line: 78
    Info (12023): Found entity 3: Sopc_Cap_jtag_uart_0_sim_scfifo_r File: C:/intelFPGA_lite/18.0/BE/Cap/Sopc_Cap/synthesis/submodules/Sopc_Cap_jtag_uart_0.v Line: 164
    Info (12023): Found entity 4: Sopc_Cap_jtag_uart_0_scfifo_r File: C:/intelFPGA_lite/18.0/BE/Cap/Sopc_Cap/synthesis/submodules/Sopc_Cap_jtag_uart_0.v Line: 243
    Info (12023): Found entity 5: Sopc_Cap_jtag_uart_0 File: C:/intelFPGA_lite/18.0/BE/Cap/Sopc_Cap/synthesis/submodules/Sopc_Cap_jtag_uart_0.v Line: 331
Info (12021): Found 2 design units, including 1 entities, in source file sopc_cap/synthesis/submodules/avalon_cap.vhd
    Info (12022): Found design unit 1: avalon_cap-arch File: C:/intelFPGA_lite/18.0/BE/Cap/Sopc_Cap/synthesis/submodules/avalon_cap.vhd Line: 17
    Info (12023): Found entity 1: avalon_cap File: C:/intelFPGA_lite/18.0/BE/Cap/Sopc_Cap/synthesis/submodules/avalon_cap.vhd Line: 5
Info (12021): Found 2 design units, including 1 entities, in source file divfreq_de_cap.vhd
    Info (12022): Found design unit 1: DivFreq_de_cap-arch File: C:/intelFPGA_lite/18.0/BE/Cap/DivFreq_de_cap.vhd Line: 20
    Info (12023): Found entity 1: DivFreq_de_cap File: C:/intelFPGA_lite/18.0/BE/Cap/DivFreq_de_cap.vhd Line: 9
Info (12021): Found 2 design units, including 1 entities, in source file tb_divfreq_de_cap.vhd
    Info (12022): Found design unit 1: tb_DivFreq_de_cap-test File: C:/intelFPGA_lite/18.0/BE/Cap/tb_DivFreq_de_cap.vhd Line: 10
    Info (12023): Found entity 1: tb_DivFreq_de_cap File: C:/intelFPGA_lite/18.0/BE/Cap/tb_DivFreq_de_cap.vhd Line: 6
Info (12021): Found 2 design units, including 1 entities, in source file out_pwm.vhd
    Info (12022): Found design unit 1: Out_pwm-arch File: C:/intelFPGA_lite/18.0/BE/Cap/Out_pwm.vhd Line: 16
    Info (12023): Found entity 1: Out_pwm File: C:/intelFPGA_lite/18.0/BE/Cap/Out_pwm.vhd Line: 5
Info (12021): Found 2 design units, including 1 entities, in source file calcul_la_duree.vhd
    Info (12022): Found design unit 1: Calcul_La_Duree-arch File: C:/intelFPGA_lite/18.0/BE/Cap/Calcul_La_Duree.vhd Line: 17
    Info (12023): Found entity 1: Calcul_La_Duree File: C:/intelFPGA_lite/18.0/BE/Cap/Calcul_La_Duree.vhd Line: 5
Info (12021): Found 2 design units, including 1 entities, in source file gestion_cap.vhd
    Info (12022): Found design unit 1: gestion_cap-arch File: C:/intelFPGA_lite/18.0/BE/Cap/gestion_cap.vhd Line: 20
    Info (12023): Found entity 1: gestion_cap File: C:/intelFPGA_lite/18.0/BE/Cap/gestion_cap.vhd Line: 6
Info (12021): Found 2 design units, including 1 entities, in source file memo_donnee.vhd
    Info (12022): Found design unit 1: memo_donnee-arch File: C:/intelFPGA_lite/18.0/BE/Cap/memo_donnee.vhd Line: 18
    Info (12023): Found entity 1: memo_donnee File: C:/intelFPGA_lite/18.0/BE/Cap/memo_donnee.vhd Line: 5
Info (12021): Found 2 design units, including 1 entities, in source file mae_cap.vhd
    Info (12022): Found design unit 1: MAE_cap-arch File: C:/intelFPGA_lite/18.0/BE/Cap/MAE_cap.vhd Line: 22
    Info (12023): Found entity 1: MAE_cap File: C:/intelFPGA_lite/18.0/BE/Cap/MAE_cap.vhd Line: 5
Info (12021): Found 2 design units, including 1 entities, in source file avalon_cap.vhd
    Info (12022): Found design unit 1: avalon_cap-arch File: C:/intelFPGA_lite/18.0/BE/Cap/avalon_cap.vhd Line: 17
    Info (12023): Found entity 1: avalon_cap File: C:/intelFPGA_lite/18.0/BE/Cap/avalon_cap.vhd Line: 5
Info (12021): Found 2 design units, including 1 entities, in source file top_module.vhd
    Info (12022): Found design unit 1: top_module-arch File: C:/intelFPGA_lite/18.0/BE/Cap/top_module.vhd Line: 20
    Info (12023): Found entity 1: top_module File: C:/intelFPGA_lite/18.0/BE/Cap/top_module.vhd Line: 5
Info (12021): Found 1 design units, including 1 entities, in source file cap_block.bdf
    Info (12023): Found entity 1: cap_block
Info (12021): Found 2 design units, including 1 entities, in source file tb_gestion_compas.vhd
    Info (12022): Found design unit 1: tb_gestion_compas-testbench File: C:/intelFPGA_lite/18.0/BE/Cap/tb_gestion_compas.vhd Line: 9
    Info (12023): Found entity 1: tb_gestion_compas File: C:/intelFPGA_lite/18.0/BE/Cap/tb_gestion_compas.vhd Line: 6
Error (10482): VHDL error at tb_gestion_compas.vhd(92): object "s" is used but not declared File: C:/intelFPGA_lite/18.0/BE/Cap/tb_gestion_compas.vhd Line: 92
Info (144001): Generated suppressed messages file C:/intelFPGA_lite/18.0/BE/Cap/output_files/Fonction_cap.map.smsg
Error: Quartus Prime Analysis & Synthesis was unsuccessful. 1 error, 1 warning
    Error: Peak virtual memory: 4803 megabytes
    Error: Processing ended: Sun Dec 15 12:12:53 2024
    Error: Elapsed time: 00:00:40
    Error: Total CPU time (on all processors): 00:00:41


+------------------------------------------+
; Analysis & Synthesis Suppressed Messages ;
+------------------------------------------+
The suppressed messages can be found in C:/intelFPGA_lite/18.0/BE/Cap/output_files/Fonction_cap.map.smsg.


