Archive member included to satisfy reference by file (symbol)

c:/intelfpga_lite/18.1/nios2eds/bin/gnu/h-x86_64-mingw32/bin/../lib/gcc/nios2-elf/5.3.0/../../../../../H-x86_64-mingw32/nios2-elf/lib/mno-hw-mul\libsmallc.a(lib_a-puts.o)
                              obj/default/hello_world_small.o (puts)
c:/intelfpga_lite/18.1/nios2eds/bin/gnu/h-x86_64-mingw32/bin/../lib/gcc/nios2-elf/5.3.0/../../../../../H-x86_64-mingw32/nios2-elf/lib/mno-hw-mul\libsmallc.a(lib_a-strlen.o)
                              c:/intelfpga_lite/18.1/nios2eds/bin/gnu/h-x86_64-mingw32/bin/../lib/gcc/nios2-elf/5.3.0/../../../../../H-x86_64-mingw32/nios2-elf/lib/mno-hw-mul\libsmallc.a(lib_a-puts.o) (strlen)
c:/intelfpga_lite/18.1/nios2eds/bin/gnu/h-x86_64-mingw32/bin/../lib/gcc/nios2-elf/5.3.0/../../../../../H-x86_64-mingw32/nios2-elf/lib/mno-hw-mul\libsmallc.a(lib_a-fvwrite_small_dev.o)
                              c:/intelfpga_lite/18.1/nios2eds/bin/gnu/h-x86_64-mingw32/bin/../lib/gcc/nios2-elf/5.3.0/../../../../../H-x86_64-mingw32/nios2-elf/lib/mno-hw-mul\libsmallc.a(lib_a-puts.o) (__sfvwrite_small_dev)
c:/intelfpga_lite/18.1/nios2eds/bin/gnu/h-x86_64-mingw32/bin/../lib/gcc/nios2-elf/5.3.0/../../../../../H-x86_64-mingw32/nios2-elf/lib/mno-hw-mul\libsmallc.a(lib_a-impure.o)
                              c:/intelfpga_lite/18.1/nios2eds/bin/gnu/h-x86_64-mingw32/bin/../lib/gcc/nios2-elf/5.3.0/../../../../../H-x86_64-mingw32/nios2-elf/lib/mno-hw-mul\libsmallc.a(lib_a-puts.o) (_impure_ptr)
c:/intelfpga_lite/18.1/nios2eds/bin/gnu/h-x86_64-mingw32/bin/../lib/gcc/nios2-elf/5.3.0/../../../../../H-x86_64-mingw32/nios2-elf/lib/mno-hw-mul\libsmallc.a(lib_a-writer.o)
                              c:/intelfpga_lite/18.1/nios2eds/bin/gnu/h-x86_64-mingw32/bin/../lib/gcc/nios2-elf/5.3.0/../../../../../H-x86_64-mingw32/nios2-elf/lib/mno-hw-mul\libsmallc.a(lib_a-fvwrite_small_dev.o) (_write_r)
c:/intelfpga_lite/18.1/nios2eds/bin/gnu/h-x86_64-mingw32/bin/../lib/gcc/nios2-elf/5.3.0/../../../../../H-x86_64-mingw32/nios2-elf/lib/mno-hw-mul\libsmallc.a(lib_a-int_errno.o)
                              c:/intelfpga_lite/18.1/nios2eds/bin/gnu/h-x86_64-mingw32/bin/../lib/gcc/nios2-elf/5.3.0/../../../../../H-x86_64-mingw32/nios2-elf/lib/mno-hw-mul\libsmallc.a(lib_a-writer.o) (errno)
../avalon_test_bsp/\libhal_bsp.a(alt_load.o)
                              ../avalon_test_bsp//obj/HAL/src/crt0.o (alt_load)
../avalon_test_bsp/\libhal_bsp.a(alt_main.o)
                              ../avalon_test_bsp//obj/HAL/src/crt0.o (alt_main)
../avalon_test_bsp/\libhal_bsp.a(alt_usleep.o)
                              obj/default/hello_world_small.o (usleep)
../avalon_test_bsp/\libhal_bsp.a(alt_write.o)
                              c:/intelfpga_lite/18.1/nios2eds/bin/gnu/h-x86_64-mingw32/bin/../lib/gcc/nios2-elf/5.3.0/../../../../../H-x86_64-mingw32/nios2-elf/lib/mno-hw-mul\libsmallc.a(lib_a-writer.o) (write)
../avalon_test_bsp/\libhal_bsp.a(alt_sys_init.o)
                              ../avalon_test_bsp/\libhal_bsp.a(alt_main.o) (alt_irq_init)
../avalon_test_bsp/\libhal_bsp.a(altera_avalon_jtag_uart_write.o)
                              ../avalon_test_bsp/\libhal_bsp.a(alt_write.o) (altera_avalon_jtag_uart_write)
../avalon_test_bsp/\libhal_bsp.a(alt_busy_sleep.o)
                              ../avalon_test_bsp/\libhal_bsp.a(alt_usleep.o) (alt_busy_sleep)
../avalon_test_bsp/\libhal_bsp.a(alt_dcache_flush_all.o)
                              ../avalon_test_bsp/\libhal_bsp.a(alt_load.o) (alt_dcache_flush_all)
../avalon_test_bsp/\libhal_bsp.a(alt_errno.o)
                              ../avalon_test_bsp/\libhal_bsp.a(alt_write.o) (alt_errno)
../avalon_test_bsp/\libhal_bsp.a(alt_icache_flush_all.o)
                              ../avalon_test_bsp/\libhal_bsp.a(alt_load.o) (alt_icache_flush_all)
../avalon_test_bsp/\libhal_bsp.a(altera_nios2_gen2_irq.o)
                              ../avalon_test_bsp/\libhal_bsp.a(alt_sys_init.o) (altera_nios2_gen2_irq_init)
c:/intelfpga_lite/18.1/nios2eds/bin/gnu/h-x86_64-mingw32/bin/../lib/gcc/nios2-elf/5.3.0/mno-hw-mul\libgcc.a(lib2-divmod.o)
                              ../avalon_test_bsp/\libhal_bsp.a(alt_busy_sleep.o) (__udivsi3)
c:/intelfpga_lite/18.1/nios2eds/bin/gnu/h-x86_64-mingw32/bin/../lib/gcc/nios2-elf/5.3.0/mno-hw-mul\libgcc.a(lib2-mul.o)
                              ../avalon_test_bsp/\libhal_bsp.a(alt_busy_sleep.o) (__mulsi3)

Allocating common symbols
Common symbol       size              file

errno               0x4               c:/intelfpga_lite/18.1/nios2eds/bin/gnu/h-x86_64-mingw32/bin/../lib/gcc/nios2-elf/5.3.0/../../../../../H-x86_64-mingw32/nios2-elf/lib/mno-hw-mul\libsmallc.a(lib_a-int_errno.o)

Memory Configuration

Name             Origin             Length             Attributes
reset            0x0000000000008000 0x0000000000000020
onchip_memory2_0 0x0000000000008020 0x0000000000004e00
*default*        0x0000000000000000 0xffffffffffffffff

Linker script and memory map

LOAD ../avalon_test_bsp//obj/HAL/src/crt0.o
LOAD obj/default/hello_world_small.o
LOAD c:/intelfpga_lite/18.1/nios2eds/bin/gnu/h-x86_64-mingw32/bin/../lib/gcc/nios2-elf/5.3.0/../../../../../H-x86_64-mingw32/nios2-elf/lib/mno-hw-mul\libstdc++.a
LOAD c:/intelfpga_lite/18.1/nios2eds/bin/gnu/h-x86_64-mingw32/bin/../lib/gcc/nios2-elf/5.3.0/../../../../../H-x86_64-mingw32/nios2-elf/lib/mno-hw-mul\libm.a
LOAD c:/intelfpga_lite/18.1/nios2eds/bin/gnu/h-x86_64-mingw32/bin/../lib/gcc/nios2-elf/5.3.0/mno-hw-mul\libgcc.a
START GROUP
LOAD c:/intelfpga_lite/18.1/nios2eds/bin/gnu/h-x86_64-mingw32/bin/../lib/gcc/nios2-elf/5.3.0/../../../../../H-x86_64-mingw32/nios2-elf/lib/mno-hw-mul\libsmallc.a
LOAD c:/intelfpga_lite/18.1/nios2eds/bin/gnu/h-x86_64-mingw32/bin/../lib/gcc/nios2-elf/5.3.0/mno-hw-mul\libgcc.a
LOAD ../avalon_test_bsp/\libhal_bsp.a
LOAD c:/intelfpga_lite/18.1/nios2eds/bin/gnu/h-x86_64-mingw32/bin/../lib/gcc/nios2-elf/5.3.0/../../../../../H-x86_64-mingw32/nios2-elf/lib/mno-hw-mul\libm.a
END GROUP
LOAD c:/intelfpga_lite/18.1/nios2eds/bin/gnu/h-x86_64-mingw32/bin/../lib/gcc/nios2-elf/5.3.0/mno-hw-mul\libgcc.a
                0x0000000000008000                __alt_mem_onchip_memory2_0 = 0x8000

.entry          0x0000000000008000       0x20
 *(.entry)
 .entry         0x0000000000008000       0x20 ../avalon_test_bsp//obj/HAL/src/crt0.o
                0x0000000000008000                __reset
                0x000000000000800c                _exit

.exceptions     0x0000000000008020        0x0
                0x0000000000008020                PROVIDE (__ram_exceptions_start, ABSOLUTE (.))
                0x0000000000008020                . = ALIGN (0x20)
 *(.irq)
 *(.exceptions.entry.label)
 *(.exceptions.entry.user)
 *(.exceptions.entry.ecc_fatal)
 *(.exceptions.entry)
 *(.exceptions.irqtest.user)
 *(.exceptions.irqtest)
 *(.exceptions.irqhandler.user)
 *(.exceptions.irqhandler)
 *(.exceptions.irqreturn.user)
 *(.exceptions.irqreturn)
 *(.exceptions.notirq.label)
 *(.exceptions.notirq.user)
 *(.exceptions.notirq)
 *(.exceptions.soft.user)
 *(.exceptions.soft)
 *(.exceptions.unknown.user)
 *(.exceptions.unknown)
 *(.exceptions.exit.label)
 *(.exceptions.exit.user)
 *(.exceptions.exit)
 *(.exceptions)
                0x0000000000008020                PROVIDE (__ram_exceptions_end, ABSOLUTE (.))
                0x0000000000008020                PROVIDE (__flash_exceptions_start, LOADADDR (.exceptions))

.text           0x0000000000008020      0x6a4
                [!provide]                        PROVIDE (stext, ABSOLUTE (.))
 *(.interp)
 *(.hash)
 *(.dynsym)
 *(.dynstr)
 *(.gnu.version)
 *(.gnu.version_d)
 *(.gnu.version_r)
 *(.rel.init)
 *(.rela.init)
 *(.rel.text .rel.text.* .rel.gnu.linkonce.t.*)
 *(.rela.text .rela.text.* .rela.gnu.linkonce.t.*)
 *(.rel.fini)
 *(.rela.fini)
 *(.rel.rodata .rel.rodata.* .rel.gnu.linkonce.r.*)
 *(.rela.rodata .rela.rodata.* .rela.gnu.linkonce.r.*)
 *(.rel.data .rel.data.* .rel.gnu.linkonce.d.*)
 *(.rela.data .rela.data.* .rela.gnu.linkonce.d.*)
 *(.rel.tdata .rel.tdata.* .rel.gnu.linkonce.td.*)
 *(.rela.tdata .rela.tdata.* .rela.gnu.linkonce.td.*)
 *(.rel.tbss .rel.tbss.* .rel.gnu.linkonce.tb.*)
 *(.rela.tbss .rela.tbss.* .rela.gnu.linkonce.tb.*)
 *(.rel.ctors)
 *(.rela.ctors)
 *(.rel.dtors)
 *(.rela.dtors)
 *(.rel.got)
 *(.rela.got)
 *(.rel.sdata .rel.sdata.* .rel.gnu.linkonce.s.*)
 *(.rela.sdata .rela.sdata.* .rela.gnu.linkonce.s.*)
 *(.rel.sbss .rel.sbss.* .rel.gnu.linkonce.sb.*)
 *(.rela.sbss .rela.sbss.* .rela.gnu.linkonce.sb.*)
 *(.rel.sdata2 .rel.sdata2.* .rel.gnu.linkonce.s2.*)
 *(.rela.sdata2 .rela.sdata2.* .rela.gnu.linkonce.s2.*)
 *(.rel.sbss2 .rel.sbss2.* .rel.gnu.linkonce.sb2.*)
 *(.rela.sbss2 .rela.sbss2.* .rela.gnu.linkonce.sb2.*)
 *(.rel.bss .rel.bss.* .rel.gnu.linkonce.b.*)
 *(.rela.bss .rela.bss.* .rela.gnu.linkonce.b.*)
 *(.rel.plt)
 *(.rela.plt)
 *(.rel.dyn)
 *(.init)
 *(.plt)
 *(.text .stub .text.* .gnu.linkonce.t.*)
 .text          0x0000000000008020       0x3c ../avalon_test_bsp//obj/HAL/src/crt0.o
                0x0000000000008020                _start
 .text          0x000000000000805c       0x34 obj/default/hello_world_small.o
                0x000000000000805c                start_anemometer
                0x0000000000008070                stop_anemometer
                0x0000000000008084                read_anemometer_data
 .text.startup  0x0000000000008090       0x38 obj/default/hello_world_small.o
                0x0000000000008090                main
 .text          0x00000000000080c8        0x0 c:/intelfpga_lite/18.1/nios2eds/bin/gnu/h-x86_64-mingw32/bin/../lib/gcc/nios2-elf/5.3.0/../../../../../H-x86_64-mingw32/nios2-elf/lib/mno-hw-mul\libsmallc.a(lib_a-puts.o)
 .text._puts_r  0x00000000000080c8       0x80 c:/intelfpga_lite/18.1/nios2eds/bin/gnu/h-x86_64-mingw32/bin/../lib/gcc/nios2-elf/5.3.0/../../../../../H-x86_64-mingw32/nios2-elf/lib/mno-hw-mul\libsmallc.a(lib_a-puts.o)
                0x00000000000080c8                _puts_r
 .text.puts     0x0000000000008148       0x14 c:/intelfpga_lite/18.1/nios2eds/bin/gnu/h-x86_64-mingw32/bin/../lib/gcc/nios2-elf/5.3.0/../../../../../H-x86_64-mingw32/nios2-elf/lib/mno-hw-mul\libsmallc.a(lib_a-puts.o)
                0x0000000000008148                puts
 .text          0x000000000000815c        0x0 c:/intelfpga_lite/18.1/nios2eds/bin/gnu/h-x86_64-mingw32/bin/../lib/gcc/nios2-elf/5.3.0/../../../../../H-x86_64-mingw32/nios2-elf/lib/mno-hw-mul\libsmallc.a(lib_a-strlen.o)
 .text.strlen   0x000000000000815c       0x1c c:/intelfpga_lite/18.1/nios2eds/bin/gnu/h-x86_64-mingw32/bin/../lib/gcc/nios2-elf/5.3.0/../../../../../H-x86_64-mingw32/nios2-elf/lib/mno-hw-mul\libsmallc.a(lib_a-strlen.o)
                0x000000000000815c                strlen
 .text          0x0000000000008178        0x0 c:/intelfpga_lite/18.1/nios2eds/bin/gnu/h-x86_64-mingw32/bin/../lib/gcc/nios2-elf/5.3.0/../../../../../H-x86_64-mingw32/nios2-elf/lib/mno-hw-mul\libsmallc.a(lib_a-fvwrite_small_dev.o)
 .text.__sfvwrite_small_dev
                0x0000000000008178       0xb8 c:/intelfpga_lite/18.1/nios2eds/bin/gnu/h-x86_64-mingw32/bin/../lib/gcc/nios2-elf/5.3.0/../../../../../H-x86_64-mingw32/nios2-elf/lib/mno-hw-mul\libsmallc.a(lib_a-fvwrite_small_dev.o)
                0x0000000000008178                __sfvwrite_small_dev
 .text          0x0000000000008230        0x0 c:/intelfpga_lite/18.1/nios2eds/bin/gnu/h-x86_64-mingw32/bin/../lib/gcc/nios2-elf/5.3.0/../../../../../H-x86_64-mingw32/nios2-elf/lib/mno-hw-mul\libsmallc.a(lib_a-impure.o)
 .text          0x0000000000008230        0x0 c:/intelfpga_lite/18.1/nios2eds/bin/gnu/h-x86_64-mingw32/bin/../lib/gcc/nios2-elf/5.3.0/../../../../../H-x86_64-mingw32/nios2-elf/lib/mno-hw-mul\libsmallc.a(lib_a-writer.o)
 .text._write_r
                0x0000000000008230       0x58 c:/intelfpga_lite/18.1/nios2eds/bin/gnu/h-x86_64-mingw32/bin/../lib/gcc/nios2-elf/5.3.0/../../../../../H-x86_64-mingw32/nios2-elf/lib/mno-hw-mul\libsmallc.a(lib_a-writer.o)
                0x0000000000008230                _write_r
 .text          0x0000000000008288        0x0 c:/intelfpga_lite/18.1/nios2eds/bin/gnu/h-x86_64-mingw32/bin/../lib/gcc/nios2-elf/5.3.0/../../../../../H-x86_64-mingw32/nios2-elf/lib/mno-hw-mul\libsmallc.a(lib_a-int_errno.o)
 .text          0x0000000000008288       0xe0 ../avalon_test_bsp/\libhal_bsp.a(alt_load.o)
                0x0000000000008288                alt_load
 .text          0x0000000000008368       0x2c ../avalon_test_bsp/\libhal_bsp.a(alt_main.o)
                0x0000000000008368                alt_main
 .text          0x0000000000008394        0x4 ../avalon_test_bsp/\libhal_bsp.a(alt_usleep.o)
                0x0000000000008394                usleep
 .text          0x0000000000008398       0x60 ../avalon_test_bsp/\libhal_bsp.a(alt_write.o)
                0x0000000000008398                write
 .text          0x00000000000083f8       0x24 ../avalon_test_bsp/\libhal_bsp.a(alt_sys_init.o)
                0x00000000000083f8                alt_irq_init
                0x0000000000008418                alt_sys_init
 .text          0x000000000000841c       0x34 ../avalon_test_bsp/\libhal_bsp.a(altera_avalon_jtag_uart_write.o)
                0x000000000000841c                altera_avalon_jtag_uart_write
 .text          0x0000000000008450       0x88 ../avalon_test_bsp/\libhal_bsp.a(alt_busy_sleep.o)
                0x0000000000008450                alt_busy_sleep
 .text          0x00000000000084d8        0x4 ../avalon_test_bsp/\libhal_bsp.a(alt_dcache_flush_all.o)
                0x00000000000084d8                alt_dcache_flush_all
 .text          0x00000000000084dc        0x0 ../avalon_test_bsp/\libhal_bsp.a(alt_errno.o)
 .text          0x00000000000084dc        0x4 ../avalon_test_bsp/\libhal_bsp.a(alt_icache_flush_all.o)
                0x00000000000084dc                alt_icache_flush_all
 .text          0x00000000000084e0        0x8 ../avalon_test_bsp/\libhal_bsp.a(altera_nios2_gen2_irq.o)
                0x00000000000084e0                altera_nios2_gen2_irq_init
 .text          0x00000000000084e8      0x1b4 c:/intelfpga_lite/18.1/nios2eds/bin/gnu/h-x86_64-mingw32/bin/../lib/gcc/nios2-elf/5.3.0/mno-hw-mul\libgcc.a(lib2-divmod.o)
                0x00000000000084e8                __divsi3
                0x000000000000856c                __modsi3
                0x00000000000085e0                __udivsi3
                0x0000000000008644                __umodsi3
 .text          0x000000000000869c       0x28 c:/intelfpga_lite/18.1/nios2eds/bin/gnu/h-x86_64-mingw32/bin/../lib/gcc/nios2-elf/5.3.0/mno-hw-mul\libgcc.a(lib2-mul.o)
                0x000000000000869c                __mulsi3
 *(.gnu.warning.*)
 *(.fini)
                [!provide]                        PROVIDE (__etext, ABSOLUTE (.))
                [!provide]                        PROVIDE (_etext, ABSOLUTE (.))
                [!provide]                        PROVIDE (etext, ABSOLUTE (.))
 *(.eh_frame_hdr)
                0x00000000000086c4                . = ALIGN (0x4)
                [!provide]                        PROVIDE (__preinit_array_start, ABSOLUTE (.))
 *(.preinit_array)
                [!provide]                        PROVIDE (__preinit_array_end, ABSOLUTE (.))
                [!provide]                        PROVIDE (__init_array_start, ABSOLUTE (.))
 *(.init_array)
                [!provide]                        PROVIDE (__init_array_end, ABSOLUTE (.))
                [!provide]                        PROVIDE (__fini_array_start, ABSOLUTE (.))
 *(.fini_array)
                [!provide]                        PROVIDE (__fini_array_end, ABSOLUTE (.))
 *(.eh_frame)
 *(.gcc_except_table .gcc_except_table.*)
 *(.dynamic)
                [!provide]                        PROVIDE (__CTOR_LIST__, ABSOLUTE (.))
 *(.ctors)
 *(SORT(.ctors.*))
                [!provide]                        PROVIDE (__CTOR_END__, ABSOLUTE (.))
                [!provide]                        PROVIDE (__DTOR_LIST__, ABSOLUTE (.))
 *(.dtors)
 *(SORT(.dtors.*))
                [!provide]                        PROVIDE (__DTOR_END__, ABSOLUTE (.))
 *(.jcr)
                0x00000000000086c4                . = ALIGN (0x4)

.rodata         0x00000000000086c4       0x40
                0x00000000000086c4                PROVIDE (__ram_rodata_start, ABSOLUTE (.))
                0x00000000000086c4                . = ALIGN (0x4)
 *(.rodata .rodata.* .gnu.linkonce.r.*)
 .rodata.str1.4
                0x00000000000086c4       0x3a obj/default/hello_world_small.o
 *fill*         0x00000000000086fe        0x2 
 .rodata.str1.4
                0x0000000000008700        0x4 c:/intelfpga_lite/18.1/nios2eds/bin/gnu/h-x86_64-mingw32/bin/../lib/gcc/nios2-elf/5.3.0/../../../../../H-x86_64-mingw32/nios2-elf/lib/mno-hw-mul\libsmallc.a(lib_a-puts.o)
                                          0x2 (size before relaxing)
 *(.rodata1)
                0x0000000000008704                . = ALIGN (0x4)
                0x0000000000008704                PROVIDE (__ram_rodata_end, ABSOLUTE (.))
                0x00000000000086c4                PROVIDE (__flash_rodata_start, LOADADDR (.rodata))

.rwdata         0x0000000000008704       0xf0 load address 0x00000000000087f4
                0x0000000000008704                PROVIDE (__ram_rwdata_start, ABSOLUTE (.))
                0x0000000000008704                . = ALIGN (0x4)
 *(.got.plt)
 *(.got)
 *(.data1)
 *(.data .data.* .gnu.linkonce.d.*)
 .data          0x0000000000008704        0x0 ../avalon_test_bsp//obj/HAL/src/crt0.o
 .data          0x0000000000008704        0x0 obj/default/hello_world_small.o
 .data          0x0000000000008704        0x0 c:/intelfpga_lite/18.1/nios2eds/bin/gnu/h-x86_64-mingw32/bin/../lib/gcc/nios2-elf/5.3.0/../../../../../H-x86_64-mingw32/nios2-elf/lib/mno-hw-mul\libsmallc.a(lib_a-puts.o)
 .data          0x0000000000008704        0x0 c:/intelfpga_lite/18.1/nios2eds/bin/gnu/h-x86_64-mingw32/bin/../lib/gcc/nios2-elf/5.3.0/../../../../../H-x86_64-mingw32/nios2-elf/lib/mno-hw-mul\libsmallc.a(lib_a-strlen.o)
 .data          0x0000000000008704        0x0 c:/intelfpga_lite/18.1/nios2eds/bin/gnu/h-x86_64-mingw32/bin/../lib/gcc/nios2-elf/5.3.0/../../../../../H-x86_64-mingw32/nios2-elf/lib/mno-hw-mul\libsmallc.a(lib_a-fvwrite_small_dev.o)
 .data          0x0000000000008704        0x0 c:/intelfpga_lite/18.1/nios2eds/bin/gnu/h-x86_64-mingw32/bin/../lib/gcc/nios2-elf/5.3.0/../../../../../H-x86_64-mingw32/nios2-elf/lib/mno-hw-mul\libsmallc.a(lib_a-impure.o)
 .data.impure_data
                0x0000000000008704       0xe0 c:/intelfpga_lite/18.1/nios2eds/bin/gnu/h-x86_64-mingw32/bin/../lib/gcc/nios2-elf/5.3.0/../../../../../H-x86_64-mingw32/nios2-elf/lib/mno-hw-mul\libsmallc.a(lib_a-impure.o)
 .data          0x00000000000087e4        0x0 c:/intelfpga_lite/18.1/nios2eds/bin/gnu/h-x86_64-mingw32/bin/../lib/gcc/nios2-elf/5.3.0/../../../../../H-x86_64-mingw32/nios2-elf/lib/mno-hw-mul\libsmallc.a(lib_a-writer.o)
 .data          0x00000000000087e4        0x0 c:/intelfpga_lite/18.1/nios2eds/bin/gnu/h-x86_64-mingw32/bin/../lib/gcc/nios2-elf/5.3.0/../../../../../H-x86_64-mingw32/nios2-elf/lib/mno-hw-mul\libsmallc.a(lib_a-int_errno.o)
 .data          0x00000000000087e4        0x0 ../avalon_test_bsp/\libhal_bsp.a(alt_load.o)
 .data          0x00000000000087e4        0x0 ../avalon_test_bsp/\libhal_bsp.a(alt_main.o)
 .data          0x00000000000087e4        0x0 ../avalon_test_bsp/\libhal_bsp.a(alt_usleep.o)
 .data          0x00000000000087e4        0x0 ../avalon_test_bsp/\libhal_bsp.a(alt_write.o)
 .data          0x00000000000087e4        0x0 ../avalon_test_bsp/\libhal_bsp.a(alt_sys_init.o)
 .data          0x00000000000087e4        0x0 ../avalon_test_bsp/\libhal_bsp.a(altera_avalon_jtag_uart_write.o)
 .data          0x00000000000087e4        0x0 ../avalon_test_bsp/\libhal_bsp.a(alt_busy_sleep.o)
 .data          0x00000000000087e4        0x0 ../avalon_test_bsp/\libhal_bsp.a(alt_dcache_flush_all.o)
 .data          0x00000000000087e4        0x0 ../avalon_test_bsp/\libhal_bsp.a(alt_errno.o)
 .data          0x00000000000087e4        0x0 ../avalon_test_bsp/\libhal_bsp.a(alt_icache_flush_all.o)
 .data          0x00000000000087e4        0x0 ../avalon_test_bsp/\libhal_bsp.a(altera_nios2_gen2_irq.o)
 .data          0x00000000000087e4        0x0 c:/intelfpga_lite/18.1/nios2eds/bin/gnu/h-x86_64-mingw32/bin/../lib/gcc/nios2-elf/5.3.0/mno-hw-mul\libgcc.a(lib2-divmod.o)
 .data          0x00000000000087e4        0x0 c:/intelfpga_lite/18.1/nios2eds/bin/gnu/h-x86_64-mingw32/bin/../lib/gcc/nios2-elf/5.3.0/mno-hw-mul\libgcc.a(lib2-mul.o)
                0x00000000000107e4                _gp = ABSOLUTE ((. + 0x8000))
                [!provide]                        PROVIDE (gp, _gp)
 *(.rwdata .rwdata.*)
 *(.sdata .sdata.* .gnu.linkonce.s.*)
 .sdata._global_impure_ptr
                0x00000000000087e4        0x4 c:/intelfpga_lite/18.1/nios2eds/bin/gnu/h-x86_64-mingw32/bin/../lib/gcc/nios2-elf/5.3.0/../../../../../H-x86_64-mingw32/nios2-elf/lib/mno-hw-mul\libsmallc.a(lib_a-impure.o)
                0x00000000000087e4                _global_impure_ptr
 .sdata._impure_ptr
                0x00000000000087e8        0x4 c:/intelfpga_lite/18.1/nios2eds/bin/gnu/h-x86_64-mingw32/bin/../lib/gcc/nios2-elf/5.3.0/../../../../../H-x86_64-mingw32/nios2-elf/lib/mno-hw-mul\libsmallc.a(lib_a-impure.o)
                0x00000000000087e8                _impure_ptr
 .sdata         0x00000000000087ec        0x4 ../avalon_test_bsp/\libhal_bsp.a(alt_sys_init.o)
                0x00000000000087ec                jtag_uart_0
 .sdata         0x00000000000087f0        0x4 ../avalon_test_bsp/\libhal_bsp.a(alt_errno.o)
                0x00000000000087f0                alt_errno
 *(.sdata2 .sdata2.* .gnu.linkonce.s2.*)
                0x00000000000087f4                . = ALIGN (0x4)
                0x00000000000087f4                _edata = ABSOLUTE (.)
                [!provide]                        PROVIDE (edata, ABSOLUTE (.))
                0x00000000000087f4                PROVIDE (__ram_rwdata_end, ABSOLUTE (.))
                0x00000000000087f4                PROVIDE (__flash_rwdata_start, LOADADDR (.rwdata))

.bss            0x00000000000088e4       0x10
                0x00000000000088e4                __bss_start = ABSOLUTE (.)
                [!provide]                        PROVIDE (__sbss_start, ABSOLUTE (.))
                [!provide]                        PROVIDE (___sbss_start, ABSOLUTE (.))
 *(.dynsbss)
 *(.sbss .sbss.* .gnu.linkonce.sb.*)
 .sbss          0x00000000000088e4        0x4 c:/intelfpga_lite/18.1/nios2eds/bin/gnu/h-x86_64-mingw32/bin/../lib/gcc/nios2-elf/5.3.0/../../../../../H-x86_64-mingw32/nios2-elf/lib/mno-hw-mul\libsmallc.a(lib_a-int_errno.o)
                0x00000000000088e4                errno
 .sbss          0x00000000000088e8        0xc ../avalon_test_bsp/\libhal_bsp.a(alt_main.o)
                0x00000000000088e8                alt_envp
                0x00000000000088ec                alt_argv
                0x00000000000088f0                alt_argc
 *(.sbss2 .sbss2.* .gnu.linkonce.sb2.*)
 *(.scommon)
                [!provide]                        PROVIDE (__sbss_end, ABSOLUTE (.))
                [!provide]                        PROVIDE (___sbss_end, ABSOLUTE (.))
 *(.dynbss)
 *(.bss .bss.* .gnu.linkonce.b.*)
 .bss           0x00000000000088f4        0x0 ../avalon_test_bsp//obj/HAL/src/crt0.o
 .bss           0x00000000000088f4        0x0 obj/default/hello_world_small.o
 .bss           0x00000000000088f4        0x0 c:/intelfpga_lite/18.1/nios2eds/bin/gnu/h-x86_64-mingw32/bin/../lib/gcc/nios2-elf/5.3.0/../../../../../H-x86_64-mingw32/nios2-elf/lib/mno-hw-mul\libsmallc.a(lib_a-puts.o)
 .bss           0x00000000000088f4        0x0 c:/intelfpga_lite/18.1/nios2eds/bin/gnu/h-x86_64-mingw32/bin/../lib/gcc/nios2-elf/5.3.0/../../../../../H-x86_64-mingw32/nios2-elf/lib/mno-hw-mul\libsmallc.a(lib_a-strlen.o)
 .bss           0x00000000000088f4        0x0 c:/intelfpga_lite/18.1/nios2eds/bin/gnu/h-x86_64-mingw32/bin/../lib/gcc/nios2-elf/5.3.0/../../../../../H-x86_64-mingw32/nios2-elf/lib/mno-hw-mul\libsmallc.a(lib_a-fvwrite_small_dev.o)
 .bss           0x00000000000088f4        0x0 c:/intelfpga_lite/18.1/nios2eds/bin/gnu/h-x86_64-mingw32/bin/../lib/gcc/nios2-elf/5.3.0/../../../../../H-x86_64-mingw32/nios2-elf/lib/mno-hw-mul\libsmallc.a(lib_a-impure.o)
 .bss           0x00000000000088f4        0x0 c:/intelfpga_lite/18.1/nios2eds/bin/gnu/h-x86_64-mingw32/bin/../lib/gcc/nios2-elf/5.3.0/../../../../../H-x86_64-mingw32/nios2-elf/lib/mno-hw-mul\libsmallc.a(lib_a-writer.o)
 .bss           0x00000000000088f4        0x0 c:/intelfpga_lite/18.1/nios2eds/bin/gnu/h-x86_64-mingw32/bin/../lib/gcc/nios2-elf/5.3.0/../../../../../H-x86_64-mingw32/nios2-elf/lib/mno-hw-mul\libsmallc.a(lib_a-int_errno.o)
 .bss           0x00000000000088f4        0x0 ../avalon_test_bsp/\libhal_bsp.a(alt_load.o)
 .bss           0x00000000000088f4        0x0 ../avalon_test_bsp/\libhal_bsp.a(alt_main.o)
 .bss           0x00000000000088f4        0x0 ../avalon_test_bsp/\libhal_bsp.a(alt_usleep.o)
 .bss           0x00000000000088f4        0x0 ../avalon_test_bsp/\libhal_bsp.a(alt_write.o)
 .bss           0x00000000000088f4        0x0 ../avalon_test_bsp/\libhal_bsp.a(alt_sys_init.o)
 .bss           0x00000000000088f4        0x0 ../avalon_test_bsp/\libhal_bsp.a(altera_avalon_jtag_uart_write.o)
 .bss           0x00000000000088f4        0x0 ../avalon_test_bsp/\libhal_bsp.a(alt_busy_sleep.o)
 .bss           0x00000000000088f4        0x0 ../avalon_test_bsp/\libhal_bsp.a(alt_dcache_flush_all.o)
 .bss           0x00000000000088f4        0x0 ../avalon_test_bsp/\libhal_bsp.a(alt_errno.o)
 .bss           0x00000000000088f4        0x0 ../avalon_test_bsp/\libhal_bsp.a(alt_icache_flush_all.o)
 .bss           0x00000000000088f4        0x0 ../avalon_test_bsp/\libhal_bsp.a(altera_nios2_gen2_irq.o)
 .bss           0x00000000000088f4        0x0 c:/intelfpga_lite/18.1/nios2eds/bin/gnu/h-x86_64-mingw32/bin/../lib/gcc/nios2-elf/5.3.0/mno-hw-mul\libgcc.a(lib2-divmod.o)
 .bss           0x00000000000088f4        0x0 c:/intelfpga_lite/18.1/nios2eds/bin/gnu/h-x86_64-mingw32/bin/../lib/gcc/nios2-elf/5.3.0/mno-hw-mul\libgcc.a(lib2-mul.o)
 *(COMMON)
                0x00000000000088f4                . = ALIGN (0x4)
                0x00000000000088f4                __bss_end = ABSOLUTE (.)

.onchip_memory2_0
                0x00000000000088f4        0x0
                [!provide]                        PROVIDE (_alt_partition_onchip_memory2_0_start, ABSOLUTE (.))
 *(.onchip_memory2_0 .onchip_memory2_0. onchip_memory2_0.*)
                0x00000000000088f4                . = ALIGN (0x4)
                [!provide]                        PROVIDE (_alt_partition_onchip_memory2_0_end, ABSOLUTE (.))
                0x00000000000088f4                _end = ABSOLUTE (.)
                0x00000000000088f4                end = ABSOLUTE (.)
                0x00000000000088f4                __alt_stack_base = ABSOLUTE (.)
                [!provide]                        PROVIDE (_alt_partition_onchip_memory2_0_load_addr, LOADADDR (.onchip_memory2_0))

.stab
 *(.stab)

.stabstr
 *(.stabstr)

.stab.excl
 *(.stab.excl)

.stab.exclstr
 *(.stab.exclstr)

.stab.index
 *(.stab.index)

.stab.indexstr
 *(.stab.indexstr)

.comment        0x0000000000000000       0x23
 *(.comment)
 .comment       0x0000000000000000       0x23 obj/default/hello_world_small.o
                                         0x24 (size before relaxing)
 .comment       0x0000000000000023       0x24 c:/intelfpga_lite/18.1/nios2eds/bin/gnu/h-x86_64-mingw32/bin/../lib/gcc/nios2-elf/5.3.0/../../../../../H-x86_64-mingw32/nios2-elf/lib/mno-hw-mul\libsmallc.a(lib_a-puts.o)
 .comment       0x0000000000000023       0x24 c:/intelfpga_lite/18.1/nios2eds/bin/gnu/h-x86_64-mingw32/bin/../lib/gcc/nios2-elf/5.3.0/../../../../../H-x86_64-mingw32/nios2-elf/lib/mno-hw-mul\libsmallc.a(lib_a-strlen.o)
 .comment       0x0000000000000023       0x24 c:/intelfpga_lite/18.1/nios2eds/bin/gnu/h-x86_64-mingw32/bin/../lib/gcc/nios2-elf/5.3.0/../../../../../H-x86_64-mingw32/nios2-elf/lib/mno-hw-mul\libsmallc.a(lib_a-fvwrite_small_dev.o)
 .comment       0x0000000000000023       0x24 c:/intelfpga_lite/18.1/nios2eds/bin/gnu/h-x86_64-mingw32/bin/../lib/gcc/nios2-elf/5.3.0/../../../../../H-x86_64-mingw32/nios2-elf/lib/mno-hw-mul\libsmallc.a(lib_a-impure.o)
 .comment       0x0000000000000023       0x24 c:/intelfpga_lite/18.1/nios2eds/bin/gnu/h-x86_64-mingw32/bin/../lib/gcc/nios2-elf/5.3.0/../../../../../H-x86_64-mingw32/nios2-elf/lib/mno-hw-mul\libsmallc.a(lib_a-writer.o)
 .comment       0x0000000000000023       0x24 c:/intelfpga_lite/18.1/nios2eds/bin/gnu/h-x86_64-mingw32/bin/../lib/gcc/nios2-elf/5.3.0/../../../../../H-x86_64-mingw32/nios2-elf/lib/mno-hw-mul\libsmallc.a(lib_a-int_errno.o)
 .comment       0x0000000000000023       0x24 ../avalon_test_bsp/\libhal_bsp.a(alt_load.o)
 .comment       0x0000000000000023       0x24 ../avalon_test_bsp/\libhal_bsp.a(alt_main.o)
 .comment       0x0000000000000023       0x24 ../avalon_test_bsp/\libhal_bsp.a(alt_usleep.o)
 .comment       0x0000000000000023       0x24 ../avalon_test_bsp/\libhal_bsp.a(alt_write.o)
 .comment       0x0000000000000023       0x24 ../avalon_test_bsp/\libhal_bsp.a(alt_sys_init.o)
 .comment       0x0000000000000023       0x24 ../avalon_test_bsp/\libhal_bsp.a(altera_avalon_jtag_uart_write.o)
 .comment       0x0000000000000023       0x24 ../avalon_test_bsp/\libhal_bsp.a(alt_busy_sleep.o)
 .comment       0x0000000000000023       0x24 ../avalon_test_bsp/\libhal_bsp.a(alt_dcache_flush_all.o)
 .comment       0x0000000000000023       0x24 ../avalon_test_bsp/\libhal_bsp.a(alt_errno.o)
 .comment       0x0000000000000023       0x24 ../avalon_test_bsp/\libhal_bsp.a(alt_icache_flush_all.o)
 .comment       0x0000000000000023       0x24 ../avalon_test_bsp/\libhal_bsp.a(altera_nios2_gen2_irq.o)
 .comment       0x0000000000000023       0x24 c:/intelfpga_lite/18.1/nios2eds/bin/gnu/h-x86_64-mingw32/bin/../lib/gcc/nios2-elf/5.3.0/mno-hw-mul\libgcc.a(lib2-divmod.o)
 .comment       0x0000000000000023       0x24 c:/intelfpga_lite/18.1/nios2eds/bin/gnu/h-x86_64-mingw32/bin/../lib/gcc/nios2-elf/5.3.0/mno-hw-mul\libgcc.a(lib2-mul.o)

.debug
 *(.debug)

.line
 *(.line)

.debug_srcinfo
 *(.debug_srcinfo)

.debug_sfnames
 *(.debug_sfnames)

.debug_aranges  0x0000000000000000      0x2a0
 *(.debug_aranges)
 .debug_aranges
                0x0000000000000000       0x28 ../avalon_test_bsp//obj/HAL/src/crt0.o
 .debug_aranges
                0x0000000000000028       0x28 obj/default/hello_world_small.o
 .debug_aranges
                0x0000000000000050       0x28 c:/intelfpga_lite/18.1/nios2eds/bin/gnu/h-x86_64-mingw32/bin/../lib/gcc/nios2-elf/5.3.0/../../../../../H-x86_64-mingw32/nios2-elf/lib/mno-hw-mul\libsmallc.a(lib_a-puts.o)
 .debug_aranges
                0x0000000000000078       0x20 c:/intelfpga_lite/18.1/nios2eds/bin/gnu/h-x86_64-mingw32/bin/../lib/gcc/nios2-elf/5.3.0/../../../../../H-x86_64-mingw32/nios2-elf/lib/mno-hw-mul\libsmallc.a(lib_a-strlen.o)
 .debug_aranges
                0x0000000000000098       0x20 c:/intelfpga_lite/18.1/nios2eds/bin/gnu/h-x86_64-mingw32/bin/../lib/gcc/nios2-elf/5.3.0/../../../../../H-x86_64-mingw32/nios2-elf/lib/mno-hw-mul\libsmallc.a(lib_a-fvwrite_small_dev.o)
 .debug_aranges
                0x00000000000000b8       0x18 c:/intelfpga_lite/18.1/nios2eds/bin/gnu/h-x86_64-mingw32/bin/../lib/gcc/nios2-elf/5.3.0/../../../../../H-x86_64-mingw32/nios2-elf/lib/mno-hw-mul\libsmallc.a(lib_a-impure.o)
 .debug_aranges
                0x00000000000000d0       0x20 c:/intelfpga_lite/18.1/nios2eds/bin/gnu/h-x86_64-mingw32/bin/../lib/gcc/nios2-elf/5.3.0/../../../../../H-x86_64-mingw32/nios2-elf/lib/mno-hw-mul\libsmallc.a(lib_a-writer.o)
 .debug_aranges
                0x00000000000000f0       0x18 c:/intelfpga_lite/18.1/nios2eds/bin/gnu/h-x86_64-mingw32/bin/../lib/gcc/nios2-elf/5.3.0/../../../../../H-x86_64-mingw32/nios2-elf/lib/mno-hw-mul\libsmallc.a(lib_a-int_errno.o)
 .debug_aranges
                0x0000000000000108       0x20 ../avalon_test_bsp/\libhal_bsp.a(alt_load.o)
 .debug_aranges
                0x0000000000000128       0x20 ../avalon_test_bsp/\libhal_bsp.a(alt_main.o)
 .debug_aranges
                0x0000000000000148       0x20 ../avalon_test_bsp/\libhal_bsp.a(alt_usleep.o)
 .debug_aranges
                0x0000000000000168       0x20 ../avalon_test_bsp/\libhal_bsp.a(alt_write.o)
 .debug_aranges
                0x0000000000000188       0x20 ../avalon_test_bsp/\libhal_bsp.a(alt_sys_init.o)
 .debug_aranges
                0x00000000000001a8       0x20 ../avalon_test_bsp/\libhal_bsp.a(altera_avalon_jtag_uart_write.o)
 .debug_aranges
                0x00000000000001c8       0x20 ../avalon_test_bsp/\libhal_bsp.a(alt_busy_sleep.o)
 .debug_aranges
                0x00000000000001e8       0x20 ../avalon_test_bsp/\libhal_bsp.a(alt_dcache_flush_all.o)
 .debug_aranges
                0x0000000000000208       0x18 ../avalon_test_bsp/\libhal_bsp.a(alt_errno.o)
 .debug_aranges
                0x0000000000000220       0x20 ../avalon_test_bsp/\libhal_bsp.a(alt_icache_flush_all.o)
 .debug_aranges
                0x0000000000000240       0x20 ../avalon_test_bsp/\libhal_bsp.a(altera_nios2_gen2_irq.o)
 .debug_aranges
                0x0000000000000260       0x20 c:/intelfpga_lite/18.1/nios2eds/bin/gnu/h-x86_64-mingw32/bin/../lib/gcc/nios2-elf/5.3.0/mno-hw-mul\libgcc.a(lib2-divmod.o)
 .debug_aranges
                0x0000000000000280       0x20 c:/intelfpga_lite/18.1/nios2eds/bin/gnu/h-x86_64-mingw32/bin/../lib/gcc/nios2-elf/5.3.0/mno-hw-mul\libgcc.a(lib2-mul.o)

.debug_pubnames
 *(.debug_pubnames)

.debug_info     0x0000000000000000     0x2b49
 *(.debug_info .gnu.linkonce.wi.*)
 .debug_info    0x0000000000000000       0x80 ../avalon_test_bsp//obj/HAL/src/crt0.o
 .debug_info    0x0000000000000080      0x171 obj/default/hello_world_small.o
 .debug_info    0x00000000000001f1      0x66d c:/intelfpga_lite/18.1/nios2eds/bin/gnu/h-x86_64-mingw32/bin/../lib/gcc/nios2-elf/5.3.0/../../../../../H-x86_64-mingw32/nios2-elf/lib/mno-hw-mul\libsmallc.a(lib_a-puts.o)
 .debug_info    0x000000000000085e       0xc9 c:/intelfpga_lite/18.1/nios2eds/bin/gnu/h-x86_64-mingw32/bin/../lib/gcc/nios2-elf/5.3.0/../../../../../H-x86_64-mingw32/nios2-elf/lib/mno-hw-mul\libsmallc.a(lib_a-strlen.o)
 .debug_info    0x0000000000000927      0x62b c:/intelfpga_lite/18.1/nios2eds/bin/gnu/h-x86_64-mingw32/bin/../lib/gcc/nios2-elf/5.3.0/../../../../../H-x86_64-mingw32/nios2-elf/lib/mno-hw-mul\libsmallc.a(lib_a-fvwrite_small_dev.o)
 .debug_info    0x0000000000000f52      0x5a9 c:/intelfpga_lite/18.1/nios2eds/bin/gnu/h-x86_64-mingw32/bin/../lib/gcc/nios2-elf/5.3.0/../../../../../H-x86_64-mingw32/nios2-elf/lib/mno-hw-mul\libsmallc.a(lib_a-impure.o)
 .debug_info    0x00000000000014fb      0x630 c:/intelfpga_lite/18.1/nios2eds/bin/gnu/h-x86_64-mingw32/bin/../lib/gcc/nios2-elf/5.3.0/../../../../../H-x86_64-mingw32/nios2-elf/lib/mno-hw-mul\libsmallc.a(lib_a-writer.o)
 .debug_info    0x0000000000001b2b       0x8a c:/intelfpga_lite/18.1/nios2eds/bin/gnu/h-x86_64-mingw32/bin/../lib/gcc/nios2-elf/5.3.0/../../../../../H-x86_64-mingw32/nios2-elf/lib/mno-hw-mul\libsmallc.a(lib_a-int_errno.o)
 .debug_info    0x0000000000001bb5      0x1c9 ../avalon_test_bsp/\libhal_bsp.a(alt_load.o)
 .debug_info    0x0000000000001d7e      0x169 ../avalon_test_bsp/\libhal_bsp.a(alt_main.o)
 .debug_info    0x0000000000001ee7       0xd1 ../avalon_test_bsp/\libhal_bsp.a(alt_usleep.o)
 .debug_info    0x0000000000001fb8      0x1c7 ../avalon_test_bsp/\libhal_bsp.a(alt_write.o)
 .debug_info    0x000000000000217f      0x185 ../avalon_test_bsp/\libhal_bsp.a(alt_sys_init.o)
 .debug_info    0x0000000000002304      0x197 ../avalon_test_bsp/\libhal_bsp.a(altera_avalon_jtag_uart_write.o)
 .debug_info    0x000000000000249b       0xd8 ../avalon_test_bsp/\libhal_bsp.a(alt_busy_sleep.o)
 .debug_info    0x0000000000002573       0x92 ../avalon_test_bsp/\libhal_bsp.a(alt_dcache_flush_all.o)
 .debug_info    0x0000000000002605       0xa6 ../avalon_test_bsp/\libhal_bsp.a(alt_errno.o)
 .debug_info    0x00000000000026ab       0x92 ../avalon_test_bsp/\libhal_bsp.a(alt_icache_flush_all.o)
 .debug_info    0x000000000000273d       0x92 ../avalon_test_bsp/\libhal_bsp.a(altera_nios2_gen2_irq.o)
 .debug_info    0x00000000000027cf      0x2c6 c:/intelfpga_lite/18.1/nios2eds/bin/gnu/h-x86_64-mingw32/bin/../lib/gcc/nios2-elf/5.3.0/mno-hw-mul\libgcc.a(lib2-divmod.o)
 .debug_info    0x0000000000002a95       0xb4 c:/intelfpga_lite/18.1/nios2eds/bin/gnu/h-x86_64-mingw32/bin/../lib/gcc/nios2-elf/5.3.0/mno-hw-mul\libgcc.a(lib2-mul.o)

.debug_abbrev   0x0000000000000000     0x10f1
 *(.debug_abbrev)
 .debug_abbrev  0x0000000000000000       0x12 ../avalon_test_bsp//obj/HAL/src/crt0.o
 .debug_abbrev  0x0000000000000012      0x120 obj/default/hello_world_small.o
 .debug_abbrev  0x0000000000000132      0x1d6 c:/intelfpga_lite/18.1/nios2eds/bin/gnu/h-x86_64-mingw32/bin/../lib/gcc/nios2-elf/5.3.0/../../../../../H-x86_64-mingw32/nios2-elf/lib/mno-hw-mul\libsmallc.a(lib_a-puts.o)
 .debug_abbrev  0x0000000000000308       0x7f c:/intelfpga_lite/18.1/nios2eds/bin/gnu/h-x86_64-mingw32/bin/../lib/gcc/nios2-elf/5.3.0/../../../../../H-x86_64-mingw32/nios2-elf/lib/mno-hw-mul\libsmallc.a(lib_a-strlen.o)
 .debug_abbrev  0x0000000000000387      0x1bc c:/intelfpga_lite/18.1/nios2eds/bin/gnu/h-x86_64-mingw32/bin/../lib/gcc/nios2-elf/5.3.0/../../../../../H-x86_64-mingw32/nios2-elf/lib/mno-hw-mul\libsmallc.a(lib_a-fvwrite_small_dev.o)
 .debug_abbrev  0x0000000000000543      0x14a c:/intelfpga_lite/18.1/nios2eds/bin/gnu/h-x86_64-mingw32/bin/../lib/gcc/nios2-elf/5.3.0/../../../../../H-x86_64-mingw32/nios2-elf/lib/mno-hw-mul\libsmallc.a(lib_a-impure.o)
 .debug_abbrev  0x000000000000068d      0x1a6 c:/intelfpga_lite/18.1/nios2eds/bin/gnu/h-x86_64-mingw32/bin/../lib/gcc/nios2-elf/5.3.0/../../../../../H-x86_64-mingw32/nios2-elf/lib/mno-hw-mul\libsmallc.a(lib_a-writer.o)
 .debug_abbrev  0x0000000000000833       0x37 c:/intelfpga_lite/18.1/nios2eds/bin/gnu/h-x86_64-mingw32/bin/../lib/gcc/nios2-elf/5.3.0/../../../../../H-x86_64-mingw32/nios2-elf/lib/mno-hw-mul\libsmallc.a(lib_a-int_errno.o)
 .debug_abbrev  0x000000000000086a       0xd8 ../avalon_test_bsp/\libhal_bsp.a(alt_load.o)
 .debug_abbrev  0x0000000000000942       0xee ../avalon_test_bsp/\libhal_bsp.a(alt_main.o)
 .debug_abbrev  0x0000000000000a30       0x8d ../avalon_test_bsp/\libhal_bsp.a(alt_usleep.o)
 .debug_abbrev  0x0000000000000abd      0x12e ../avalon_test_bsp/\libhal_bsp.a(alt_write.o)
 .debug_abbrev  0x0000000000000beb      0x107 ../avalon_test_bsp/\libhal_bsp.a(alt_sys_init.o)
 .debug_abbrev  0x0000000000000cf2       0xd5 ../avalon_test_bsp/\libhal_bsp.a(altera_avalon_jtag_uart_write.o)
 .debug_abbrev  0x0000000000000dc7       0x8d ../avalon_test_bsp/\libhal_bsp.a(alt_busy_sleep.o)
 .debug_abbrev  0x0000000000000e54       0x42 ../avalon_test_bsp/\libhal_bsp.a(alt_dcache_flush_all.o)
 .debug_abbrev  0x0000000000000e96       0x5a ../avalon_test_bsp/\libhal_bsp.a(alt_errno.o)
 .debug_abbrev  0x0000000000000ef0       0x42 ../avalon_test_bsp/\libhal_bsp.a(alt_icache_flush_all.o)
 .debug_abbrev  0x0000000000000f32       0x42 ../avalon_test_bsp/\libhal_bsp.a(altera_nios2_gen2_irq.o)
 .debug_abbrev  0x0000000000000f74      0x10e c:/intelfpga_lite/18.1/nios2eds/bin/gnu/h-x86_64-mingw32/bin/../lib/gcc/nios2-elf/5.3.0/mno-hw-mul\libgcc.a(lib2-divmod.o)
 .debug_abbrev  0x0000000000001082       0x6f c:/intelfpga_lite/18.1/nios2eds/bin/gnu/h-x86_64-mingw32/bin/../lib/gcc/nios2-elf/5.3.0/mno-hw-mul\libgcc.a(lib2-mul.o)

.debug_line     0x0000000000000000     0x1361
 *(.debug_line)
 .debug_line    0x0000000000000000       0x66 ../avalon_test_bsp//obj/HAL/src/crt0.o
 .debug_line    0x0000000000000066      0x105 obj/default/hello_world_small.o
 .debug_line    0x000000000000016b      0x206 c:/intelfpga_lite/18.1/nios2eds/bin/gnu/h-x86_64-mingw32/bin/../lib/gcc/nios2-elf/5.3.0/../../../../../H-x86_64-mingw32/nios2-elf/lib/mno-hw-mul\libsmallc.a(lib_a-puts.o)
 .debug_line    0x0000000000000371      0x15c c:/intelfpga_lite/18.1/nios2eds/bin/gnu/h-x86_64-mingw32/bin/../lib/gcc/nios2-elf/5.3.0/../../../../../H-x86_64-mingw32/nios2-elf/lib/mno-hw-mul\libsmallc.a(lib_a-strlen.o)
 .debug_line    0x00000000000004cd      0x1f0 c:/intelfpga_lite/18.1/nios2eds/bin/gnu/h-x86_64-mingw32/bin/../lib/gcc/nios2-elf/5.3.0/../../../../../H-x86_64-mingw32/nios2-elf/lib/mno-hw-mul\libsmallc.a(lib_a-fvwrite_small_dev.o)
 .debug_line    0x00000000000006bd      0x156 c:/intelfpga_lite/18.1/nios2eds/bin/gnu/h-x86_64-mingw32/bin/../lib/gcc/nios2-elf/5.3.0/../../../../../H-x86_64-mingw32/nios2-elf/lib/mno-hw-mul\libsmallc.a(lib_a-impure.o)
 .debug_line    0x0000000000000813      0x1ed c:/intelfpga_lite/18.1/nios2eds/bin/gnu/h-x86_64-mingw32/bin/../lib/gcc/nios2-elf/5.3.0/../../../../../H-x86_64-mingw32/nios2-elf/lib/mno-hw-mul\libsmallc.a(lib_a-writer.o)
 .debug_line    0x0000000000000a00       0x5f c:/intelfpga_lite/18.1/nios2eds/bin/gnu/h-x86_64-mingw32/bin/../lib/gcc/nios2-elf/5.3.0/../../../../../H-x86_64-mingw32/nios2-elf/lib/mno-hw-mul\libsmallc.a(lib_a-int_errno.o)
 .debug_line    0x0000000000000a5f       0xa4 ../avalon_test_bsp/\libhal_bsp.a(alt_load.o)
 .debug_line    0x0000000000000b03       0xbd ../avalon_test_bsp/\libhal_bsp.a(alt_main.o)
 .debug_line    0x0000000000000bc0       0xcf ../avalon_test_bsp/\libhal_bsp.a(alt_usleep.o)
 .debug_line    0x0000000000000c8f      0x16a ../avalon_test_bsp/\libhal_bsp.a(alt_write.o)
 .debug_line    0x0000000000000df9      0x101 ../avalon_test_bsp/\libhal_bsp.a(alt_sys_init.o)
 .debug_line    0x0000000000000efa       0xf0 ../avalon_test_bsp/\libhal_bsp.a(altera_avalon_jtag_uart_write.o)
 .debug_line    0x0000000000000fea       0xb5 ../avalon_test_bsp/\libhal_bsp.a(alt_busy_sleep.o)
 .debug_line    0x000000000000109f       0x4e ../avalon_test_bsp/\libhal_bsp.a(alt_dcache_flush_all.o)
 .debug_line    0x00000000000010ed       0x51 ../avalon_test_bsp/\libhal_bsp.a(alt_errno.o)
 .debug_line    0x000000000000113e       0x4e ../avalon_test_bsp/\libhal_bsp.a(alt_icache_flush_all.o)
 .debug_line    0x000000000000118c       0x50 ../avalon_test_bsp/\libhal_bsp.a(altera_nios2_gen2_irq.o)
 .debug_line    0x00000000000011dc      0x105 c:/intelfpga_lite/18.1/nios2eds/bin/gnu/h-x86_64-mingw32/bin/../lib/gcc/nios2-elf/5.3.0/mno-hw-mul\libgcc.a(lib2-divmod.o)
 .debug_line    0x00000000000012e1       0x80 c:/intelfpga_lite/18.1/nios2eds/bin/gnu/h-x86_64-mingw32/bin/../lib/gcc/nios2-elf/5.3.0/mno-hw-mul\libgcc.a(lib2-mul.o)

.debug_frame    0x0000000000000000      0x354
 *(.debug_frame)
 .debug_frame   0x0000000000000000       0x58 obj/default/hello_world_small.o
 .debug_frame   0x0000000000000058       0x48 c:/intelfpga_lite/18.1/nios2eds/bin/gnu/h-x86_64-mingw32/bin/../lib/gcc/nios2-elf/5.3.0/../../../../../H-x86_64-mingw32/nios2-elf/lib/mno-hw-mul\libsmallc.a(lib_a-puts.o)
 .debug_frame   0x00000000000000a0       0x20 c:/intelfpga_lite/18.1/nios2eds/bin/gnu/h-x86_64-mingw32/bin/../lib/gcc/nios2-elf/5.3.0/../../../../../H-x86_64-mingw32/nios2-elf/lib/mno-hw-mul\libsmallc.a(lib_a-strlen.o)
 .debug_frame   0x00000000000000c0       0x58 c:/intelfpga_lite/18.1/nios2eds/bin/gnu/h-x86_64-mingw32/bin/../lib/gcc/nios2-elf/5.3.0/../../../../../H-x86_64-mingw32/nios2-elf/lib/mno-hw-mul\libsmallc.a(lib_a-fvwrite_small_dev.o)
 .debug_frame   0x0000000000000118       0x38 c:/intelfpga_lite/18.1/nios2eds/bin/gnu/h-x86_64-mingw32/bin/../lib/gcc/nios2-elf/5.3.0/../../../../../H-x86_64-mingw32/nios2-elf/lib/mno-hw-mul\libsmallc.a(lib_a-writer.o)
 .debug_frame   0x0000000000000150       0x30 ../avalon_test_bsp/\libhal_bsp.a(alt_load.o)
 .debug_frame   0x0000000000000180       0x2c ../avalon_test_bsp/\libhal_bsp.a(alt_main.o)
 .debug_frame   0x00000000000001ac       0x20 ../avalon_test_bsp/\libhal_bsp.a(alt_usleep.o)
 .debug_frame   0x00000000000001cc       0x2c ../avalon_test_bsp/\libhal_bsp.a(alt_write.o)
 .debug_frame   0x00000000000001f8       0x3c ../avalon_test_bsp/\libhal_bsp.a(alt_sys_init.o)
 .debug_frame   0x0000000000000234       0x20 ../avalon_test_bsp/\libhal_bsp.a(altera_avalon_jtag_uart_write.o)
 .debug_frame   0x0000000000000254       0x30 ../avalon_test_bsp/\libhal_bsp.a(alt_busy_sleep.o)
 .debug_frame   0x0000000000000284       0x20 ../avalon_test_bsp/\libhal_bsp.a(alt_dcache_flush_all.o)
 .debug_frame   0x00000000000002a4       0x20 ../avalon_test_bsp/\libhal_bsp.a(alt_icache_flush_all.o)
 .debug_frame   0x00000000000002c4       0x20 ../avalon_test_bsp/\libhal_bsp.a(altera_nios2_gen2_irq.o)
 .debug_frame   0x00000000000002e4       0x50 c:/intelfpga_lite/18.1/nios2eds/bin/gnu/h-x86_64-mingw32/bin/../lib/gcc/nios2-elf/5.3.0/mno-hw-mul\libgcc.a(lib2-divmod.o)
 .debug_frame   0x0000000000000334       0x20 c:/intelfpga_lite/18.1/nios2eds/bin/gnu/h-x86_64-mingw32/bin/../lib/gcc/nios2-elf/5.3.0/mno-hw-mul\libgcc.a(lib2-mul.o)

.debug_str      0x0000000000000000      0xdcb
 *(.debug_str)
 .debug_str     0x0000000000000000      0x172 obj/default/hello_world_small.o
                                        0x1b5 (size before relaxing)
 .debug_str     0x0000000000000172      0x3fd c:/intelfpga_lite/18.1/nios2eds/bin/gnu/h-x86_64-mingw32/bin/../lib/gcc/nios2-elf/5.3.0/../../../../../H-x86_64-mingw32/nios2-elf/lib/mno-hw-mul\libsmallc.a(lib_a-puts.o)
                                        0x4cd (size before relaxing)
 .debug_str     0x000000000000056f       0xd2 c:/intelfpga_lite/18.1/nios2eds/bin/gnu/h-x86_64-mingw32/bin/../lib/gcc/nios2-elf/5.3.0/../../../../../H-x86_64-mingw32/nios2-elf/lib/mno-hw-mul\libsmallc.a(lib_a-strlen.o)
                                        0x1e5 (size before relaxing)
 .debug_str     0x0000000000000641       0x63 c:/intelfpga_lite/18.1/nios2eds/bin/gnu/h-x86_64-mingw32/bin/../lib/gcc/nios2-elf/5.3.0/../../../../../H-x86_64-mingw32/nios2-elf/lib/mno-hw-mul\libsmallc.a(lib_a-fvwrite_small_dev.o)
                                        0x4d4 (size before relaxing)
 .debug_str     0x00000000000006a4       0xef c:/intelfpga_lite/18.1/nios2eds/bin/gnu/h-x86_64-mingw32/bin/../lib/gcc/nios2-elf/5.3.0/../../../../../H-x86_64-mingw32/nios2-elf/lib/mno-hw-mul\libsmallc.a(lib_a-impure.o)
                                        0x4be (size before relaxing)
 .debug_str     0x0000000000000793       0x45 c:/intelfpga_lite/18.1/nios2eds/bin/gnu/h-x86_64-mingw32/bin/../lib/gcc/nios2-elf/5.3.0/../../../../../H-x86_64-mingw32/nios2-elf/lib/mno-hw-mul\libsmallc.a(lib_a-writer.o)
                                        0x4b8 (size before relaxing)
 .debug_str     0x00000000000007d8       0x3f c:/intelfpga_lite/18.1/nios2eds/bin/gnu/h-x86_64-mingw32/bin/../lib/gcc/nios2-elf/5.3.0/../../../../../H-x86_64-mingw32/nios2-elf/lib/mno-hw-mul\libsmallc.a(lib_a-int_errno.o)
                                        0x1d8 (size before relaxing)
 .debug_str     0x0000000000000817      0x167 ../avalon_test_bsp/\libhal_bsp.a(alt_load.o)
                                        0x24e (size before relaxing)
 .debug_str     0x000000000000097e       0x8a ../avalon_test_bsp/\libhal_bsp.a(alt_main.o)
                                        0x1c7 (size before relaxing)
 .debug_str     0x0000000000000a08       0x2f ../avalon_test_bsp/\libhal_bsp.a(alt_usleep.o)
                                        0x169 (size before relaxing)
 .debug_str     0x0000000000000a37       0x76 ../avalon_test_bsp/\libhal_bsp.a(alt_write.o)
                                        0x1f2 (size before relaxing)
 .debug_str     0x0000000000000aad       0x86 ../avalon_test_bsp/\libhal_bsp.a(alt_sys_init.o)
                                        0x238 (size before relaxing)
 .debug_str     0x0000000000000b33       0x2c ../avalon_test_bsp/\libhal_bsp.a(altera_avalon_jtag_uart_write.o)
                                        0x227 (size before relaxing)
 .debug_str     0x0000000000000b5f       0x33 ../avalon_test_bsp/\libhal_bsp.a(alt_busy_sleep.o)
                                        0x17d (size before relaxing)
 .debug_str     0x0000000000000b92       0x1f ../avalon_test_bsp/\libhal_bsp.a(alt_dcache_flush_all.o)
                                        0x167 (size before relaxing)
 .debug_str     0x0000000000000bb1       0x14 ../avalon_test_bsp/\libhal_bsp.a(alt_errno.o)
                                        0x157 (size before relaxing)
 .debug_str     0x0000000000000bc5       0x1f ../avalon_test_bsp/\libhal_bsp.a(alt_icache_flush_all.o)
                                        0x167 (size before relaxing)
 .debug_str     0x0000000000000be4       0x20 ../avalon_test_bsp/\libhal_bsp.a(altera_nios2_gen2_irq.o)
                                        0x16e (size before relaxing)
 .debug_str     0x0000000000000c04      0x187 c:/intelfpga_lite/18.1/nios2eds/bin/gnu/h-x86_64-mingw32/bin/../lib/gcc/nios2-elf/5.3.0/mno-hw-mul\libgcc.a(lib2-divmod.o)
                                        0x1d2 (size before relaxing)
 .debug_str     0x0000000000000d8b       0x40 c:/intelfpga_lite/18.1/nios2eds/bin/gnu/h-x86_64-mingw32/bin/../lib/gcc/nios2-elf/5.3.0/mno-hw-mul\libgcc.a(lib2-mul.o)
                                        0x193 (size before relaxing)

.debug_loc      0x0000000000000000      0xa07
 *(.debug_loc)
 .debug_loc     0x0000000000000000       0x39 obj/default/hello_world_small.o
 .debug_loc     0x0000000000000039       0x97 c:/intelfpga_lite/18.1/nios2eds/bin/gnu/h-x86_64-mingw32/bin/../lib/gcc/nios2-elf/5.3.0/../../../../../H-x86_64-mingw32/nios2-elf/lib/mno-hw-mul\libsmallc.a(lib_a-puts.o)
 .debug_loc     0x00000000000000d0       0x1e c:/intelfpga_lite/18.1/nios2eds/bin/gnu/h-x86_64-mingw32/bin/../lib/gcc/nios2-elf/5.3.0/../../../../../H-x86_64-mingw32/nios2-elf/lib/mno-hw-mul\libsmallc.a(lib_a-strlen.o)
 .debug_loc     0x00000000000000ee      0x110 c:/intelfpga_lite/18.1/nios2eds/bin/gnu/h-x86_64-mingw32/bin/../lib/gcc/nios2-elf/5.3.0/../../../../../H-x86_64-mingw32/nios2-elf/lib/mno-hw-mul\libsmallc.a(lib_a-fvwrite_small_dev.o)
 .debug_loc     0x00000000000001fe       0xa5 c:/intelfpga_lite/18.1/nios2eds/bin/gnu/h-x86_64-mingw32/bin/../lib/gcc/nios2-elf/5.3.0/../../../../../H-x86_64-mingw32/nios2-elf/lib/mno-hw-mul\libsmallc.a(lib_a-writer.o)
 .debug_loc     0x00000000000002a3       0x21 ../avalon_test_bsp/\libhal_bsp.a(alt_usleep.o)
 .debug_loc     0x00000000000002c4       0xcf ../avalon_test_bsp/\libhal_bsp.a(alt_write.o)
 .debug_loc     0x0000000000000393       0x21 ../avalon_test_bsp/\libhal_bsp.a(alt_sys_init.o)
 .debug_loc     0x00000000000003b4       0x8b ../avalon_test_bsp/\libhal_bsp.a(altera_avalon_jtag_uart_write.o)
 .debug_loc     0x000000000000043f       0x67 ../avalon_test_bsp/\libhal_bsp.a(alt_busy_sleep.o)
 .debug_loc     0x00000000000004a6      0x4ce c:/intelfpga_lite/18.1/nios2eds/bin/gnu/h-x86_64-mingw32/bin/../lib/gcc/nios2-elf/5.3.0/mno-hw-mul\libgcc.a(lib2-divmod.o)
 .debug_loc     0x0000000000000974       0x93 c:/intelfpga_lite/18.1/nios2eds/bin/gnu/h-x86_64-mingw32/bin/../lib/gcc/nios2-elf/5.3.0/mno-hw-mul\libgcc.a(lib2-mul.o)

.debug_macinfo
 *(.debug_macinfo)

.debug_weaknames
 *(.debug_weaknames)

.debug_funcnames
 *(.debug_funcnames)

.debug_typenames
 *(.debug_typenames)

.debug_varnames
 *(.debug_varnames)

.debug_alt_sim_info
                0x0000000000000000       0x40
 *(.debug_alt_sim_info)
 .debug_alt_sim_info
                0x0000000000000000       0x10 ../avalon_test_bsp//obj/HAL/src/crt0.o
 .debug_alt_sim_info
                0x0000000000000010       0x30 ../avalon_test_bsp/\libhal_bsp.a(alt_busy_sleep.o)
                0x000000000000ce20                __alt_data_end = 0xce20
                0x000000000000ce20                PROVIDE (__alt_stack_pointer, __alt_data_end)
                [!provide]                        PROVIDE (__alt_stack_limit, __alt_stack_base)
                [!provide]                        PROVIDE (__alt_heap_start, end)
                [!provide]                        PROVIDE (__alt_heap_limit, 0xce20)
OUTPUT(avalon_test.elf elf32-littlenios2)

.debug_ranges   0x0000000000000000      0x160
 .debug_ranges  0x0000000000000000       0x20 ../avalon_test_bsp//obj/HAL/src/crt0.o
 .debug_ranges  0x0000000000000020       0x18 obj/default/hello_world_small.o
 .debug_ranges  0x0000000000000038       0x18 c:/intelfpga_lite/18.1/nios2eds/bin/gnu/h-x86_64-mingw32/bin/../lib/gcc/nios2-elf/5.3.0/../../../../../H-x86_64-mingw32/nios2-elf/lib/mno-hw-mul\libsmallc.a(lib_a-puts.o)
 .debug_ranges  0x0000000000000050       0x10 c:/intelfpga_lite/18.1/nios2eds/bin/gnu/h-x86_64-mingw32/bin/../lib/gcc/nios2-elf/5.3.0/../../../../../H-x86_64-mingw32/nios2-elf/lib/mno-hw-mul\libsmallc.a(lib_a-strlen.o)
 .debug_ranges  0x0000000000000060       0x28 c:/intelfpga_lite/18.1/nios2eds/bin/gnu/h-x86_64-mingw32/bin/../lib/gcc/nios2-elf/5.3.0/../../../../../H-x86_64-mingw32/nios2-elf/lib/mno-hw-mul\libsmallc.a(lib_a-fvwrite_small_dev.o)
 .debug_ranges  0x0000000000000088       0x10 c:/intelfpga_lite/18.1/nios2eds/bin/gnu/h-x86_64-mingw32/bin/../lib/gcc/nios2-elf/5.3.0/../../../../../H-x86_64-mingw32/nios2-elf/lib/mno-hw-mul\libsmallc.a(lib_a-writer.o)
 .debug_ranges  0x0000000000000098       0x48 ../avalon_test_bsp/\libhal_bsp.a(alt_load.o)
 .debug_ranges  0x00000000000000e0       0x20 ../avalon_test_bsp/\libhal_bsp.a(alt_write.o)
 .debug_ranges  0x0000000000000100       0x60 c:/intelfpga_lite/18.1/nios2eds/bin/gnu/h-x86_64-mingw32/bin/../lib/gcc/nios2-elf/5.3.0/mno-hw-mul\libgcc.a(lib2-divmod.o)
