Archive member included to satisfy reference by file (symbol)

c:/intelfpga_lite/18.0/nios2eds/bin/gnu/h-x86_64-mingw32/bin/../lib/gcc/nios2-elf/5.3.0/mno-hw-mul\libgcc.a(_fixunssfsi.o)
                              obj/default/avalon_cap.o (__fixunssfsi)
c:/intelfpga_lite/18.0/nios2eds/bin/gnu/h-x86_64-mingw32/bin/../lib/gcc/nios2-elf/5.3.0/mno-hw-mul\libgcc.a(gesf2.o)
                              c:/intelfpga_lite/18.0/nios2eds/bin/gnu/h-x86_64-mingw32/bin/../lib/gcc/nios2-elf/5.3.0/mno-hw-mul\libgcc.a(_fixunssfsi.o) (__gesf2)
c:/intelfpga_lite/18.0/nios2eds/bin/gnu/h-x86_64-mingw32/bin/../lib/gcc/nios2-elf/5.3.0/mno-hw-mul\libgcc.a(subsf3.o)
                              c:/intelfpga_lite/18.0/nios2eds/bin/gnu/h-x86_64-mingw32/bin/../lib/gcc/nios2-elf/5.3.0/mno-hw-mul\libgcc.a(_fixunssfsi.o) (__subsf3)
c:/intelfpga_lite/18.0/nios2eds/bin/gnu/h-x86_64-mingw32/bin/../lib/gcc/nios2-elf/5.3.0/mno-hw-mul\libgcc.a(fixsfsi.o)
                              c:/intelfpga_lite/18.0/nios2eds/bin/gnu/h-x86_64-mingw32/bin/../lib/gcc/nios2-elf/5.3.0/mno-hw-mul\libgcc.a(_fixunssfsi.o) (__fixsfsi)
c:/intelfpga_lite/18.0/nios2eds/bin/gnu/h-x86_64-mingw32/bin/../lib/gcc/nios2-elf/5.3.0/mno-hw-mul\libgcc.a(floatunsisf.o)
                              obj/default/avalon_cap.o (__floatunsisf)
c:/intelfpga_lite/18.0/nios2eds/bin/gnu/h-x86_64-mingw32/bin/../lib/gcc/nios2-elf/5.3.0/mno-hw-mul\libgcc.a(_clzsi2.o)
                              c:/intelfpga_lite/18.0/nios2eds/bin/gnu/h-x86_64-mingw32/bin/../lib/gcc/nios2-elf/5.3.0/mno-hw-mul\libgcc.a(subsf3.o) (__clzsi2)
c:/intelfpga_lite/18.0/nios2eds/bin/gnu/h-x86_64-mingw32/bin/../lib/gcc/nios2-elf/5.3.0/mno-hw-mul\libgcc.a(_clz.o)
                              c:/intelfpga_lite/18.0/nios2eds/bin/gnu/h-x86_64-mingw32/bin/../lib/gcc/nios2-elf/5.3.0/mno-hw-mul\libgcc.a(_clzsi2.o) (__clz_tab)
c:/intelfpga_lite/18.0/nios2eds/bin/gnu/h-x86_64-mingw32/bin/../lib/gcc/nios2-elf/5.3.0/../../../../../H-x86_64-mingw32/nios2-elf/lib/mno-hw-mul\libsmallc.a(lib_a-printf.o)
                              obj/default/avalon_cap.o (printf)
c:/intelfpga_lite/18.0/nios2eds/bin/gnu/h-x86_64-mingw32/bin/../lib/gcc/nios2-elf/5.3.0/../../../../../H-x86_64-mingw32/nios2-elf/lib/mno-hw-mul\libsmallc.a(lib_a-puts.o)
                              obj/default/avalon_cap.o (puts)
c:/intelfpga_lite/18.0/nios2eds/bin/gnu/h-x86_64-mingw32/bin/../lib/gcc/nios2-elf/5.3.0/../../../../../H-x86_64-mingw32/nios2-elf/lib/mno-hw-mul\libsmallc.a(lib_a-strlen.o)
                              c:/intelfpga_lite/18.0/nios2eds/bin/gnu/h-x86_64-mingw32/bin/../lib/gcc/nios2-elf/5.3.0/../../../../../H-x86_64-mingw32/nios2-elf/lib/mno-hw-mul\libsmallc.a(lib_a-puts.o) (strlen)
c:/intelfpga_lite/18.0/nios2eds/bin/gnu/h-x86_64-mingw32/bin/../lib/gcc/nios2-elf/5.3.0/../../../../../H-x86_64-mingw32/nios2-elf/lib/mno-hw-mul\libsmallc.a(lib_a-vfprintf.o)
                              c:/intelfpga_lite/18.0/nios2eds/bin/gnu/h-x86_64-mingw32/bin/../lib/gcc/nios2-elf/5.3.0/../../../../../H-x86_64-mingw32/nios2-elf/lib/mno-hw-mul\libsmallc.a(lib_a-printf.o) (___vfprintf_internal_r)
c:/intelfpga_lite/18.0/nios2eds/bin/gnu/h-x86_64-mingw32/bin/../lib/gcc/nios2-elf/5.3.0/../../../../../H-x86_64-mingw32/nios2-elf/lib/mno-hw-mul\libsmallc.a(lib_a-fvwrite_small_dev.o)
                              c:/intelfpga_lite/18.0/nios2eds/bin/gnu/h-x86_64-mingw32/bin/../lib/gcc/nios2-elf/5.3.0/../../../../../H-x86_64-mingw32/nios2-elf/lib/mno-hw-mul\libsmallc.a(lib_a-printf.o) (__sfvwrite_small_dev)
c:/intelfpga_lite/18.0/nios2eds/bin/gnu/h-x86_64-mingw32/bin/../lib/gcc/nios2-elf/5.3.0/../../../../../H-x86_64-mingw32/nios2-elf/lib/mno-hw-mul\libsmallc.a(lib_a-impure.o)
                              c:/intelfpga_lite/18.0/nios2eds/bin/gnu/h-x86_64-mingw32/bin/../lib/gcc/nios2-elf/5.3.0/../../../../../H-x86_64-mingw32/nios2-elf/lib/mno-hw-mul\libsmallc.a(lib_a-printf.o) (_impure_ptr)
c:/intelfpga_lite/18.0/nios2eds/bin/gnu/h-x86_64-mingw32/bin/../lib/gcc/nios2-elf/5.3.0/../../../../../H-x86_64-mingw32/nios2-elf/lib/mno-hw-mul\libsmallc.a(lib_a-writer.o)
                              c:/intelfpga_lite/18.0/nios2eds/bin/gnu/h-x86_64-mingw32/bin/../lib/gcc/nios2-elf/5.3.0/../../../../../H-x86_64-mingw32/nios2-elf/lib/mno-hw-mul\libsmallc.a(lib_a-fvwrite_small_dev.o) (_write_r)
c:/intelfpga_lite/18.0/nios2eds/bin/gnu/h-x86_64-mingw32/bin/../lib/gcc/nios2-elf/5.3.0/../../../../../H-x86_64-mingw32/nios2-elf/lib/mno-hw-mul\libsmallc.a(lib_a-int_errno.o)
                              c:/intelfpga_lite/18.0/nios2eds/bin/gnu/h-x86_64-mingw32/bin/../lib/gcc/nios2-elf/5.3.0/../../../../../H-x86_64-mingw32/nios2-elf/lib/mno-hw-mul\libsmallc.a(lib_a-writer.o) (errno)
c:/intelfpga_lite/18.0/nios2eds/bin/gnu/h-x86_64-mingw32/bin/../lib/gcc/nios2-elf/5.3.0/mno-hw-mul\libgcc.a(lib2-divmod.o)
[...]
Memory Configuration

Name             Origin             Length             Attributes
reset            0x0000000000008000 0x0000000000000020
onchip_memory2_0 0x0000000000008020 0x0000000000004e00
*default*        0x0000000000000000 0xffffffffffffffff

Linker script and memory map

LOAD ../avalon_cap_bsp//obj/HAL/src/crt0.o
LOAD obj/default/avalon_cap.o
LOAD c:/intelfpga_lite/18.0/nios2eds/bin/gnu/h-x86_64-mingw32/bin/../lib/gcc/nios2-elf/5.3.0/../../../../../H-x86_64-mingw32/nios2-elf/lib/mno-hw-mul\libstdc++.a
LOAD c:/intelfpga_lite/18.0/nios2eds/bin/gnu/h-x86_64-mingw32/bin/../lib/gcc/nios2-elf/5.3.0/../../../../../H-x86_64-mingw32/nios2-elf/lib/mno-hw-mul\libm.a
LOAD c:/intelfpga_lite/18.0/nios2eds/bin/gnu/h-x86_64-mingw32/bin/../lib/gcc/nios2-elf/5.3.0/mno-hw-mul\libgcc.a
START GROUP
LOAD c:/intelfpga_lite/18.0/nios2eds/bin/gnu/h-x86_64-mingw32/bin/../lib/gcc/nios2-elf/5.3.0/../../../../../H-x86_64-mingw32/nios2-elf/lib/mno-hw-mul\libsmallc.a
LOAD c:/intelfpga_lite/18.0/nios2eds/bin/gnu/h-x86_64-mingw32/bin/../lib/gcc/nios2-elf/5.3.0/mno-hw-mul\libgcc.a
LOAD ../avalon_cap_bsp/\libhal_bsp.a
LOAD c:/intelfpga_lite/18.0/nios2eds/bin/gnu/h-x86_64-mingw32/bin/../lib/gcc/nios2-elf/5.3.0/../../../../../H-x86_64-mingw32/nios2-elf/lib/mno-hw-mul\libm.a
END GROUP
LOAD c:/intelfpga_lite/18.0/nios2eds/bin/gnu/h-x86_64-mingw32/bin/../lib/gcc/nios2-elf/5.3.0/mno-hw-mul\libgcc.a
                0x0000000000008000                __alt_mem_onchip_memory2_0 = 0x8000

.entry          0x0000000000008000       0x20
 *(.entry)
 .entry         0x0000000000008000       0x20 ../avalon_cap_bsp//obj/HAL/src/crt0.o
                0x0000000000008000                __reset

.exceptions     0x0000000000008020        0x0
                0x0000000000008020                PROVIDE (__ram_exceptions_start, ABSOLUTE (.))
                0x0000000000008020                . = ALIGN (0x20)
 *(.irq)
 *(.exceptions.entry.label)
 *(.exceptions.entry.user)
 *(.exceptions.entry.ecc_fatal)
 *(.exceptions.entry)
 *(.exceptions.irqtest.user)
 *(.exceptions.irqtest)
 *(.exceptions.irqhandler.user)
 *(.exceptions.irqhandler)
 *(.exceptions.irqreturn.user)
 *(.exceptions.irqreturn)
 *(.exceptions.notirq.label)
 *(.exceptions.notirq.user)
 *(.exceptions.notirq)
 *(.exceptions.soft.user)
 *(.exceptions.soft)
 *(.exceptions.unknown.user)
 *(.exceptions.unknown)
 *(.exceptions.exit.label)
 *(.exceptions.exit.user)
 *(.exceptions.exit)
 *(.exceptions)
                0x0000000000008020                PROVIDE (__ram_exceptions_end, ABSOLUTE (.))
                0x0000000000008020                PROVIDE (__flash_exceptions_start, LOADADDR (.exceptions))

.text           0x0000000000008020     0x2534
                [!provide]                        PROVIDE (stext, ABSOLUTE (.))
 *(.interp)
 *(.hash)
 *(.dynsym)
 *(.dynstr)
 *(.gnu.version)
 *(.gnu.version_d)
 *(.gnu.version_r)
 *(.rel.init)
 *(.rela.init)
 *(.rel.text .rel.text.* .rel.gnu.linkonce.t.*)
 *(.rela.text .rela.text.* .rela.gnu.linkonce.t.*)
 *(.rel.fini)
 *(.rela.fini)
 *(.rel.rodata .rel.rodata.* .rel.gnu.linkonce.r.*)
 *(.rela.rodata .rela.rodata.* .rela.gnu.linkonce.r.*)
 *(.rel.data .rel.data.* .rel.gnu.linkonce.d.*)
 *(.rela.data .rela.data.* .rela.gnu.linkonce.d.*)
 *(.rel.tdata .rel.tdata.* .rel.gnu.linkonce.td.*)
 *(.rela.tdata .rela.tdata.* .rela.gnu.linkonce.td.*)
 *(.rel.tbss .rel.tbss.* .rel.gnu.linkonce.tb.*)
 *(.rela.tbss .rela.tbss.* .rela.gnu.linkonce.tb.*)
 *(.rel.ctors)
 *(.rela.ctors)
 *(.rel.dtors)
 *(.rela.dtors)
 *(.rel.got)
 *(.rela.got)
 *(.rel.sdata .rel.sdata.* .rel.gnu.linkonce.s.*)
 *(.rela.sdata .rela.sdata.* .rela.gnu.linkonce.s.*)
 *(.rel.sbss .rel.sbss.* .rel.gnu.linkonce.sb.*)
 *(.rela.sbss .rela.sbss.* .rela.gnu.linkonce.sb.*)
 *(.rel.sdata2 .rel.sdata2.* .rel.gnu.linkonce.s2.*)
 *(.rela.sdata2 .rela.sdata2.* .rela.gnu.linkonce.s2.*)
 *(.rel.sbss2 .rel.sbss2.* .rel.gnu.linkonce.sb2.*)
 *(.rela.sbss2 .rela.sbss2.* .rela.gnu.linkonce.sb2.*)
 *(.rel.bss .rel.bss.* .rel.gnu.linkonce.b.*)
 *(.rela.bss .rela.bss.* .rela.gnu.linkonce.b.*)
 *(.rel.plt)
 *(.rela.plt)
 *(.rel.dyn)
 *(.init)
 *(.plt)
 *(.text .stub .text.* .gnu.linkonce.t.*)
 .text          0x0000000000008020       0x3c ../avalon_cap_bsp//obj/HAL/src/crt0.o
                0x0000000000008020                _start
 .text          0x000000000000805c      0x100 obj/default/avalon_cap.o
                0x000000000000805c                start_compas
                0x0000000000008088                stop_compas
                0x00000000000080b4                read_compas_data
                0x0000000000008100                main
 .text          0x000000000000815c       0x60 c:/intelfpga_lite/18.0/nios2eds/bin/gnu/h-x86_64-mingw32/bin/../lib/gcc/nios2-elf/5.3.0/mno-hw-mul\libgcc.a(_fixunssfsi.o)
                0x000000000000815c                __fixunssfsi
 .text          0x00000000000081bc       0xbc c:/intelfpga_lite/18.0/nios2eds/bin/gnu/h-x86_64-mingw32/bin/../lib/gcc/nios2-elf/5.3.0/mno-hw-mul\libgcc.a(gesf2.o)
                0x00000000000081bc                __gesf2
                0x00000000000081bc                __gtsf2
 .text          0x0000000000008278      0x4e4 c:/intelfpga_lite/18.0/nios2eds/bin/gnu/h-x86_64-mingw32/bin/../lib/gcc/nios2-elf/5.3.0/mno-hw-mul\libgcc.a(subsf3.o)
                0x0000000000008278                __subsf3
 .text          0x000000000000875c       0x70 c:/intelfpga_lite/18.0/nios2eds/bin/gnu/h-x86_64-mingw32/bin/../lib/gcc/nios2-elf/5.3.0/mno-hw-mul\libgcc.a(fixsfsi.o)
                0x000000000000875c                __fixsfsi
 .text          0x00000000000087cc       0xf0 c:/intelfpga_lite/18.0/nios2eds/bin/gnu/h-x86_64-mingw32/bin/../lib/gcc/nios2-elf/5.3.0/mno-hw-mul\libgcc.a(floatunsisf.o)
                0x00000000000087cc                __floatunsisf
 .text          0x00000000000088bc       0x64 c:/intelfpga_lite/18.0/nios2eds/bin/gnu/h-x86_64-mingw32/bin/../lib/gcc/nios2-elf/5.3.0/mno-hw-mul\libgcc.a(_clzsi2.o)
                0x00000000000088bc                __clzsi2
 .text          0x0000000000008920        0x0 c:/intelfpga_lite/18.0/nios2eds/bin/gnu/h-x86_64-mingw32/bin/../lib/gcc/nios2-elf/5.3.0/mno-hw-mul\libgcc.a(_clz.o)
 .text          0x0000000000008920        0x0 c:/intelfpga_lite/18.0/nios2eds/bin/gnu/h-x86_64-mingw32/bin/../lib/gcc/nios2-elf/5.3.0/../../../../../H-x86_64-mingw32/nios2-elf/lib/mno-hw-mul\libsmallc.a(lib_a-printf.o)
 .text._printf_r
                0x0000000000008920       0x3c c:/intelfpga_lite/18.0/nios2eds/bin/gnu/h-x86_64-mingw32/bin/../lib/gcc/nios2-elf/5.3.0/../../../../../H-x86_64-mingw32/nios2-elf/lib/mno-hw-mul\libsmallc.a(lib_a-printf.o)
                0x0000000000008920                _printf_r
 .text.printf   0x000000000000895c       0x4c c:/intelfpga_lite/18.0/nios2eds/bin/gnu/h-x86_64-mingw32/bin/../lib/gcc/nios2-elf/5.3.0/../../../../../H-x86_64-mingw32/nios2-elf/lib/mno-hw-mul\libsmallc.a(lib_a-printf.o)
                0x000000000000895c                printf
 .text          0x00000000000089a8        0x0 c:/intelfpga_lite/18.0/nios2eds/bin/gnu/h-x86_64-mingw32/bin/../lib/gcc/nios2-elf/5.3.0/../../../../../H-x86_64-mingw32/nios2-elf/lib/mno-hw-mul\libsmallc.a(lib_a-puts.o)
 .text._puts_r  0x00000000000089a8       0x80 c:/intelfpga_lite/18.0/nios2eds/bin/gnu/h-x86_64-mingw32/bin/../lib/gcc/nios2-elf/5.3.0/../../../../../H-x86_64-mingw32/nios2-elf/lib/mno-hw-mul\libsmallc.a(lib_a-puts.o)
                0x00000000000089a8                _puts_r
 .text.puts     0x0000000000008a28       0x14 c:/intelfpga_lite/18.0/nios2eds/bin/gnu/h-x86_64-mingw32/bin/../lib/gcc/nios2-elf/5.3.0/../../../../../H-x86_64-mingw32/nios2-elf/lib/mno-hw-mul\libsmallc.a(lib_a-puts.o)
                0x0000000000008a28                puts
 .text          0x0000000000008a3c        0x0 c:/intelfpga_lite/18.0/nios2eds/bin/gnu/h-x86_64-mingw32/bin/../lib/gcc/nios2-elf/5.3.0/../../../../../H-x86_64-mingw32/nios2-elf/lib/mno-hw-mul\libsmallc.a(lib_a-strlen.o)
 .text.strlen   0x0000000000008a3c       0x1c c:/intelfpga_lite/18.0/nios2eds/bin/gnu/h-x86_64-mingw32/bin/../lib/gcc/nios2-elf/5.3.0/../../../../../H-x86_64-mingw32/nios2-elf/lib/mno-hw-mul\libsmallc.a(lib_a-strlen.o)
                0x0000000000008a3c                strlen
 .text          0x0000000000008a58        0x0 c:/intelfpga_lite/18.0/nios2eds/bin/gnu/h-x86_64-mingw32/bin/../lib/gcc/nios2-elf/5.3.0/../../../../../H-x86_64-mingw32/nios2-elf/lib/mno-hw-mul\libsmallc.a(lib_a-vfprintf.o)
 .text.print_repeat
                0x0000000000008a58       0x6c c:/intelfpga_lite/18.0/nios2eds/bin/gnu/h-x86_64-mingw32/bin/../lib/gcc/nios2-elf/5.3.0/../../../../../H-x86_64-mingw32/nios2-elf/lib/mno-hw-mul\libsmallc.a(lib_a-vfprintf.o)
 .text.___vfprintf_internal_r
                0x0000000000008ac4      0x52c c:/intelfpga_lite/18.0/nios2eds/bin/gnu/h-x86_64-mingw32/bin/../lib/gcc/nios2-elf/5.3.0/../../../../../H-x86_64-mingw32/nios2-elf/lib/mno-hw-mul\libsmallc.a(lib_a-vfprintf.o)
                0x0000000000008ac4                ___vfprintf_internal_r
 .text.__vfprintf_internal
                0x0000000000008ff0       0x1c c:/intelfpga_lite/18.0/nios2eds/bin/gnu/h-x86_64-mingw32/bin/../lib/gcc/nios2-elf/5.3.0/../../../../../H-x86_64-mingw32/nios2-elf/lib/mno-hw-mul\libsmallc.a(lib_a-vfprintf.o)
                0x0000000000008ff0                __vfprintf_internal
 .text          0x000000000000900c        0x0 c:/intelfpga_lite/18.0/nios2eds/bin/gnu/h-x86_64-mingw32/bin/../lib/gcc/nios2-elf/5.3.0/../../../../../H-x86_64-mingw32/nios2-elf/lib/mno-hw-mul\libsmallc.a(lib_a-fvwrite_small_dev.o)
 .text.__sfvwrite_small_dev
                0x000000000000900c       0xb8 c:/intelfpga_lite/18.0/nios2eds/bin/gnu/h-x86_64-mingw32/bin/../lib/gcc/nios2-elf/5.3.0/../../../../../H-x86_64-mingw32/nios2-elf/lib/mno-hw-mul\libsmallc.a(lib_a-fvwrite_small_dev.o)
                0x000000000000900c                __sfvwrite_small_dev
 .text          0x00000000000090c4        0x0 c:/intelfpga_lite/18.0/nios2eds/bin/gnu/h-x86_64-mingw32/bin/../lib/gcc/nios2-elf/5.3.0/../../../../../H-x86_64-mingw32/nios2-elf/lib/mno-hw-mul\libsmallc.a(lib_a-impure.o)
 .text          0x00000000000090c4        0x0 c:/intelfpga_lite/18.0/nios2eds/bin/gnu/h-x86_64-mingw32/bin/../lib/gcc/nios2-elf/5.3.0/../../../../../H-x86_64-mingw32/nios2-elf/lib/mno-hw-mul\libsmallc.a(lib_a-writer.o)
 .text._write_r
                0x00000000000090c4       0x58 c:/intelfpga_lite/18.0/nios2eds/bin/gnu/h-x86_64-mingw32/bin/../lib/gcc/nios2-elf/5.3.0/../../../../../H-x86_64-mingw32/nios2-elf/lib/mno-hw-mul\libsmallc.a(lib_a-writer.o)
                0x00000000000090c4                _write_r
 .text          0x000000000000911c        0x0 c:/intelfpga_lite/18.0/nios2eds/bin/gnu/h-x86_64-mingw32/bin/../lib/gcc/nios2-elf/5.3.0/../../../../../H-x86_64-mingw32/nios2-elf/lib/mno-hw-mul\libsmallc.a(lib_a-int_errno.o)
 .text          0x000000000000911c      0x1b4 c:/intelfpga_lite/18.0/nios2eds/bin/gnu/h-x86_64-mingw32/bin/../lib/gcc/nios2-elf/5.3.0/mno-hw-mul\libgcc.a(lib2-divmod.o)
                0x000000000000911c                __divsi3
                0x00000000000091a0                __modsi3
                0x0000000000009214                __udivsi3
                0x0000000000009278                __umodsi3
 .text          0x00000000000092d0       0x28 c:/intelfpga_lite/18.0/nios2eds/bin/gnu/h-x86_64-mingw32/bin/../lib/gcc/nios2-elf/5.3.0/mno-hw-mul\libgcc.a(lib2-mul.o)
                0x00000000000092d0                __mulsi3
 .text          0x00000000000092f8       0xec ../avalon_cap_bsp/\libhal_bsp.a(alt_load.o)
                0x0000000000009360                alt_load
 .text          0x00000000000093e4       0x6c ../avalon_cap_bsp/\libhal_bsp.a(alt_main.o)
                0x00000000000093e4                alt_main
 .text          0x0000000000009450       0x30 ../avalon_cap_bsp/\libhal_bsp.a(alt_usleep.o)
                0x0000000000009450                usleep
 .text          0x0000000000009480      0x13c ../avalon_cap_bsp/\libhal_bsp.a(alt_write.o)
                0x00000000000094bc                write
 .text          0x00000000000095bc       0xa4 ../avalon_cap_bsp/\libhal_bsp.a(alt_sys_init.o)
                0x00000000000095f0                alt_irq_init
                0x0000000000009628                alt_sys_init
 .text          0x0000000000009660       0xc0 ../avalon_cap_bsp/\libhal_bsp.a(altera_avalon_jtag_uart_fd.o)
                0x0000000000009660                altera_avalon_jtag_uart_read_fd
                0x00000000000096c0                altera_avalon_jtag_uart_write_fd
 .text          0x0000000000009720       0xec ../avalon_cap_bsp/\libhal_bsp.a(altera_avalon_jtag_uart_read.o)
                0x0000000000009720                altera_avalon_jtag_uart_read
 .text          0x000000000000980c       0x94 ../avalon_cap_bsp/\libhal_bsp.a(altera_avalon_jtag_uart_write.o)
                0x000000000000980c                altera_avalon_jtag_uart_write
 .text          0x00000000000098a0      0x158 ../avalon_cap_bsp/\libhal_bsp.a(alt_busy_sleep.o)
                0x00000000000098a0                alt_busy_sleep
 .text          0x00000000000099f8      0x114 ../avalon_cap_bsp/\libhal_bsp.a(alt_close.o)
                0x0000000000009a34                close
 .text          0x0000000000009b0c       0x20 ../avalon_cap_bsp/\libhal_bsp.a(alt_dcache_flush_all.o)
                0x0000000000009b0c                alt_dcache_flush_all
 .text          0x0000000000009b2c       0x2c ../avalon_cap_bsp/\libhal_bsp.a(alt_dev.o)
 .text          0x0000000000009b58       0xe0 ../avalon_cap_bsp/\libhal_bsp.a(alt_dev_llist_insert.o)
                0x0000000000009b94                alt_dev_llist_insert
 .text          0x0000000000009c38        0x0 ../avalon_cap_bsp/\libhal_bsp.a(alt_errno.o)
 .text          0x0000000000009c38       0x20 ../avalon_cap_bsp/\libhal_bsp.a(alt_icache_flush_all.o)
                0x0000000000009c38                alt_icache_flush_all
 .text          0x0000000000009c58      0x160 ../avalon_cap_bsp/\libhal_bsp.a(alt_io_redirect.o)
                0x0000000000009d3c                alt_io_redirect
 .text          0x0000000000009db8      0x284 ../avalon_cap_bsp/\libhal_bsp.a(alt_open.o)
                0x0000000000009ee0                open
 .text          0x000000000000a03c       0x84 ../avalon_cap_bsp/\libhal_bsp.a(alt_release_fd.o)
                0x000000000000a03c                alt_release_fd
 .text          0x000000000000a0c0       0x24 ../avalon_cap_bsp/\libhal_bsp.a(altera_nios2_gen2_irq.o)
                0x000000000000a0c0                altera_nios2_gen2_irq_init
 .text          0x000000000000a0e4       0x90 ../avalon_cap_bsp/\libhal_bsp.a(alt_find_dev.o)
                0x000000000000a0e4                alt_find_dev
 .text          0x000000000000a174      0x108 ../avalon_cap_bsp/\libhal_bsp.a(alt_find_file.o)
                0x000000000000a174                alt_find_file
 .text          0x000000000000a27c       0xc4 ../avalon_cap_bsp/\libhal_bsp.a(alt_get_fd.o)
                0x000000000000a27c                alt_get_fd
 .text          0x000000000000a340        0x0 c:/intelfpga_lite/18.0/nios2eds/bin/gnu/h-x86_64-mingw32/bin/../lib/gcc/nios2-elf/5.3.0/../../../../../H-x86_64-mingw32/nios2-elf/lib/mno-hw-mul\libsmallc.a(lib_a-exit.o)
 .text.exit     0x000000000000a340       0x20 c:/intelfpga_lite/18.0/nios2eds/bin/gnu/h-x86_64-mingw32/bin/../lib/gcc/nios2-elf/5.3.0/../../../../../H-x86_64-mingw32/nios2-elf/lib/mno-hw-mul\libsmallc.a(lib_a-exit.o)
                0x000000000000a340                exit
 .text          0x000000000000a360        0x0 c:/intelfpga_lite/18.0/nios2eds/bin/gnu/h-x86_64-mingw32/bin/../lib/gcc/nios2-elf/5.3.0/../../../../../H-x86_64-mingw32/nios2-elf/lib/mno-hw-mul\libsmallc.a(lib_a-memcmp.o)
 .text.memcmp   0x000000000000a360       0x30 c:/intelfpga_lite/18.0/nios2eds/bin/gnu/h-x86_64-mingw32/bin/../lib/gcc/nios2-elf/5.3.0/../../../../../H-x86_64-mingw32/nios2-elf/lib/mno-hw-mul\libsmallc.a(lib_a-memcmp.o)
                0x000000000000a360                memcmp
 .text          0x000000000000a390        0x0 c:/intelfpga_lite/18.0/nios2eds/bin/gnu/h-x86_64-mingw32/bin/../lib/gcc/nios2-elf/5.3.0/../../../../../H-x86_64-mingw32/nios2-elf/lib/mno-hw-mul\libsmallc.a(lib_a-__call_atexit.o)
 .text.__call_exitprocs
                0x000000000000a390      0x190 c:/intelfpga_lite/18.0/nios2eds/bin/gnu/h-x86_64-mingw32/bin/../lib/gcc/nios2-elf/5.3.0/../../../../../H-x86_64-mingw32/nios2-elf/lib/mno-hw-mul\libsmallc.a(lib_a-__call_atexit.o)
                0x000000000000a390                __call_exitprocs
 .text          0x000000000000a520       0x34 ../avalon_cap_bsp/\libhal_bsp.a(alt_exit.o)
                0x000000000000a520                _exit
 *(.gnu.warning.*)
 *(.fini)
                [!provide]                        PROVIDE (__etext, ABSOLUTE (.))
                [!provide]                        PROVIDE (_etext, ABSOLUTE (.))
                [!provide]                        PROVIDE (etext, ABSOLUTE (.))
 *(.eh_frame_hdr)
                0x000000000000a554                . = ALIGN (0x4)
                [!provide]                        PROVIDE (__preinit_array_start, ABSOLUTE (.))
 *(.preinit_array)
                [!provide]                        PROVIDE (__preinit_array_end, ABSOLUTE (.))
                [!provide]                        PROVIDE (__init_array_start, ABSOLUTE (.))
 *(.init_array)
                [!provide]                        PROVIDE (__init_array_end, ABSOLUTE (.))
                [!provide]                        PROVIDE (__fini_array_start, ABSOLUTE (.))
 *(.fini_array)
                [!provide]                        PROVIDE (__fini_array_end, ABSOLUTE (.))
 *(.eh_frame)
 *(.gcc_except_table .gcc_except_table.*)
 *(.dynamic)
                [!provide]                        PROVIDE (__CTOR_LIST__, ABSOLUTE (.))
 *(.ctors)
 *(SORT(.ctors.*))
                [!provide]                        PROVIDE (__CTOR_END__, ABSOLUTE (.))
                [!provide]                        PROVIDE (__DTOR_LIST__, ABSOLUTE (.))
 *(.dtors)
 *(SORT(.dtors.*))
                [!provide]                        PROVIDE (__DTOR_END__, ABSOLUTE (.))
 *(.jcr)
                0x000000000000a554                . = ALIGN (0x4)

.rodata         0x000000000000a554      0x16c
                0x000000000000a554                PROVIDE (__ram_rodata_start, ABSOLUTE (.))
                0x000000000000a554                . = ALIGN (0x4)
 *(.rodata .rodata.* .gnu.linkonce.r.*)
 .rodata        0x000000000000a554       0x34 obj/default/avalon_cap.o
 .rodata        0x000000000000a588      0x100 c:/intelfpga_lite/18.0/nios2eds/bin/gnu/h-x86_64-mingw32/bin/../lib/gcc/nios2-elf/5.3.0/mno-hw-mul\libgcc.a(_clz.o)
                0x000000000000a588                __clz_tab
 .rodata.str1.4
                0x000000000000a688        0x4 c:/intelfpga_lite/18.0/nios2eds/bin/gnu/h-x86_64-mingw32/bin/../lib/gcc/nios2-elf/5.3.0/../../../../../H-x86_64-mingw32/nios2-elf/lib/mno-hw-mul\libsmallc.a(lib_a-puts.o)
                                          0x2 (size before relaxing)
 .rodata        0x000000000000a68c       0x11 ../avalon_cap_bsp/\libhal_bsp.a(alt_main.o)
 *fill*         0x000000000000a69d        0x3 
 .rodata        0x000000000000a6a0       0x11 ../avalon_cap_bsp/\libhal_bsp.a(alt_sys_init.o)
 *fill*         0x000000000000a6b1        0x3 
 .rodata        0x000000000000a6b4        0xa ../avalon_cap_bsp/\libhal_bsp.a(alt_dev.o)
 *(.rodata1)
                0x000000000000a6c0                . = ALIGN (0x4)
 *fill*         0x000000000000a6be        0x2 
                0x000000000000a6c0                PROVIDE (__ram_rodata_end, ABSOLUTE (.))
                0x000000000000a554                PROVIDE (__flash_rodata_start, LOADADDR (.rodata))

.rwdata         0x000000000000a6c0      0x2d4 load address 0x000000000000a994
                0x000000000000a6c0                PROVIDE (__ram_rwdata_start, ABSOLUTE (.))
                0x000000000000a6c0                . = ALIGN (0x4)
 *(.got.plt)
 *(.got)
 *(.data1)
 *(.data .data.* .gnu.linkonce.d.*)
 .data          0x000000000000a6c0        0x0 ../avalon_cap_bsp//obj/HAL/src/crt0.o
 .data          0x000000000000a6c0        0x0 obj/default/avalon_cap.o
 .data          0x000000000000a6c0        0x0 c:/intelfpga_lite/18.0/nios2eds/bin/gnu/h-x86_64-mingw32/bin/../lib/gcc/nios2-elf/5.3.0/mno-hw-mul\libgcc.a(_fixunssfsi.o)
 .data          0x000000000000a6c0        0x0 c:/intelfpga_lite/18.0/nios2eds/bin/gnu/h-x86_64-mingw32/bin/../lib/gcc/nios2-elf/5.3.0/mno-hw-mul\libgcc.a(gesf2.o)
 .data          0x000000000000a6c0        0x0 c:/intelfpga_lite/18.0/nios2eds/bin/gnu/h-x86_64-mingw32/bin/../lib/gcc/nios2-elf/5.3.0/mno-hw-mul\libgcc.a(subsf3.o)
 .data          0x000000000000a6c0        0x0 c:/intelfpga_lite/18.0/nios2eds/bin/gnu/h-x86_64-mingw32/bin/../lib/gcc/nios2-elf/5.3.0/mno-hw-mul\libgcc.a(fixsfsi.o)
 .data          0x000000000000a6c0        0x0 c:/intelfpga_lite/18.0/nios2eds/bin/gnu/h-x86_64-mingw32/bin/../lib/gcc/nios2-elf/5.3.0/mno-hw-mul\libgcc.a(floatunsisf.o)
 .data          0x000000000000a6c0        0x0 c:/intelfpga_lite/18.0/nios2eds/bin/gnu/h-x86_64-mingw32/bin/../lib/gcc/nios2-elf/5.3.0/mno-hw-mul\libgcc.a(_clzsi2.o)
 .data          0x000000000000a6c0        0x0 c:/intelfpga_lite/18.0/nios2eds/bin/gnu/h-x86_64-mingw32/bin/../lib/gcc/nios2-elf/5.3.0/mno-hw-mul\libgcc.a(_clz.o)
 .data          0x000000000000a6c0        0x0 c:/intelfpga_lite/18.0/nios2eds/bin/gnu/h-x86_64-mingw32/bin/../lib/gcc/nios2-elf/5.3.0/../../../../../H-x86_64-mingw32/nios2-elf/lib/mno-hw-mul\libsmallc.a(lib_a-printf.o)
 .data          0x000000000000a6c0        0x0 c:/intelfpga_lite/18.0/nios2eds/bin/gnu/h-x86_64-mingw32/bin/../lib/gcc/nios2-elf/5.3.0/../../../../../H-x86_64-mingw32/nios2-elf/lib/mno-hw-mul\libsmallc.a(lib_a-puts.o)
 .data          0x000000000000a6c0        0x0 c:/intelfpga_lite/18.0/nios2eds/bin/gnu/h-x86_64-mingw32/bin/../lib/gcc/nios2-elf/5.3.0/../../../../../H-x86_64-mingw32/nios2-elf/lib/mno-hw-mul\libsmallc.a(lib_a-strlen.o)
 .data          0x000000000000a6c0        0x0 c:/intelfpga_lite/18.0/nios2eds/bin/gnu/h-x86_64-mingw32/bin/../lib/gcc/nios2-elf/5.3.0/../../../../../H-x86_64-mingw32/nios2-elf/lib/mno-hw-mul\libsmallc.a(lib_a-vfprintf.o)
 .data          0x000000000000a6c0        0x0 c:/intelfpga_lite/18.0/nios2eds/bin/gnu/h-x86_64-mingw32/bin/../lib/gcc/nios2-elf/5.3.0/../../../../../H-x86_64-mingw32/nios2-elf/lib/mno-hw-mul\libsmallc.a(lib_a-fvwrite_small_dev.o)
 .data          0x000000000000a6c0        0x0 c:/intelfpga_lite/18.0/nios2eds/bin/gnu/h-x86_64-mingw32/bin/../lib/gcc/nios2-elf/5.3.0/../../../../../H-x86_64-mingw32/nios2-elf/lib/mno-hw-mul\libsmallc.a(lib_a-impure.o)
 .data.impure_data
                0x000000000000a6c0       0xe0 c:/intelfpga_lite/18.0/nios2eds/bin/gnu/h-x86_64-mingw32/bin/../lib/gcc/nios2-elf/5.3.0/../../../../../H-x86_64-mingw32/nios2-elf/lib/mno-hw-mul\libsmallc.a(lib_a-impure.o)
 .data          0x000000000000a7a0        0x0 c:/intelfpga_lite/18.0/nios2eds/bin/gnu/h-x86_64-mingw32/bin/../lib/gcc/nios2-elf/5.3.0/../../../../../H-x86_64-mingw32/nios2-elf/lib/mno-hw-mul\libsmallc.a(lib_a-writer.o)
 .data          0x000000000000a7a0        0x0 c:/intelfpga_lite/18.0/nios2eds/bin/gnu/h-x86_64-mingw32/bin/../lib/gcc/nios2-elf/5.3.0/../../../../../H-x86_64-mingw32/nios2-elf/lib/mno-hw-mul\libsmallc.a(lib_a-int_errno.o)
 .data          0x000000000000a7a0        0x0 c:/intelfpga_lite/18.0/nios2eds/bin/gnu/h-x86_64-mingw32/bin/../lib/gcc/nios2-elf/5.3.0/mno-hw-mul\libgcc.a(lib2-divmod.o)
 .data          0x000000000000a7a0        0x0 c:/intelfpga_lite/18.0/nios2eds/bin/gnu/h-x86_64-mingw32/bin/../lib/gcc/nios2-elf/5.3.0/mno-hw-mul\libgcc.a(lib2-mul.o)
 .data          0x000000000000a7a0        0x0 ../avalon_cap_bsp/\libhal_bsp.a(alt_load.o)
 .data          0x000000000000a7a0        0x0 ../avalon_cap_bsp/\libhal_bsp.a(alt_main.o)
 .data          0x000000000000a7a0        0x0 ../avalon_cap_bsp/\libhal_bsp.a(alt_usleep.o)
 .data          0x000000000000a7a0        0x0 ../avalon_cap_bsp/\libhal_bsp.a(alt_write.o)
 .data          0x000000000000a7a0       0x2c ../avalon_cap_bsp/\libhal_bsp.a(alt_sys_init.o)
 .data          0x000000000000a7cc        0x0 ../avalon_cap_bsp/\libhal_bsp.a(altera_avalon_jtag_uart_fd.o)
 .data          0x000000000000a7cc        0x0 ../avalon_cap_bsp/\libhal_bsp.a(altera_avalon_jtag_uart_read.o)
 .data          0x000000000000a7cc        0x0 ../avalon_cap_bsp/\libhal_bsp.a(altera_avalon_jtag_uart_write.o)
 .data          0x000000000000a7cc        0x0 ../avalon_cap_bsp/\libhal_bsp.a(alt_busy_sleep.o)
 .data          0x000000000000a7cc        0x0 ../avalon_cap_bsp/\libhal_bsp.a(alt_close.o)
 .data          0x000000000000a7cc        0x0 ../avalon_cap_bsp/\libhal_bsp.a(alt_dcache_flush_all.o)
 .data          0x000000000000a7cc      0x1a8 ../avalon_cap_bsp/\libhal_bsp.a(alt_dev.o)
                0x000000000000a7cc                alt_dev_null
                0x000000000000a7f4                alt_fd_list
 .data          0x000000000000a974        0x0 ../avalon_cap_bsp/\libhal_bsp.a(alt_dev_llist_insert.o)
 .data          0x000000000000a974        0x0 ../avalon_cap_bsp/\libhal_bsp.a(alt_errno.o)
 .data          0x000000000000a974        0x0 ../avalon_cap_bsp/\libhal_bsp.a(alt_icache_flush_all.o)
 .data          0x000000000000a974        0x0 ../avalon_cap_bsp/\libhal_bsp.a(alt_io_redirect.o)
 .data          0x000000000000a974        0x0 ../avalon_cap_bsp/\libhal_bsp.a(alt_open.o)
 .data          0x000000000000a974        0x0 ../avalon_cap_bsp/\libhal_bsp.a(alt_release_fd.o)
 .data          0x000000000000a974        0x0 ../avalon_cap_bsp/\libhal_bsp.a(altera_nios2_gen2_irq.o)
 .data          0x000000000000a974        0x0 ../avalon_cap_bsp/\libhal_bsp.a(alt_find_dev.o)
 .data          0x000000000000a974        0x0 ../avalon_cap_bsp/\libhal_bsp.a(alt_find_file.o)
 .data          0x000000000000a974        0x0 ../avalon_cap_bsp/\libhal_bsp.a(alt_get_fd.o)
 .data          0x000000000000a974        0x0 c:/intelfpga_lite/18.0/nios2eds/bin/gnu/h-x86_64-mingw32/bin/../lib/gcc/nios2-elf/5.3.0/../../../../../H-x86_64-mingw32/nios2-elf/lib/mno-hw-mul\libsmallc.a(lib_a-exit.o)
 .data          0x000000000000a974        0x0 c:/intelfpga_lite/18.0/nios2eds/bin/gnu/h-x86_64-mingw32/bin/../lib/gcc/nios2-elf/5.3.0/../../../../../H-x86_64-mingw32/nios2-elf/lib/mno-hw-mul\libsmallc.a(lib_a-memcmp.o)
 .data          0x000000000000a974        0x0 c:/intelfpga_lite/18.0/nios2eds/bin/gnu/h-x86_64-mingw32/bin/../lib/gcc/nios2-elf/5.3.0/../../../../../H-x86_64-mingw32/nios2-elf/lib/mno-hw-mul\libsmallc.a(lib_a-__call_atexit.o)
 .data          0x000000000000a974        0x0 ../avalon_cap_bsp/\libhal_bsp.a(alt_exit.o)
                0x0000000000012974                _gp = ABSOLUTE ((. + 0x8000))
                [!provide]                        PROVIDE (gp, _gp)
 *(.rwdata .rwdata.*)
 *(.sdata .sdata.* .gnu.linkonce.s.*)
 .sdata._global_impure_ptr
                0x000000000000a974        0x4 c:/intelfpga_lite/18.0/nios2eds/bin/gnu/h-x86_64-mingw32/bin/../lib/gcc/nios2-elf/5.3.0/../../../../../H-x86_64-mingw32/nios2-elf/lib/mno-hw-mul\libsmallc.a(lib_a-impure.o)
                0x000000000000a974                _global_impure_ptr
 .sdata._impure_ptr
                0x000000000000a978        0x4 c:/intelfpga_lite/18.0/nios2eds/bin/gnu/h-x86_64-mingw32/bin/../lib/gcc/nios2-elf/5.3.0/../../../../../H-x86_64-mingw32/nios2-elf/lib/mno-hw-mul\libsmallc.a(lib_a-impure.o)
                0x000000000000a978                _impure_ptr
 .sdata         0x000000000000a97c       0x14 ../avalon_cap_bsp/\libhal_bsp.a(alt_dev.o)
                0x000000000000a97c                alt_fs_list
                0x000000000000a984                alt_dev_list
                0x000000000000a98c                alt_max_fd
 .sdata         0x000000000000a990        0x4 ../avalon_cap_bsp/\libhal_bsp.a(alt_errno.o)
                0x000000000000a990                alt_errno
 *(.sdata2 .sdata2.* .gnu.linkonce.s2.*)
                0x000000000000a994                . = ALIGN (0x4)
                0x000000000000a994                _edata = ABSOLUTE (.)
                [!provide]                        PROVIDE (edata, ABSOLUTE (.))
                0x000000000000a994                PROVIDE (__ram_rwdata_end, ABSOLUTE (.))
                0x000000000000a994                PROVIDE (__flash_rwdata_start, LOADADDR (.rwdata))

.bss            0x000000000000ac68       0x10
                0x000000000000ac68                __bss_start = ABSOLUTE (.)
                [!provide]                        PROVIDE (__sbss_start, ABSOLUTE (.))
                [!provide]                        PROVIDE (___sbss_start, ABSOLUTE (.))
 *(.dynsbss)
 *(.sbss .sbss.* .gnu.linkonce.sb.*)
 .sbss          0x000000000000ac68        0x4 c:/intelfpga_lite/18.0/nios2eds/bin/gnu/h-x86_64-mingw32/bin/../lib/gcc/nios2-elf/5.3.0/../../../../../H-x86_64-mingw32/nios2-elf/lib/mno-hw-mul\libsmallc.a(lib_a-int_errno.o)
                0x000000000000ac68                errno
 .sbss          0x000000000000ac6c        0xc ../avalon_cap_bsp/\libhal_bsp.a(alt_main.o)
                0x000000000000ac6c                alt_argc
                0x000000000000ac70                alt_argv
                0x000000000000ac74                alt_envp
 *(.sbss2 .sbss2.* .gnu.linkonce.sb2.*)
 *(.scommon)
                [!provide]                        PROVIDE (__sbss_end, ABSOLUTE (.))
                [!provide]                        PROVIDE (___sbss_end, ABSOLUTE (.))
 *(.dynbss)
 *(.bss .bss.* .gnu.linkonce.b.*)
 .bss           0x000000000000ac78        0x0 ../avalon_cap_bsp//obj/HAL/src/crt0.o
 .bss           0x000000000000ac78        0x0 obj/default/avalon_cap.o
 .bss           0x000000000000ac78        0x0 c:/intelfpga_lite/18.0/nios2eds/bin/gnu/h-x86_64-mingw32/bin/../lib/gcc/nios2-elf/5.3.0/mno-hw-mul\libgcc.a(_fixunssfsi.o)
 .bss           0x000000000000ac78        0x0 c:/intelfpga_lite/18.0/nios2eds/bin/gnu/h-x86_64-mingw32/bin/../lib/gcc/nios2-elf/5.3.0/mno-hw-mul\libgcc.a(gesf2.o)
 .bss           0x000000000000ac78        0x0 c:/intelfpga_lite/18.0/nios2eds/bin/gnu/h-x86_64-mingw32/bin/../lib/gcc/nios2-elf/5.3.0/mno-hw-mul\libgcc.a(subsf3.o)
 .bss           0x000000000000ac78        0x0 c:/intelfpga_lite/18.0/nios2eds/bin/gnu/h-x86_64-mingw32/bin/../lib/gcc/nios2-elf/5.3.0/mno-hw-mul\libgcc.a(fixsfsi.o)
 .bss           0x000000000000ac78        0x0 c:/intelfpga_lite/18.0/nios2eds/bin/gnu/h-x86_64-mingw32/bin/../lib/gcc/nios2-elf/5.3.0/mno-hw-mul\libgcc.a(floatunsisf.o)
 .bss           0x000000000000ac78        0x0 c:/intelfpga_lite/18.0/nios2eds/bin/gnu/h-x86_64-mingw32/bin/../lib/gcc/nios2-elf/5.3.0/mno-hw-mul\libgcc.a(_clzsi2.o)
 .bss           0x000000000000ac78        0x0 c:/intelfpga_lite/18.0/nios2eds/bin/gnu/h-x86_64-mingw32/bin/../lib/gcc/nios2-elf/5.3.0/mno-hw-mul\libgcc.a(_clz.o)
 .bss           0x000000000000ac78        0x0 c:/intelfpga_lite/18.0/nios2eds/bin/gnu/h-x86_64-mingw32/bin/../lib/gcc/nios2-elf/5.3.0/../../../../../H-x86_64-mingw32/nios2-elf/lib/mno-hw-mul\libsmallc.a(lib_a-printf.o)
 .bss           0x000000000000ac78        0x0 c:/intelfpga_lite/18.0/nios2eds/bin/gnu/h-x86_64-mingw32/bin/../lib/gcc/nios2-elf/5.3.0/../../../../../H-x86_64-mingw32/nios2-elf/lib/mno-hw-mul\libsmallc.a(lib_a-puts.o)
 .bss           0x000000000000ac78        0x0 c:/intelfpga_lite/18.0/nios2eds/bin/gnu/h-x86_64-mingw32/bin/../lib/gcc/nios2-elf/5.3.0/../../../../../H-x86_64-mingw32/nios2-elf/lib/mno-hw-mul\libsmallc.a(lib_a-strlen.o)
 .bss           0x000000000000ac78        0x0 c:/intelfpga_lite/18.0/nios2eds/bin/gnu/h-x86_64-mingw32/bin/../lib/gcc/nios2-elf/5.3.0/../../../../../H-x86_64-mingw32/nios2-elf/lib/mno-hw-mul\libsmallc.a(lib_a-vfprintf.o)
 .bss           0x000000000000ac78        0x0 c:/intelfpga_lite/18.0/nios2eds/bin/gnu/h-x86_64-mingw32/bin/../lib/gcc/nios2-elf/5.3.0/../../../../../H-x86_64-mingw32/nios2-elf/lib/mno-hw-mul\libsmallc.a(lib_a-fvwrite_small_dev.o)
 .bss           0x000000000000ac78        0x0 c:/intelfpga_lite/18.0/nios2eds/bin/gnu/h-x86_64-mingw32/bin/../lib/gcc/nios2-elf/5.3.0/../../../../../H-x86_64-mingw32/nios2-elf/lib/mno-hw-mul\libsmallc.a(lib_a-impure.o)
 .bss           0x000000000000ac78        0x0 c:/intelfpga_lite/18.0/nios2eds/bin/gnu/h-x86_64-mingw32/bin/../lib/gcc/nios2-elf/5.3.0/../../../../../H-x86_64-mingw32/nios2-elf/lib/mno-hw-mul\libsmallc.a(lib_a-writer.o)
 .bss           0x000000000000ac78        0x0 c:/intelfpga_lite/18.0/nios2eds/bin/gnu/h-x86_64-mingw32/bin/../lib/gcc/nios2-elf/5.3.0/../../../../../H-x86_64-mingw32/nios2-elf/lib/mno-hw-mul\libsmallc.a(lib_a-int_errno.o)
 .bss           0x000000000000ac78        0x0 c:/intelfpga_lite/18.0/nios2eds/bin/gnu/h-x86_64-mingw32/bin/../lib/gcc/nios2-elf/5.3.0/mno-hw-mul\libgcc.a(lib2-divmod.o)
 .bss           0x000000000000ac78        0x0 c:/intelfpga_lite/18.0/nios2eds/bin/gnu/h-x86_64-mingw32/bin/../lib/gcc/nios2-elf/5.3.0/mno-hw-mul\libgcc.a(lib2-mul.o)
 .bss           0x000000000000ac78        0x0 ../avalon_cap_bsp/\libhal_bsp.a(alt_load.o)
 .bss           0x000000000000ac78        0x0 ../avalon_cap_bsp/\libhal_bsp.a(alt_main.o)
 .bss           0x000000000000ac78        0x0 ../avalon_cap_bsp/\libhal_bsp.a(alt_usleep.o)
 .bss           0x000000000000ac78        0x0 ../avalon_cap_bsp/\libhal_bsp.a(alt_write.o)
 .bss           0x000000000000ac78        0x0 ../avalon_cap_bsp/\libhal_bsp.a(alt_sys_init.o)
 .bss           0x000000000000ac78        0x0 ../avalon_cap_bsp/\libhal_bsp.a(altera_avalon_jtag_uart_fd.o)
 .bss           0x000000000000ac78        0x0 ../avalon_cap_bsp/\libhal_bsp.a(altera_avalon_jtag_uart_read.o)
 .bss           0x000000000000ac78        0x0 ../avalon_cap_bsp/\libhal_bsp.a(altera_avalon_jtag_uart_write.o)
 .bss           0x000000000000ac78        0x0 ../avalon_cap_bsp/\libhal_bsp.a(alt_busy_sleep.o)
 .bss           0x000000000000ac78        0x0 ../avalon_cap_bsp/\libhal_bsp.a(alt_close.o)
 .bss           0x000000000000ac78        0x0 ../avalon_cap_bsp/\libhal_bsp.a(alt_dcache_flush_all.o)
 .bss           0x000000000000ac78        0x0 ../avalon_cap_bsp/\libhal_bsp.a(alt_dev.o)
 .bss           0x000000000000ac78        0x0 ../avalon_cap_bsp/\libhal_bsp.a(alt_dev_llist_insert.o)
 .bss           0x000000000000ac78        0x0 ../avalon_cap_bsp/\libhal_bsp.a(alt_errno.o)
 .bss           0x000000000000ac78        0x0 ../avalon_cap_bsp/\libhal_bsp.a(alt_icache_flush_all.o)
 .bss           0x000000000000ac78        0x0 ../avalon_cap_bsp/\libhal_bsp.a(alt_io_redirect.o)
 .bss           0x000000000000ac78        0x0 ../avalon_cap_bsp/\libhal_bsp.a(alt_open.o)
 .bss           0x000000000000ac78        0x0 ../avalon_cap_bsp/\libhal_bsp.a(alt_release_fd.o)
 .bss           0x000000000000ac78        0x0 ../avalon_cap_bsp/\libhal_bsp.a(altera_nios2_gen2_irq.o)
 .bss           0x000000000000ac78        0x0 ../avalon_cap_bsp/\libhal_bsp.a(alt_find_dev.o)
 .bss           0x000000000000ac78        0x0 ../avalon_cap_bsp/\libhal_bsp.a(alt_find_file.o)
 .bss           0x000000000000ac78        0x0 ../avalon_cap_bsp/\libhal_bsp.a(alt_get_fd.o)
 .bss           0x000000000000ac78        0x0 c:/intelfpga_lite/18.0/nios2eds/bin/gnu/h-x86_64-mingw32/bin/../lib/gcc/nios2-elf/5.3.0/../../../../../H-x86_64-mingw32/nios2-elf/lib/mno-hw-mul\libsmallc.a(lib_a-exit.o)
 .bss           0x000000000000ac78        0x0 c:/intelfpga_lite/18.0/nios2eds/bin/gnu/h-x86_64-mingw32/bin/../lib/gcc/nios2-elf/5.3.0/../../../../../H-x86_64-mingw32/nios2-elf/lib/mno-hw-mul\libsmallc.a(lib_a-memcmp.o)
 .bss           0x000000000000ac78        0x0 c:/intelfpga_lite/18.0/nios2eds/bin/gnu/h-x86_64-mingw32/bin/../lib/gcc/nios2-elf/5.3.0/../../../../../H-x86_64-mingw32/nios2-elf/lib/mno-hw-mul\libsmallc.a(lib_a-__call_atexit.o)
 .bss           0x000000000000ac78        0x0 ../avalon_cap_bsp/\libhal_bsp.a(alt_exit.o)
 *(COMMON)
                0x000000000000ac78                . = ALIGN (0x4)
                0x000000000000ac78                __bss_end = ABSOLUTE (.)

.onchip_memory2_0
                0x000000000000ac78        0x0
                [!provide]                        PROVIDE (_alt_partition_onchip_memory2_0_start, ABSOLUTE (.))
 *(.onchip_memory2_0 .onchip_memory2_0. onchip_memory2_0.*)
                0x000000000000ac78                . = ALIGN (0x4)
                [!provide]                        PROVIDE (_alt_partition_onchip_memory2_0_end, ABSOLUTE (.))
                0x000000000000ac78                _end = ABSOLUTE (.)
                0x000000000000ac78                end = ABSOLUTE (.)
                0x000000000000ac78                __alt_stack_base = ABSOLUTE (.)
                [!provide]                        PROVIDE (_alt_partition_onchip_memory2_0_load_addr, LOADADDR (.onchip_memory2_0))

.stab
 *(.stab)

.stabstr
 *(.stabstr)

.stab.excl
 *(.stab.excl)

.stab.exclstr
 *(.stab.exclstr)

.stab.index
 *(.stab.index)

.stab.indexstr
 *(.stab.indexstr)

.comment        0x0000000000000000       0x23
 *(.comment)
 .comment       0x0000000000000000       0x23 obj/default/avalon_cap.o
                                         0x24 (size before relaxing)
 .comment       0x0000000000000023       0x24 c:/intelfpga_lite/18.0/nios2eds/bin/gnu/h-x86_64-mingw32/bin/../lib/gcc/nios2-elf/5.3.0/mno-hw-mul\libgcc.a(_fixunssfsi.o)
 .comment       0x0000000000000023       0x24 c:/intelfpga_lite/18.0/nios2eds/bin/gnu/h-x86_64-mingw32/bin/../lib/gcc/nios2-elf/5.3.0/mno-hw-mul\libgcc.a(gesf2.o)
 .comment       0x0000000000000023       0x24 c:/intelfpga_lite/18.0/nios2eds/bin/gnu/h-x86_64-mingw32/bin/../lib/gcc/nios2-elf/5.3.0/mno-hw-mul\libgcc.a(subsf3.o)
 .comment       0x0000000000000023       0x24 c:/intelfpga_lite/18.0/nios2eds/bin/gnu/h-x86_64-mingw32/bin/../lib/gcc/nios2-elf/5.3.0/mno-hw-mul\libgcc.a(fixsfsi.o)
 .comment       0x0000000000000023       0x24 c:/intelfpga_lite/18.0/nios2eds/bin/gnu/h-x86_64-mingw32/bin/../lib/gcc/nios2-elf/5.3.0/mno-hw-mul\libgcc.a(floatunsisf.o)
 .comment       0x0000000000000023       0x24 c:/intelfpga_lite/18.0/nios2eds/bin/gnu/h-x86_64-mingw32/bin/../lib/gcc/nios2-elf/5.3.0/mno-hw-mul\libgcc.a(_clzsi2.o)
 .comment       0x0000000000000023       0x24 c:/intelfpga_lite/18.0/nios2eds/bin/gnu/h-x86_64-mingw32/bin/../lib/gcc/nios2-elf/5.3.0/mno-hw-mul\libgcc.a(_clz.o)
 .comment       0x0000000000000023       0x24 c:/intelfpga_lite/18.0/nios2eds/bin/gnu/h-x86_64-mingw32/bin/../lib/gcc/nios2-elf/5.3.0/../../../../../H-x86_64-mingw32/nios2-elf/lib/mno-hw-mul\libsmallc.a(lib_a-printf.o)
 .comment       0x0000000000000023       0x24 c:/intelfpga_lite/18.0/nios2eds/bin/gnu/h-x86_64-mingw32/bin/../lib/gcc/nios2-elf/5.3.0/../../../../../H-x86_64-mingw32/nios2-elf/lib/mno-hw-mul\libsmallc.a(lib_a-puts.o)
 .comment       0x0000000000000023       0x24 c:/intelfpga_lite/18.0/nios2eds/bin/gnu/h-x86_64-mingw32/bin/../lib/gcc/nios2-elf/5.3.0/../../../../../H-x86_64-mingw32/nios2-elf/lib/mno-hw-mul\libsmallc.a(lib_a-strlen.o)
 .comment       0x0000000000000023       0x24 c:/intelfpga_lite/18.0/nios2eds/bin/gnu/h-x86_64-mingw32/bin/../lib/gcc/nios2-elf/5.3.0/../../../../../H-x86_64-mingw32/nios2-elf/lib/mno-hw-mul\libsmallc.a(lib_a-vfprintf.o)
 .comment       0x0000000000000023       0x24 c:/intelfpga_lite/18.0/nios2eds/bin/gnu/h-x86_64-mingw32/bin/../lib/gcc/nios2-elf/5.3.0/../../../../../H-x86_64-mingw32/nios2-elf/lib/mno-hw-mul\libsmallc.a(lib_a-fvwrite_small_dev.o)
 .comment       0x0000000000000023       0x24 c:/intelfpga_lite/18.0/nios2eds/bin/gnu/h-x86_64-mingw32/bin/../lib/gcc/nios2-elf/5.3.0/../../../../../H-x86_64-mingw32/nios2-elf/lib/mno-hw-mul\libsmallc.a(lib_a-impure.o)
 .comment       0x0000000000000023       0x24 c:/intelfpga_lite/18.0/nios2eds/bin/gnu/h-x86_64-mingw32/bin/../lib/gcc/nios2-elf/5.3.0/../../../../../H-x86_64-mingw32/nios2-elf/lib/mno-hw-mul\libsmallc.a(lib_a-writer.o)
 .comment       0x0000000000000023       0x24 c:/intelfpga_lite/18.0/nios2eds/bin/gnu/h-x86_64-mingw32/bin/../lib/gcc/nios2-elf/5.3.0/../../../../../H-x86_64-mingw32/nios2-elf/lib/mno-hw-mul\libsmallc.a(lib_a-int_errno.o)
 .comment       0x0000000000000023       0x24 c:/intelfpga_lite/18.0/nios2eds/bin/gnu/h-x86_64-mingw32/bin/../lib/gcc/nios2-elf/5.3.0/mno-hw-mul\libgcc.a(lib2-divmod.o)
 .comment       0x0000000000000023       0x24 c:/intelfpga_lite/18.0/nios2eds/bin/gnu/h-x86_64-mingw32/bin/../lib/gcc/nios2-elf/5.3.0/mno-hw-mul\libgcc.a(lib2-mul.o)
 .comment       0x0000000000000023       0x24 ../avalon_cap_bsp/\libhal_bsp.a(alt_load.o)
 .comment       0x0000000000000023       0x24 ../avalon_cap_bsp/\libhal_bsp.a(alt_main.o)
 .comment       0x0000000000000023       0x24 ../avalon_cap_bsp/\libhal_bsp.a(alt_usleep.o)
 .comment       0x0000000000000023       0x24 ../avalon_cap_bsp/\libhal_bsp.a(alt_write.o)
 .comment       0x0000000000000023       0x24 ../avalon_cap_bsp/\libhal_bsp.a(alt_sys_init.o)
 .comment       0x0000000000000023       0x24 ../avalon_cap_bsp/\libhal_bsp.a(altera_avalon_jtag_uart_fd.o)
 .comment       0x0000000000000023       0x24 ../avalon_cap_bsp/\libhal_bsp.a(altera_avalon_jtag_uart_read.o)
 .comment       0x0000000000000023       0x24 ../avalon_cap_bsp/\libhal_bsp.a(altera_avalon_jtag_uart_write.o)
 .comment       0x0000000000000023       0x24 ../avalon_cap_bsp/\libhal_bsp.a(alt_busy_sleep.o)
 .comment       0x0000000000000023       0x24 ../avalon_cap_bsp/\libhal_bsp.a(alt_close.o)
 .comment       0x0000000000000023       0x24 ../avalon_cap_bsp/\libhal_bsp.a(alt_dcache_flush_all.o)
 .comment       0x0000000000000023       0x24 ../avalon_cap_bsp/\libhal_bsp.a(alt_dev.o)
 .comment       0x0000000000000023       0x24 ../avalon_cap_bsp/\libhal_bsp.a(alt_dev_llist_insert.o)
 .comment       0x0000000000000023       0x24 ../avalon_cap_bsp/\libhal_bsp.a(alt_errno.o)
 .comment       0x0000000000000023       0x24 ../avalon_cap_bsp/\libhal_bsp.a(alt_icache_flush_all.o)
 .comment       0x0000000000000023       0x24 ../avalon_cap_bsp/\libhal_bsp.a(alt_io_redirect.o)
 .comment       0x0000000000000023       0x24 ../avalon_cap_bsp/\libhal_bsp.a(alt_open.o)
 .comment       0x0000000000000023       0x24 ../avalon_cap_bsp/\libhal_bsp.a(alt_release_fd.o)
 .comment       0x0000000000000023       0x24 ../avalon_cap_bsp/\libhal_bsp.a(altera_nios2_gen2_irq.o)
 .comment       0x0000000000000023       0x24 ../avalon_cap_bsp/\libhal_bsp.a(alt_find_dev.o)
 .comment       0x0000000000000023       0x24 ../avalon_cap_bsp/\libhal_bsp.a(alt_find_file.o)
 .comment       0x0000000000000023       0x24 ../avalon_cap_bsp/\libhal_bsp.a(alt_get_fd.o)
 .comment       0x0000000000000023       0x24 c:/intelfpga_lite/18.0/nios2eds/bin/gnu/h-x86_64-mingw32/bin/../lib/gcc/nios2-elf/5.3.0/../../../../../H-x86_64-mingw32/nios2-elf/lib/mno-hw-mul\libsmallc.a(lib_a-exit.o)
 .comment       0x0000000000000023       0x24 c:/intelfpga_lite/18.0/nios2eds/bin/gnu/h-x86_64-mingw32/bin/../lib/gcc/nios2-elf/5.3.0/../../../../../H-x86_64-mingw32/nios2-elf/lib/mno-hw-mul\libsmallc.a(lib_a-memcmp.o)
 .comment       0x0000000000000023       0x24 c:/intelfpga_lite/18.0/nios2eds/bin/gnu/h-x86_64-mingw32/bin/../lib/gcc/nios2-elf/5.3.0/../../../../../H-x86_64-mingw32/nios2-elf/lib/mno-hw-mul\libsmallc.a(lib_a-__call_atexit.o)
 .comment       0x0000000000000023       0x24 ../avalon_cap_bsp/\libhal_bsp.a(alt_exit.o)

.debug
 *(.debug)

.line
 *(.line)

.debug_srcinfo
 *(.debug_srcinfo)

.debug_sfnames
 *(.debug_sfnames)

.debug_aranges  0x0000000000000000      0x5a8
 *(.debug_aranges)
 .debug_aranges
                0x0000000000000000       0x28 ../avalon_cap_bsp//obj/HAL/src/crt0.o
 .debug_aranges
                0x0000000000000028       0x20 obj/default/avalon_cap.o
 .debug_aranges
                0x0000000000000048       0x20 c:/intelfpga_lite/18.0/nios2eds/bin/gnu/h-x86_64-mingw32/bin/../lib/gcc/nios2-elf/5.3.0/mno-hw-mul\libgcc.a(_fixunssfsi.o)
 .debug_aranges
                0x0000000000000068       0x20 c:/intelfpga_lite/18.0/nios2eds/bin/gnu/h-x86_64-mingw32/bin/../lib/gcc/nios2-elf/5.3.0/mno-hw-mul\libgcc.a(gesf2.o)
 .debug_aranges
                0x0000000000000088       0x20 c:/intelfpga_lite/18.0/nios2eds/bin/gnu/h-x86_64-mingw32/bin/../lib/gcc/nios2-elf/5.3.0/mno-hw-mul\libgcc.a(subsf3.o)
 .debug_aranges
                0x00000000000000a8       0x20 c:/intelfpga_lite/18.0/nios2eds/bin/gnu/h-x86_64-mingw32/bin/../lib/gcc/nios2-elf/5.3.0/mno-hw-mul\libgcc.a(fixsfsi.o)
 .debug_aranges
                0x00000000000000c8       0x20 c:/intelfpga_lite/18.0/nios2eds/bin/gnu/h-x86_64-mingw32/bin/../lib/gcc/nios2-elf/5.3.0/mno-hw-mul\libgcc.a(floatunsisf.o)
 .debug_aranges
                0x00000000000000e8       0x20 c:/intelfpga_lite/18.0/nios2eds/bin/gnu/h-x86_64-mingw32/bin/../lib/gcc/nios2-elf/5.3.0/mno-hw-mul\libgcc.a(_clzsi2.o)
 .debug_aranges
                0x0000000000000108       0x18 c:/intelfpga_lite/18.0/nios2eds/bin/gnu/h-x86_64-mingw32/bin/../lib/gcc/nios2-elf/5.3.0/mno-hw-mul\libgcc.a(_clz.o)
 .debug_aranges
                0x0000000000000120       0x28 c:/intelfpga_lite/18.0/nios2eds/bin/gnu/h-x86_64-mingw32/bin/../lib/gcc/nios2-elf/5.3.0/../../../../../H-x86_64-mingw32/nios2-elf/lib/mno-hw-mul\libsmallc.a(lib_a-printf.o)
 .debug_aranges
                0x0000000000000148       0x28 c:/intelfpga_lite/18.0/nios2eds/bin/gnu/h-x86_64-mingw32/bin/../lib/gcc/nios2-elf/5.3.0/../../../../../H-x86_64-mingw32/nios2-elf/lib/mno-hw-mul\libsmallc.a(lib_a-puts.o)
 .debug_aranges
                0x0000000000000170       0x20 c:/intelfpga_lite/18.0/nios2eds/bin/gnu/h-x86_64-mingw32/bin/../lib/gcc/nios2-elf/5.3.0/../../../../../H-x86_64-mingw32/nios2-elf/lib/mno-hw-mul\libsmallc.a(lib_a-strlen.o)
 .debug_aranges
                0x0000000000000190       0x30 c:/intelfpga_lite/18.0/nios2eds/bin/gnu/h-x86_64-mingw32/bin/../lib/gcc/nios2-elf/5.3.0/../../../../../H-x86_64-mingw32/nios2-elf/lib/mno-hw-mul\libsmallc.a(lib_a-vfprintf.o)
 .debug_aranges
                0x00000000000001c0       0x20 c:/intelfpga_lite/18.0/nios2eds/bin/gnu/h-x86_64-mingw32/bin/../lib/gcc/nios2-elf/5.3.0/../../../../../H-x86_64-mingw32/nios2-elf/lib/mno-hw-mul\libsmallc.a(lib_a-fvwrite_small_dev.o)
 .debug_aranges
                0x00000000000001e0       0x18 c:/intelfpga_lite/18.0/nios2eds/bin/gnu/h-x86_64-mingw32/bin/../lib/gcc/nios2-elf/5.3.0/../../../../../H-x86_64-mingw32/nios2-elf/lib/mno-hw-mul\libsmallc.a(lib_a-impure.o)
 .debug_aranges
                0x00000000000001f8       0x20 c:/intelfpga_lite/18.0/nios2eds/bin/gnu/h-x86_64-mingw32/bin/../lib/gcc/nios2-elf/5.3.0/../../../../../H-x86_64-mingw32/nios2-elf/lib/mno-hw-mul\libsmallc.a(lib_a-writer.o)
 .debug_aranges
                0x0000000000000218       0x18 c:/intelfpga_lite/18.0/nios2eds/bin/gnu/h-x86_64-mingw32/bin/../lib/gcc/nios2-elf/5.3.0/../../../../../H-x86_64-mingw32/nios2-elf/lib/mno-hw-mul\libsmallc.a(lib_a-int_errno.o)
 .debug_aranges
                0x0000000000000230       0x20 c:/intelfpga_lite/18.0/nios2eds/bin/gnu/h-x86_64-mingw32/bin/../lib/gcc/nios2-elf/5.3.0/mno-hw-mul\libgcc.a(lib2-divmod.o)
 .debug_aranges
                0x0000000000000250       0x20 c:/intelfpga_lite/18.0/nios2eds/bin/gnu/h-x86_64-mingw32/bin/../lib/gcc/nios2-elf/5.3.0/mno-hw-mul\libgcc.a(lib2-mul.o)
 .debug_aranges
                0x0000000000000270       0x20 ../avalon_cap_bsp/\libhal_bsp.a(alt_load.o)
 .debug_aranges
                0x0000000000000290       0x20 ../avalon_cap_bsp/\libhal_bsp.a(alt_main.o)
 .debug_aranges
                0x00000000000002b0       0x20 ../avalon_cap_bsp/\libhal_bsp.a(alt_usleep.o)
 .debug_aranges
                0x00000000000002d0       0x20 ../avalon_cap_bsp/\libhal_bsp.a(alt_write.o)
 .debug_aranges
                0x00000000000002f0       0x20 ../avalon_cap_bsp/\libhal_bsp.a(alt_sys_init.o)
 .debug_aranges
                0x0000000000000310       0x20 ../avalon_cap_bsp/\libhal_bsp.a(altera_avalon_jtag_uart_fd.o)
 .debug_aranges
                0x0000000000000330       0x20 ../avalon_cap_bsp/\libhal_bsp.a(altera_avalon_jtag_uart_read.o)
 .debug_aranges
                0x0000000000000350       0x20 ../avalon_cap_bsp/\libhal_bsp.a(altera_avalon_jtag_uart_write.o)
 .debug_aranges
                0x0000000000000370       0x20 ../avalon_cap_bsp/\libhal_bsp.a(alt_busy_sleep.o)
 .debug_aranges
                0x0000000000000390       0x20 ../avalon_cap_bsp/\libhal_bsp.a(alt_close.o)
 .debug_aranges
                0x00000000000003b0       0x20 ../avalon_cap_bsp/\libhal_bsp.a(alt_dcache_flush_all.o)
 .debug_aranges
                0x00000000000003d0       0x20 ../avalon_cap_bsp/\libhal_bsp.a(alt_dev.o)
 .debug_aranges
                0x00000000000003f0       0x20 ../avalon_cap_bsp/\libhal_bsp.a(alt_dev_llist_insert.o)
 .debug_aranges
                0x0000000000000410       0x18 ../avalon_cap_bsp/\libhal_bsp.a(alt_errno.o)
 .debug_aranges
                0x0000000000000428       0x20 ../avalon_cap_bsp/\libhal_bsp.a(alt_icache_flush_all.o)
 .debug_aranges
                0x0000000000000448       0x20 ../avalon_cap_bsp/\libhal_bsp.a(alt_io_redirect.o)
 .debug_aranges
                0x0000000000000468       0x20 ../avalon_cap_bsp/\libhal_bsp.a(alt_open.o)
 .debug_aranges
                0x0000000000000488       0x20 ../avalon_cap_bsp/\libhal_bsp.a(alt_release_fd.o)
 .debug_aranges
                0x00000000000004a8       0x20 ../avalon_cap_bsp/\libhal_bsp.a(altera_nios2_gen2_irq.o)
 .debug_aranges
                0x00000000000004c8       0x20 ../avalon_cap_bsp/\libhal_bsp.a(alt_find_dev.o)
 .debug_aranges
                0x00000000000004e8       0x20 ../avalon_cap_bsp/\libhal_bsp.a(alt_find_file.o)
 .debug_aranges
                0x0000000000000508       0x20 ../avalon_cap_bsp/\libhal_bsp.a(alt_get_fd.o)
 .debug_aranges
                0x0000000000000528       0x20 c:/intelfpga_lite/18.0/nios2eds/bin/gnu/h-x86_64-mingw32/bin/../lib/gcc/nios2-elf/5.3.0/../../../../../H-x86_64-mingw32/nios2-elf/lib/mno-hw-mul\libsmallc.a(lib_a-exit.o)
 .debug_aranges
                0x0000000000000548       0x20 c:/intelfpga_lite/18.0/nios2eds/bin/gnu/h-x86_64-mingw32/bin/../lib/gcc/nios2-elf/5.3.0/../../../../../H-x86_64-mingw32/nios2-elf/lib/mno-hw-mul\libsmallc.a(lib_a-memcmp.o)
 .debug_aranges
                0x0000000000000568       0x20 c:/intelfpga_lite/18.0/nios2eds/bin/gnu/h-x86_64-mingw32/bin/../lib/gcc/nios2-elf/5.3.0/../../../../../H-x86_64-mingw32/nios2-elf/lib/mno-hw-mul\libsmallc.a(lib_a-__call_atexit.o)
 .debug_aranges
                0x0000000000000588       0x20 ../avalon_cap_bsp/\libhal_bsp.a(alt_exit.o)

.debug_pubnames
 *(.debug_pubnames)

.debug_info     0x0000000000000000     0x7759
 *(.debug_info .gnu.linkonce.wi.*)
 .debug_info    0x0000000000000000       0x6a ../avalon_cap_bsp//obj/HAL/src/crt0.o
 .debug_info    0x000000000000006a      0x124 obj/default/avalon_cap.o
 .debug_info    0x000000000000018e       0xc7 c:/intelfpga_lite/18.0/nios2eds/bin/gnu/h-x86_64-mingw32/bin/../lib/gcc/nios2-elf/5.3.0/mno-hw-mul\libgcc.a(_fixunssfsi.o)
 .debug_info    0x0000000000000255      0x1d3 c:/intelfpga_lite/18.0/nios2eds/bin/gnu/h-x86_64-mingw32/bin/../lib/gcc/nios2-elf/5.3.0/mno-hw-mul\libgcc.a(gesf2.o)
 .debug_info    0x0000000000000428      0x2b7 c:/intelfpga_lite/18.0/nios2eds/bin/gnu/h-x86_64-mingw32/bin/../lib/gcc/nios2-elf/5.3.0/mno-hw-mul\libgcc.a(subsf3.o)
 .debug_info    0x00000000000006df      0x18b c:/intelfpga_lite/18.0/nios2eds/bin/gnu/h-x86_64-mingw32/bin/../lib/gcc/nios2-elf/5.3.0/mno-hw-mul\libgcc.a(fixsfsi.o)
 .debug_info    0x000000000000086a      0x1bb c:/intelfpga_lite/18.0/nios2eds/bin/gnu/h-x86_64-mingw32/bin/../lib/gcc/nios2-elf/5.3.0/mno-hw-mul\libgcc.a(floatunsisf.o)
 .debug_info    0x0000000000000a25      0x124 c:/intelfpga_lite/18.0/nios2eds/bin/gnu/h-x86_64-mingw32/bin/../lib/gcc/nios2-elf/5.3.0/mno-hw-mul\libgcc.a(_clzsi2.o)
 .debug_info    0x0000000000000b49       0xb2 c:/intelfpga_lite/18.0/nios2eds/bin/gnu/h-x86_64-mingw32/bin/../lib/gcc/nios2-elf/5.3.0/mno-hw-mul\libgcc.a(_clz.o)
 .debug_info    0x0000000000000bfb      0x699 c:/intelfpga_lite/18.0/nios2eds/bin/gnu/h-x86_64-mingw32/bin/../lib/gcc/nios2-elf/5.3.0/../../../../../H-x86_64-mingw32/nios2-elf/lib/mno-hw-mul\libsmallc.a(lib_a-printf.o)
 .debug_info    0x0000000000001294      0x66d c:/intelfpga_lite/18.0/nios2eds/bin/gnu/h-x86_64-mingw32/bin/../lib/gcc/nios2-elf/5.3.0/../../../../../H-x86_64-mingw32/nios2-elf/lib/mno-hw-mul\libsmallc.a(lib_a-puts.o)
 .debug_info    0x0000000000001901       0xc9 c:/intelfpga_lite/18.0/nios2eds/bin/gnu/h-x86_64-mingw32/bin/../lib/gcc/nios2-elf/5.3.0/../../../../../H-x86_64-mingw32/nios2-elf/lib/mno-hw-mul\libsmallc.a(lib_a-strlen.o)
 .debug_info    0x00000000000019ca      0xb2b c:/intelfpga_lite/18.0/nios2eds/bin/gnu/h-x86_64-mingw32/bin/../lib/gcc/nios2-elf/5.3.0/../../../../../H-x86_64-mingw32/nios2-elf/lib/mno-hw-mul\libsmallc.a(lib_a-vfprintf.o)
 .debug_info    0x00000000000024f5      0x62b c:/intelfpga_lite/18.0/nios2eds/bin/gnu/h-x86_64-mingw32/bin/../lib/gcc/nios2-elf/5.3.0/../../../../../H-x86_64-mingw32/nios2-elf/lib/mno-hw-mul\libsmallc.a(lib_a-fvwrite_small_dev.o)
 .debug_info    0x0000000000002b20      0x5a9 c:/intelfpga_lite/18.0/nios2eds/bin/gnu/h-x86_64-mingw32/bin/../lib/gcc/nios2-elf/5.3.0/../../../../../H-x86_64-mingw32/nios2-elf/lib/mno-hw-mul\libsmallc.a(lib_a-impure.o)
 .debug_info    0x00000000000030c9      0x630 c:/intelfpga_lite/18.0/nios2eds/bin/gnu/h-x86_64-mingw32/bin/../lib/gcc/nios2-elf/5.3.0/../../../../../H-x86_64-mingw32/nios2-elf/lib/mno-hw-mul\libsmallc.a(lib_a-writer.o)
 .debug_info    0x00000000000036f9       0x8a c:/intelfpga_lite/18.0/nios2eds/bin/gnu/h-x86_64-mingw32/bin/../lib/gcc/nios2-elf/5.3.0/../../../../../H-x86_64-mingw32/nios2-elf/lib/mno-hw-mul\libsmallc.a(lib_a-int_errno.o)
 .debug_info    0x0000000000003783      0x2c6 c:/intelfpga_lite/18.0/nios2eds/bin/gnu/h-x86_64-mingw32/bin/../lib/gcc/nios2-elf/5.3.0/mno-hw-mul\libgcc.a(lib2-divmod.o)
 .debug_info    0x0000000000003a49       0xb4 c:/intelfpga_lite/18.0/nios2eds/bin/gnu/h-x86_64-mingw32/bin/../lib/gcc/nios2-elf/5.3.0/mno-hw-mul\libgcc.a(lib2-mul.o)
 .debug_info    0x0000000000003afd      0x145 ../avalon_cap_bsp/\libhal_bsp.a(alt_load.o)
 .debug_info    0x0000000000003c42      0x131 ../avalon_cap_bsp/\libhal_bsp.a(alt_main.o)
 .debug_info    0x0000000000003d73       0xb0 ../avalon_cap_bsp/\libhal_bsp.a(alt_usleep.o)
 .debug_info    0x0000000000003e23      0x4b7 ../avalon_cap_bsp/\libhal_bsp.a(alt_write.o)
 .debug_info    0x00000000000042da      0x3c9 ../avalon_cap_bsp/\libhal_bsp.a(alt_sys_init.o)
 .debug_info    0x00000000000046a3      0x3a7 ../avalon_cap_bsp/\libhal_bsp.a(altera_avalon_jtag_uart_fd.o)
 .debug_info    0x0000000000004a4a      0x1b2 ../avalon_cap_bsp/\libhal_bsp.a(altera_avalon_jtag_uart_read.o)
 .debug_info    0x0000000000004bfc      0x195 ../avalon_cap_bsp/\libhal_bsp.a(altera_avalon_jtag_uart_write.o)
 .debug_info    0x0000000000004d91       0xd7 ../avalon_cap_bsp/\libhal_bsp.a(alt_busy_sleep.o)
 .debug_info    0x0000000000004e68      0x321 ../avalon_cap_bsp/\libhal_bsp.a(alt_close.o)
 .debug_info    0x0000000000005189       0x92 ../avalon_cap_bsp/\libhal_bsp.a(alt_dcache_flush_all.o)
 .debug_info    0x000000000000521b      0x49c ../avalon_cap_bsp/\libhal_bsp.a(alt_dev.o)
 .debug_info    0x00000000000056b7      0x1a9 ../avalon_cap_bsp/\libhal_bsp.a(alt_dev_llist_insert.o)
 .debug_info    0x0000000000005860       0xa6 ../avalon_cap_bsp/\libhal_bsp.a(alt_errno.o)
 .debug_info    0x0000000000005906       0x92 ../avalon_cap_bsp/\libhal_bsp.a(alt_icache_flush_all.o)
 .debug_info    0x0000000000005998      0x4a5 ../avalon_cap_bsp/\libhal_bsp.a(alt_io_redirect.o)
 .debug_info    0x0000000000005e3d      0x3bb ../avalon_cap_bsp/\libhal_bsp.a(alt_open.o)
 .debug_info    0x00000000000061f8      0x2b0 ../avalon_cap_bsp/\libhal_bsp.a(alt_release_fd.o)
 .debug_info    0x00000000000064a8       0x92 ../avalon_cap_bsp/\libhal_bsp.a(altera_nios2_gen2_irq.o)
 .debug_info    0x000000000000653a      0x2e9 ../avalon_cap_bsp/\libhal_bsp.a(alt_find_dev.o)
 .debug_info    0x0000000000006823      0x2e6 ../avalon_cap_bsp/\libhal_bsp.a(alt_find_file.o)
 .debug_info    0x0000000000006b09      0x310 ../avalon_cap_bsp/\libhal_bsp.a(alt_get_fd.o)
 .debug_info    0x0000000000006e19       0xe5 c:/intelfpga_lite/18.0/nios2eds/bin/gnu/h-x86_64-mingw32/bin/../lib/gcc/nios2-elf/5.3.0/../../../../../H-x86_64-mingw32/nios2-elf/lib/mno-hw-mul\libsmallc.a(lib_a-exit.o)
 .debug_info    0x0000000000006efe       0xf4 c:/intelfpga_lite/18.0/nios2eds/bin/gnu/h-x86_64-mingw32/bin/../lib/gcc/nios2-elf/5.3.0/../../../../../H-x86_64-mingw32/nios2-elf/lib/mno-hw-mul\libsmallc.a(lib_a-memcmp.o)
 .debug_info    0x0000000000006ff2      0x67b c:/intelfpga_lite/18.0/nios2eds/bin/gnu/h-x86_64-mingw32/bin/../lib/gcc/nios2-elf/5.3.0/../../../../../H-x86_64-mingw32/nios2-elf/lib/mno-hw-mul\libsmallc.a(lib_a-__call_atexit.o)
 .debug_info    0x000000000000766d       0xec ../avalon_cap_bsp/\libhal_bsp.a(alt_exit.o)

.debug_abbrev   0x0000000000000000     0x29a4
 *(.debug_abbrev)
 .debug_abbrev  0x0000000000000000       0x12 ../avalon_cap_bsp//obj/HAL/src/crt0.o
 .debug_abbrev  0x0000000000000012       0x97 obj/default/avalon_cap.o
 .debug_abbrev  0x00000000000000a9       0x60 c:/intelfpga_lite/18.0/nios2eds/bin/gnu/h-x86_64-mingw32/bin/../lib/gcc/nios2-elf/5.3.0/mno-hw-mul\libgcc.a(_fixunssfsi.o)
 .debug_abbrev  0x0000000000000109      0x128 c:/intelfpga_lite/18.0/nios2eds/bin/gnu/h-x86_64-mingw32/bin/../lib/gcc/nios2-elf/5.3.0/mno-hw-mul\libgcc.a(gesf2.o)
 .debug_abbrev  0x0000000000000231      0x13a c:/intelfpga_lite/18.0/nios2eds/bin/gnu/h-x86_64-mingw32/bin/../lib/gcc/nios2-elf/5.3.0/mno-hw-mul\libgcc.a(subsf3.o)
 .debug_abbrev  0x000000000000036b      0x135 c:/intelfpga_lite/18.0/nios2eds/bin/gnu/h-x86_64-mingw32/bin/../lib/gcc/nios2-elf/5.3.0/mno-hw-mul\libgcc.a(fixsfsi.o)
 .debug_abbrev  0x00000000000004a0      0x147 c:/intelfpga_lite/18.0/nios2eds/bin/gnu/h-x86_64-mingw32/bin/../lib/gcc/nios2-elf/5.3.0/mno-hw-mul\libgcc.a(floatunsisf.o)
 .debug_abbrev  0x00000000000005e7       0xbe c:/intelfpga_lite/18.0/nios2eds/bin/gnu/h-x86_64-mingw32/bin/../lib/gcc/nios2-elf/5.3.0/mno-hw-mul\libgcc.a(_clzsi2.o)
 .debug_abbrev  0x00000000000006a5       0x5d c:/intelfpga_lite/18.0/nios2eds/bin/gnu/h-x86_64-mingw32/bin/../lib/gcc/nios2-elf/5.3.0/mno-hw-mul\libgcc.a(_clz.o)
 .debug_abbrev  0x0000000000000702      0x1ee c:/intelfpga_lite/18.0/nios2eds/bin/gnu/h-x86_64-mingw32/bin/../lib/gcc/nios2-elf/5.3.0/../../../../../H-x86_64-mingw32/nios2-elf/lib/mno-hw-mul\libsmallc.a(lib_a-printf.o)
 .debug_abbrev  0x00000000000008f0      0x1d6 c:/intelfpga_lite/18.0/nios2eds/bin/gnu/h-x86_64-mingw32/bin/../lib/gcc/nios2-elf/5.3.0/../../../../../H-x86_64-mingw32/nios2-elf/lib/mno-hw-mul\libsmallc.a(lib_a-puts.o)
 .debug_abbrev  0x0000000000000ac6       0x7f c:/intelfpga_lite/18.0/nios2eds/bin/gnu/h-x86_64-mingw32/bin/../lib/gcc/nios2-elf/5.3.0/../../../../../H-x86_64-mingw32/nios2-elf/lib/mno-hw-mul\libsmallc.a(lib_a-strlen.o)
 .debug_abbrev  0x0000000000000b45      0x2a1 c:/intelfpga_lite/18.0/nios2eds/bin/gnu/h-x86_64-mingw32/bin/../lib/gcc/nios2-elf/5.3.0/../../../../../H-x86_64-mingw32/nios2-elf/lib/mno-hw-mul\libsmallc.a(lib_a-vfprintf.o)
 .debug_abbrev  0x0000000000000de6      0x1bc c:/intelfpga_lite/18.0/nios2eds/bin/gnu/h-x86_64-mingw32/bin/../lib/gcc/nios2-elf/5.3.0/../../../../../H-x86_64-mingw32/nios2-elf/lib/mno-hw-mul\libsmallc.a(lib_a-fvwrite_small_dev.o)
 .debug_abbrev  0x0000000000000fa2      0x14a c:/intelfpga_lite/18.0/nios2eds/bin/gnu/h-x86_64-mingw32/bin/../lib/gcc/nios2-elf/5.3.0/../../../../../H-x86_64-mingw32/nios2-elf/lib/mno-hw-mul\libsmallc.a(lib_a-impure.o)
 .debug_abbrev  0x00000000000010ec      0x1a6 c:/intelfpga_lite/18.0/nios2eds/bin/gnu/h-x86_64-mingw32/bin/../lib/gcc/nios2-elf/5.3.0/../../../../../H-x86_64-mingw32/nios2-elf/lib/mno-hw-mul\libsmallc.a(lib_a-writer.o)
 .debug_abbrev  0x0000000000001292       0x37 c:/intelfpga_lite/18.0/nios2eds/bin/gnu/h-x86_64-mingw32/bin/../lib/gcc/nios2-elf/5.3.0/../../../../../H-x86_64-mingw32/nios2-elf/lib/mno-hw-mul\libsmallc.a(lib_a-int_errno.o)
 .debug_abbrev  0x00000000000012c9      0x10e c:/intelfpga_lite/18.0/nios2eds/bin/gnu/h-x86_64-mingw32/bin/../lib/gcc/nios2-elf/5.3.0/mno-hw-mul\libgcc.a(lib2-divmod.o)
 .debug_abbrev  0x00000000000013d7       0x6f c:/intelfpga_lite/18.0/nios2eds/bin/gnu/h-x86_64-mingw32/bin/../lib/gcc/nios2-elf/5.3.0/mno-hw-mul\libgcc.a(lib2-mul.o)
 .debug_abbrev  0x0000000000001446       0x9f ../avalon_cap_bsp/\libhal_bsp.a(alt_load.o)
 .debug_abbrev  0x00000000000014e5       0xba ../avalon_cap_bsp/\libhal_bsp.a(alt_main.o)
 .debug_abbrev  0x000000000000159f       0x60 ../avalon_cap_bsp/\libhal_bsp.a(alt_usleep.o)
 .debug_abbrev  0x00000000000015ff      0x133 ../avalon_cap_bsp/\libhal_bsp.a(alt_write.o)
 .debug_abbrev  0x0000000000001732      0x157 ../avalon_cap_bsp/\libhal_bsp.a(alt_sys_init.o)
 .debug_abbrev  0x0000000000001889       0xf7 ../avalon_cap_bsp/\libhal_bsp.a(altera_avalon_jtag_uart_fd.o)
 .debug_abbrev  0x0000000000001980       0xd5 ../avalon_cap_bsp/\libhal_bsp.a(altera_avalon_jtag_uart_read.o)
 .debug_abbrev  0x0000000000001a55       0xd5 ../avalon_cap_bsp/\libhal_bsp.a(altera_avalon_jtag_uart_write.o)
 .debug_abbrev  0x0000000000001b2a       0x7e ../avalon_cap_bsp/\libhal_bsp.a(alt_busy_sleep.o)
 .debug_abbrev  0x0000000000001ba8      0x11f ../avalon_cap_bsp/\libhal_bsp.a(alt_close.o)
 .debug_abbrev  0x0000000000001cc7       0x42 ../avalon_cap_bsp/\libhal_bsp.a(alt_dcache_flush_all.o)
 .debug_abbrev  0x0000000000001d09       0xd9 ../avalon_cap_bsp/\libhal_bsp.a(alt_dev.o)
 .debug_abbrev  0x0000000000001de2      0x114 ../avalon_cap_bsp/\libhal_bsp.a(alt_dev_llist_insert.o)
 .debug_abbrev  0x0000000000001ef6       0x5a ../avalon_cap_bsp/\libhal_bsp.a(alt_errno.o)
 .debug_abbrev  0x0000000000001f50       0x42 ../avalon_cap_bsp/\libhal_bsp.a(alt_icache_flush_all.o)
 .debug_abbrev  0x0000000000001f92      0x114 ../avalon_cap_bsp/\libhal_bsp.a(alt_io_redirect.o)
 .debug_abbrev  0x00000000000020a6      0x148 ../avalon_cap_bsp/\libhal_bsp.a(alt_open.o)
 .debug_abbrev  0x00000000000021ee       0xde ../avalon_cap_bsp/\libhal_bsp.a(alt_release_fd.o)
 .debug_abbrev  0x00000000000022cc       0x42 ../avalon_cap_bsp/\libhal_bsp.a(altera_nios2_gen2_irq.o)
 .debug_abbrev  0x000000000000230e       0xf0 ../avalon_cap_bsp/\libhal_bsp.a(alt_find_dev.o)
 .debug_abbrev  0x00000000000023fe       0xf0 ../avalon_cap_bsp/\libhal_bsp.a(alt_find_file.o)
 .debug_abbrev  0x00000000000024ee      0x10d ../avalon_cap_bsp/\libhal_bsp.a(alt_get_fd.o)
 .debug_abbrev  0x00000000000025fb       0x8b c:/intelfpga_lite/18.0/nios2eds/bin/gnu/h-x86_64-mingw32/bin/../lib/gcc/nios2-elf/5.3.0/../../../../../H-x86_64-mingw32/nios2-elf/lib/mno-hw-mul\libsmallc.a(lib_a-exit.o)
 .debug_abbrev  0x0000000000002686       0x7f c:/intelfpga_lite/18.0/nios2eds/bin/gnu/h-x86_64-mingw32/bin/../lib/gcc/nios2-elf/5.3.0/../../../../../H-x86_64-mingw32/nios2-elf/lib/mno-hw-mul\libsmallc.a(lib_a-memcmp.o)
 .debug_abbrev  0x0000000000002705      0x1f6 c:/intelfpga_lite/18.0/nios2eds/bin/gnu/h-x86_64-mingw32/bin/../lib/gcc/nios2-elf/5.3.0/../../../../../H-x86_64-mingw32/nios2-elf/lib/mno-hw-mul\libsmallc.a(lib_a-__call_atexit.o)
 .debug_abbrev  0x00000000000028fb       0xa9 ../avalon_cap_bsp/\libhal_bsp.a(alt_exit.o)

.debug_line     0x0000000000000000     0x2e92
 *(.debug_line)
 .debug_line    0x0000000000000000       0x66 ../avalon_cap_bsp//obj/HAL/src/crt0.o
 .debug_line    0x0000000000000066       0x8d obj/default/avalon_cap.o
 .debug_line    0x00000000000000f3       0x6e c:/intelfpga_lite/18.0/nios2eds/bin/gnu/h-x86_64-mingw32/bin/../lib/gcc/nios2-elf/5.3.0/mno-hw-mul\libgcc.a(_fixunssfsi.o)
 .debug_line    0x0000000000000161       0xbf c:/intelfpga_lite/18.0/nios2eds/bin/gnu/h-x86_64-mingw32/bin/../lib/gcc/nios2-elf/5.3.0/mno-hw-mul\libgcc.a(gesf2.o)
 .debug_line    0x0000000000000220      0x298 c:/intelfpga_lite/18.0/nios2eds/bin/gnu/h-x86_64-mingw32/bin/../lib/gcc/nios2-elf/5.3.0/mno-hw-mul\libgcc.a(subsf3.o)
 .debug_line    0x00000000000004b8       0x9a c:/intelfpga_lite/18.0/nios2eds/bin/gnu/h-x86_64-mingw32/bin/../lib/gcc/nios2-elf/5.3.0/mno-hw-mul\libgcc.a(fixsfsi.o)
 .debug_line    0x0000000000000552       0xa9 c:/intelfpga_lite/18.0/nios2eds/bin/gnu/h-x86_64-mingw32/bin/../lib/gcc/nios2-elf/5.3.0/mno-hw-mul\libgcc.a(floatunsisf.o)
 .debug_line    0x00000000000005fb       0xbd c:/intelfpga_lite/18.0/nios2eds/bin/gnu/h-x86_64-mingw32/bin/../lib/gcc/nios2-elf/5.3.0/mno-hw-mul\libgcc.a(_clzsi2.o)
 .debug_line    0x00000000000006b8       0x56 c:/intelfpga_lite/18.0/nios2eds/bin/gnu/h-x86_64-mingw32/bin/../lib/gcc/nios2-elf/5.3.0/mno-hw-mul\libgcc.a(_clz.o)
 .debug_line    0x000000000000070e      0x203 c:/intelfpga_lite/18.0/nios2eds/bin/gnu/h-x86_64-mingw32/bin/../lib/gcc/nios2-elf/5.3.0/../../../../../H-x86_64-mingw32/nios2-elf/lib/mno-hw-mul\libsmallc.a(lib_a-printf.o)
 .debug_line    0x0000000000000911      0x206 c:/intelfpga_lite/18.0/nios2eds/bin/gnu/h-x86_64-mingw32/bin/../lib/gcc/nios2-elf/5.3.0/../../../../../H-x86_64-mingw32/nios2-elf/lib/mno-hw-mul\libsmallc.a(lib_a-puts.o)
 .debug_line    0x0000000000000b17      0x15c c:/intelfpga_lite/18.0/nios2eds/bin/gnu/h-x86_64-mingw32/bin/../lib/gcc/nios2-elf/5.3.0/../../../../../H-x86_64-mingw32/nios2-elf/lib/mno-hw-mul\libsmallc.a(lib_a-strlen.o)
 .debug_line    0x0000000000000c73      0x351 c:/intelfpga_lite/18.0/nios2eds/bin/gnu/h-x86_64-mingw32/bin/../lib/gcc/nios2-elf/5.3.0/../../../../../H-x86_64-mingw32/nios2-elf/lib/mno-hw-mul\libsmallc.a(lib_a-vfprintf.o)
 .debug_line    0x0000000000000fc4      0x1f0 c:/intelfpga_lite/18.0/nios2eds/bin/gnu/h-x86_64-mingw32/bin/../lib/gcc/nios2-elf/5.3.0/../../../../../H-x86_64-mingw32/nios2-elf/lib/mno-hw-mul\libsmallc.a(lib_a-fvwrite_small_dev.o)
 .debug_line    0x00000000000011b4      0x156 c:/intelfpga_lite/18.0/nios2eds/bin/gnu/h-x86_64-mingw32/bin/../lib/gcc/nios2-elf/5.3.0/../../../../../H-x86_64-mingw32/nios2-elf/lib/mno-hw-mul\libsmallc.a(lib_a-impure.o)
 .debug_line    0x000000000000130a      0x1ed c:/intelfpga_lite/18.0/nios2eds/bin/gnu/h-x86_64-mingw32/bin/../lib/gcc/nios2-elf/5.3.0/../../../../../H-x86_64-mingw32/nios2-elf/lib/mno-hw-mul\libsmallc.a(lib_a-writer.o)
 .debug_line    0x00000000000014f7       0x5f c:/intelfpga_lite/18.0/nios2eds/bin/gnu/h-x86_64-mingw32/bin/../lib/gcc/nios2-elf/5.3.0/../../../../../H-x86_64-mingw32/nios2-elf/lib/mno-hw-mul\libsmallc.a(lib_a-int_errno.o)
 .debug_line    0x0000000000001556      0x105 c:/intelfpga_lite/18.0/nios2eds/bin/gnu/h-x86_64-mingw32/bin/../lib/gcc/nios2-elf/5.3.0/mno-hw-mul\libgcc.a(lib2-divmod.o)
 .debug_line    0x000000000000165b       0x80 c:/intelfpga_lite/18.0/nios2eds/bin/gnu/h-x86_64-mingw32/bin/../lib/gcc/nios2-elf/5.3.0/mno-hw-mul\libgcc.a(lib2-mul.o)
 .debug_line    0x00000000000016db       0x8e ../avalon_cap_bsp/\libhal_bsp.a(alt_load.o)
 .debug_line    0x0000000000001769       0x9e ../avalon_cap_bsp/\libhal_bsp.a(alt_main.o)
 .debug_line    0x0000000000001807       0xad ../avalon_cap_bsp/\libhal_bsp.a(alt_usleep.o)
 .debug_line    0x00000000000018b4      0x1db ../avalon_cap_bsp/\libhal_bsp.a(alt_write.o)
 .debug_line    0x0000000000001a8f      0x127 ../avalon_cap_bsp/\libhal_bsp.a(alt_sys_init.o)
 .debug_line    0x0000000000001bb6      0x112 ../avalon_cap_bsp/\libhal_bsp.a(altera_avalon_jtag_uart_fd.o)
 .debug_line    0x0000000000001cc8       0xfd ../avalon_cap_bsp/\libhal_bsp.a(altera_avalon_jtag_uart_read.o)
 .debug_line    0x0000000000001dc5       0xf4 ../avalon_cap_bsp/\libhal_bsp.a(altera_avalon_jtag_uart_write.o)
 .debug_line    0x0000000000001eb9       0xa2 ../avalon_cap_bsp/\libhal_bsp.a(alt_busy_sleep.o)
 .debug_line    0x0000000000001f5b      0x165 ../avalon_cap_bsp/\libhal_bsp.a(alt_close.o)
 .debug_line    0x00000000000020c0       0x51 ../avalon_cap_bsp/\libhal_bsp.a(alt_dcache_flush_all.o)
 .debug_line    0x0000000000002111       0xf8 ../avalon_cap_bsp/\libhal_bsp.a(alt_dev.o)
 .debug_line    0x0000000000002209       0xcf ../avalon_cap_bsp/\libhal_bsp.a(alt_dev_llist_insert.o)
 .debug_line    0x00000000000022d8       0x51 ../avalon_cap_bsp/\libhal_bsp.a(alt_errno.o)
 .debug_line    0x0000000000002329       0x4f ../avalon_cap_bsp/\libhal_bsp.a(alt_icache_flush_all.o)
 .debug_line    0x0000000000002378      0x135 ../avalon_cap_bsp/\libhal_bsp.a(alt_io_redirect.o)
 .debug_line    0x00000000000024ad      0x12b ../avalon_cap_bsp/\libhal_bsp.a(alt_open.o)
 .debug_line    0x00000000000025d8       0xb0 ../avalon_cap_bsp/\libhal_bsp.a(alt_release_fd.o)
 .debug_line    0x0000000000002688       0x51 ../avalon_cap_bsp/\libhal_bsp.a(altera_nios2_gen2_irq.o)
 .debug_line    0x00000000000026d9       0xb5 ../avalon_cap_bsp/\libhal_bsp.a(alt_find_dev.o)
 .debug_line    0x000000000000278e       0xd1 ../avalon_cap_bsp/\libhal_bsp.a(alt_find_file.o)
 .debug_line    0x000000000000285f       0xd7 ../avalon_cap_bsp/\libhal_bsp.a(alt_get_fd.o)
 .debug_line    0x0000000000002936      0x159 c:/intelfpga_lite/18.0/nios2eds/bin/gnu/h-x86_64-mingw32/bin/../lib/gcc/nios2-elf/5.3.0/../../../../../H-x86_64-mingw32/nios2-elf/lib/mno-hw-mul\libsmallc.a(lib_a-exit.o)
 .debug_line    0x0000000000002a8f      0x160 c:/intelfpga_lite/18.0/nios2eds/bin/gnu/h-x86_64-mingw32/bin/../lib/gcc/nios2-elf/5.3.0/../../../../../H-x86_64-mingw32/nios2-elf/lib/mno-hw-mul\libsmallc.a(lib_a-memcmp.o)
 .debug_line    0x0000000000002bef      0x232 c:/intelfpga_lite/18.0/nios2eds/bin/gnu/h-x86_64-mingw32/bin/../lib/gcc/nios2-elf/5.3.0/../../../../../H-x86_64-mingw32/nios2-elf/lib/mno-hw-mul\libsmallc.a(lib_a-__call_atexit.o)
 .debug_line    0x0000000000002e21       0x71 ../avalon_cap_bsp/\libhal_bsp.a(alt_exit.o)

.debug_frame    0x0000000000000000      0xabc
 *(.debug_frame)
 .debug_frame   0x0000000000000000       0x9c obj/default/avalon_cap.o
 .debug_frame   0x000000000000009c       0x38 c:/intelfpga_lite/18.0/nios2eds/bin/gnu/h-x86_64-mingw32/bin/../lib/gcc/nios2-elf/5.3.0/mno-hw-mul\libgcc.a(_fixunssfsi.o)
 .debug_frame   0x00000000000000d4       0x20 c:/intelfpga_lite/18.0/nios2eds/bin/gnu/h-x86_64-mingw32/bin/../lib/gcc/nios2-elf/5.3.0/mno-hw-mul\libgcc.a(gesf2.o)
 .debug_frame   0x00000000000000f4       0x40 c:/intelfpga_lite/18.0/nios2eds/bin/gnu/h-x86_64-mingw32/bin/../lib/gcc/nios2-elf/5.3.0/mno-hw-mul\libgcc.a(subsf3.o)
 .debug_frame   0x0000000000000134       0x20 c:/intelfpga_lite/18.0/nios2eds/bin/gnu/h-x86_64-mingw32/bin/../lib/gcc/nios2-elf/5.3.0/mno-hw-mul\libgcc.a(fixsfsi.o)
 .debug_frame   0x0000000000000154       0x34 c:/intelfpga_lite/18.0/nios2eds/bin/gnu/h-x86_64-mingw32/bin/../lib/gcc/nios2-elf/5.3.0/mno-hw-mul\libgcc.a(floatunsisf.o)
 .debug_frame   0x0000000000000188       0x20 c:/intelfpga_lite/18.0/nios2eds/bin/gnu/h-x86_64-mingw32/bin/../lib/gcc/nios2-elf/5.3.0/mno-hw-mul\libgcc.a(_clzsi2.o)
 .debug_frame   0x00000000000001a8       0x48 c:/intelfpga_lite/18.0/nios2eds/bin/gnu/h-x86_64-mingw32/bin/../lib/gcc/nios2-elf/5.3.0/../../../../../H-x86_64-mingw32/nios2-elf/lib/mno-hw-mul\libsmallc.a(lib_a-printf.o)
 .debug_frame   0x00000000000001f0       0x48 c:/intelfpga_lite/18.0/nios2eds/bin/gnu/h-x86_64-mingw32/bin/../lib/gcc/nios2-elf/5.3.0/../../../../../H-x86_64-mingw32/nios2-elf/lib/mno-hw-mul\libsmallc.a(lib_a-puts.o)
 .debug_frame   0x0000000000000238       0x20 c:/intelfpga_lite/18.0/nios2eds/bin/gnu/h-x86_64-mingw32/bin/../lib/gcc/nios2-elf/5.3.0/../../../../../H-x86_64-mingw32/nios2-elf/lib/mno-hw-mul\libsmallc.a(lib_a-strlen.o)
 .debug_frame   0x0000000000000258       0x8c c:/intelfpga_lite/18.0/nios2eds/bin/gnu/h-x86_64-mingw32/bin/../lib/gcc/nios2-elf/5.3.0/../../../../../H-x86_64-mingw32/nios2-elf/lib/mno-hw-mul\libsmallc.a(lib_a-vfprintf.o)
 .debug_frame   0x00000000000002e4       0x58 c:/intelfpga_lite/18.0/nios2eds/bin/gnu/h-x86_64-mingw32/bin/../lib/gcc/nios2-elf/5.3.0/../../../../../H-x86_64-mingw32/nios2-elf/lib/mno-hw-mul\libsmallc.a(lib_a-fvwrite_small_dev.o)
 .debug_frame   0x000000000000033c       0x38 c:/intelfpga_lite/18.0/nios2eds/bin/gnu/h-x86_64-mingw32/bin/../lib/gcc/nios2-elf/5.3.0/../../../../../H-x86_64-mingw32/nios2-elf/lib/mno-hw-mul\libsmallc.a(lib_a-writer.o)
 .debug_frame   0x0000000000000374       0x50 c:/intelfpga_lite/18.0/nios2eds/bin/gnu/h-x86_64-mingw32/bin/../lib/gcc/nios2-elf/5.3.0/mno-hw-mul\libgcc.a(lib2-divmod.o)
 .debug_frame   0x00000000000003c4       0x20 c:/intelfpga_lite/18.0/nios2eds/bin/gnu/h-x86_64-mingw32/bin/../lib/gcc/nios2-elf/5.3.0/mno-hw-mul\libgcc.a(lib2-mul.o)
 .debug_frame   0x00000000000003e4       0x5c ../avalon_cap_bsp/\libhal_bsp.a(alt_load.o)
 .debug_frame   0x0000000000000440       0x2c ../avalon_cap_bsp/\libhal_bsp.a(alt_main.o)
 .debug_frame   0x000000000000046c       0x38 ../avalon_cap_bsp/\libhal_bsp.a(alt_usleep.o)
 .debug_frame   0x00000000000004a4       0x60 ../avalon_cap_bsp/\libhal_bsp.a(alt_write.o)
 .debug_frame   0x0000000000000504       0x88 ../avalon_cap_bsp/\libhal_bsp.a(alt_sys_init.o)
 .debug_frame   0x000000000000058c       0x60 ../avalon_cap_bsp/\libhal_bsp.a(altera_avalon_jtag_uart_fd.o)
 .debug_frame   0x00000000000005ec       0x34 ../avalon_cap_bsp/\libhal_bsp.a(altera_avalon_jtag_uart_read.o)
 .debug_frame   0x0000000000000620       0x34 ../avalon_cap_bsp/\libhal_bsp.a(altera_avalon_jtag_uart_write.o)
 .debug_frame   0x0000000000000654       0x38 ../avalon_cap_bsp/\libhal_bsp.a(alt_busy_sleep.o)
 .debug_frame   0x000000000000068c       0x60 ../avalon_cap_bsp/\libhal_bsp.a(alt_close.o)
 .debug_frame   0x00000000000006ec       0x34 ../avalon_cap_bsp/\libhal_bsp.a(alt_dcache_flush_all.o)
 .debug_frame   0x0000000000000720       0x34 ../avalon_cap_bsp/\libhal_bsp.a(alt_dev.o)
 .debug_frame   0x0000000000000754       0x60 ../avalon_cap_bsp/\libhal_bsp.a(alt_dev_llist_insert.o)
 .debug_frame   0x00000000000007b4       0x34 ../avalon_cap_bsp/\libhal_bsp.a(alt_icache_flush_all.o)
 .debug_frame   0x00000000000007e8       0x64 ../avalon_cap_bsp/\libhal_bsp.a(alt_io_redirect.o)
 .debug_frame   0x000000000000084c       0x8c ../avalon_cap_bsp/\libhal_bsp.a(alt_open.o)
 .debug_frame   0x00000000000008d8       0x3c ../avalon_cap_bsp/\libhal_bsp.a(alt_release_fd.o)
 .debug_frame   0x0000000000000914       0x34 ../avalon_cap_bsp/\libhal_bsp.a(altera_nios2_gen2_irq.o)
 .debug_frame   0x0000000000000948       0x38 ../avalon_cap_bsp/\libhal_bsp.a(alt_find_dev.o)
 .debug_frame   0x0000000000000980       0x38 ../avalon_cap_bsp/\libhal_bsp.a(alt_find_file.o)
 .debug_frame   0x00000000000009b8       0x3c ../avalon_cap_bsp/\libhal_bsp.a(alt_get_fd.o)
 .debug_frame   0x00000000000009f4       0x28 c:/intelfpga_lite/18.0/nios2eds/bin/gnu/h-x86_64-mingw32/bin/../lib/gcc/nios2-elf/5.3.0/../../../../../H-x86_64-mingw32/nios2-elf/lib/mno-hw-mul\libsmallc.a(lib_a-exit.o)
 .debug_frame   0x0000000000000a1c       0x20 c:/intelfpga_lite/18.0/nios2eds/bin/gnu/h-x86_64-mingw32/bin/../lib/gcc/nios2-elf/5.3.0/../../../../../H-x86_64-mingw32/nios2-elf/lib/mno-hw-mul\libsmallc.a(lib_a-memcmp.o)
 .debug_frame   0x0000000000000a3c       0x54 c:/intelfpga_lite/18.0/nios2eds/bin/gnu/h-x86_64-mingw32/bin/../lib/gcc/nios2-elf/5.3.0/../../../../../H-x86_64-mingw32/nios2-elf/lib/mno-hw-mul\libsmallc.a(lib_a-__call_atexit.o)
 .debug_frame   0x0000000000000a90       0x2c ../avalon_cap_bsp/\libhal_bsp.a(alt_exit.o)

.debug_str      0x0000000000000000     0x186f
 *(.debug_str)
 .debug_str     0x0000000000000000      0x13c obj/default/avalon_cap.o
                                        0x180 (size before relaxing)
 .debug_str     0x000000000000013c      0x162 c:/intelfpga_lite/18.0/nios2eds/bin/gnu/h-x86_64-mingw32/bin/../lib/gcc/nios2-elf/5.3.0/mno-hw-mul\libgcc.a(_fixunssfsi.o)
                                        0x1eb (size before relaxing)
 .debug_str     0x000000000000029e       0x8b c:/intelfpga_lite/18.0/nios2eds/bin/gnu/h-x86_64-mingw32/bin/../lib/gcc/nios2-elf/5.3.0/mno-hw-mul\libgcc.a(gesf2.o)
                                        0x217 (size before relaxing)
 .debug_str     0x0000000000000329       0xc7 c:/intelfpga_lite/18.0/nios2eds/bin/gnu/h-x86_64-mingw32/bin/../lib/gcc/nios2-elf/5.3.0/mno-hw-mul\libgcc.a(subsf3.o)
                                        0x283 (size before relaxing)
 .debug_str     0x00000000000003f0       0x4e c:/intelfpga_lite/18.0/nios2eds/bin/gnu/h-x86_64-mingw32/bin/../lib/gcc/nios2-elf/5.3.0/mno-hw-mul\libgcc.a(fixsfsi.o)
                                        0x219 (size before relaxing)
 .debug_str     0x000000000000043e       0x70 c:/intelfpga_lite/18.0/nios2eds/bin/gnu/h-x86_64-mingw32/bin/../lib/gcc/nios2-elf/5.3.0/mno-hw-mul\libgcc.a(floatunsisf.o)
                                        0x24b (size before relaxing)
 .debug_str     0x00000000000004ae       0x20 c:/intelfpga_lite/18.0/nios2eds/bin/gnu/h-x86_64-mingw32/bin/../lib/gcc/nios2-elf/5.3.0/mno-hw-mul\libgcc.a(_clzsi2.o)
                                        0x200 (size before relaxing)
 .debug_str     0x00000000000004ce      0x1e3 c:/intelfpga_lite/18.0/nios2eds/bin/gnu/h-x86_64-mingw32/bin/../lib/gcc/nios2-elf/5.3.0/mno-hw-mul\libgcc.a(_clz.o)
 .debug_str     0x00000000000004ce      0x431 c:/intelfpga_lite/18.0/nios2eds/bin/gnu/h-x86_64-mingw32/bin/../lib/gcc/nios2-elf/5.3.0/../../../../../H-x86_64-mingw32/nios2-elf/lib/mno-hw-mul\libsmallc.a(lib_a-printf.o)
                                        0x504 (size before relaxing)
 .debug_str     0x00000000000008ff       0x63 c:/intelfpga_lite/18.0/nios2eds/bin/gnu/h-x86_64-mingw32/bin/../lib/gcc/nios2-elf/5.3.0/../../../../../H-x86_64-mingw32/nios2-elf/lib/mno-hw-mul\libsmallc.a(lib_a-puts.o)
                                        0x4cd (size before relaxing)
 .debug_str     0x0000000000000962       0xd2 c:/intelfpga_lite/18.0/nios2eds/bin/gnu/h-x86_64-mingw32/bin/../lib/gcc/nios2-elf/5.3.0/../../../../../H-x86_64-mingw32/nios2-elf/lib/mno-hw-mul\libsmallc.a(lib_a-strlen.o)
                                        0x1e5 (size before relaxing)
 .debug_str     0x0000000000000a34      0x1f2 c:/intelfpga_lite/18.0/nios2eds/bin/gnu/h-x86_64-mingw32/bin/../lib/gcc/nios2-elf/5.3.0/../../../../../H-x86_64-mingw32/nios2-elf/lib/mno-hw-mul\libsmallc.a(lib_a-vfprintf.o)
                                        0x67f (size before relaxing)
 .debug_str     0x0000000000000c26       0x63 c:/intelfpga_lite/18.0/nios2eds/bin/gnu/h-x86_64-mingw32/bin/../lib/gcc/nios2-elf/5.3.0/../../../../../H-x86_64-mingw32/nios2-elf/lib/mno-hw-mul\libsmallc.a(lib_a-fvwrite_small_dev.o)
                                        0x4d4 (size before relaxing)
 .debug_str     0x0000000000000c89       0xef c:/intelfpga_lite/18.0/nios2eds/bin/gnu/h-x86_64-mingw32/bin/../lib/gcc/nios2-elf/5.3.0/../../../../../H-x86_64-mingw32/nios2-elf/lib/mno-hw-mul\libsmallc.a(lib_a-impure.o)
                                        0x4be (size before relaxing)
 .debug_str     0x0000000000000d78       0x45 c:/intelfpga_lite/18.0/nios2eds/bin/gnu/h-x86_64-mingw32/bin/../lib/gcc/nios2-elf/5.3.0/../../../../../H-x86_64-mingw32/nios2-elf/lib/mno-hw-mul\libsmallc.a(lib_a-writer.o)
                                        0x4b8 (size before relaxing)
 .debug_str     0x0000000000000dbd       0x3f c:/intelfpga_lite/18.0/nios2eds/bin/gnu/h-x86_64-mingw32/bin/../lib/gcc/nios2-elf/5.3.0/../../../../../H-x86_64-mingw32/nios2-elf/lib/mno-hw-mul\libsmallc.a(lib_a-int_errno.o)
                                        0x1d8 (size before relaxing)
 .debug_str     0x0000000000000dfc       0x7f c:/intelfpga_lite/18.0/nios2eds/bin/gnu/h-x86_64-mingw32/bin/../lib/gcc/nios2-elf/5.3.0/mno-hw-mul\libgcc.a(lib2-divmod.o)
                                        0x1d2 (size before relaxing)
 .debug_str     0x0000000000000e7b       0x40 c:/intelfpga_lite/18.0/nios2eds/bin/gnu/h-x86_64-mingw32/bin/../lib/gcc/nios2-elf/5.3.0/mno-hw-mul\libgcc.a(lib2-mul.o)
                                        0x193 (size before relaxing)
 .debug_str     0x0000000000000ebb      0x11f ../avalon_cap_bsp/\libhal_bsp.a(alt_load.o)
                                        0x20e (size before relaxing)
 .debug_str     0x0000000000000fda       0x70 ../avalon_cap_bsp/\libhal_bsp.a(alt_main.o)
                                        0x199 (size before relaxing)
 .debug_str     0x000000000000104a       0x27 ../avalon_cap_bsp/\libhal_bsp.a(alt_usleep.o)
                                        0x144 (size before relaxing)
 .debug_str     0x0000000000001071      0x15f ../avalon_cap_bsp/\libhal_bsp.a(alt_write.o)
                                        0x2f4 (size before relaxing)
 .debug_str     0x00000000000011d0      0x105 ../avalon_cap_bsp/\libhal_bsp.a(alt_sys_init.o)
                                        0x2d0 (size before relaxing)
 .debug_str     0x00000000000012d5       0x77 ../avalon_cap_bsp/\libhal_bsp.a(altera_avalon_jtag_uart_fd.o)
                                        0x2d1 (size before relaxing)
 .debug_str     0x000000000000134c       0x48 ../avalon_cap_bsp/\libhal_bsp.a(altera_avalon_jtag_uart_read.o)
                                        0x21b (size before relaxing)
 .debug_str     0x0000000000001394       0x4a ../avalon_cap_bsp/\libhal_bsp.a(altera_avalon_jtag_uart_write.o)
                                        0x211 (size before relaxing)
 .debug_str     0x00000000000013de       0x42 ../avalon_cap_bsp/\libhal_bsp.a(alt_busy_sleep.o)
                                        0x167 (size before relaxing)
 .debug_str     0x0000000000001420       0x1b ../avalon_cap_bsp/\libhal_bsp.a(alt_close.o)
                                        0x207 (size before relaxing)
 .debug_str     0x000000000000143b       0x34 ../avalon_cap_bsp/\libhal_bsp.a(alt_dcache_flush_all.o)
                                        0x151 (size before relaxing)
 .debug_str     0x000000000000146f       0x50 ../avalon_cap_bsp/\libhal_bsp.a(alt_dev.o)
                                        0x301 (size before relaxing)
 .debug_str     0x00000000000014bf       0x4b ../avalon_cap_bsp/\libhal_bsp.a(alt_dev_llist_insert.o)
                                        0x1c8 (size before relaxing)
 .debug_str     0x000000000000150a       0x14 ../avalon_cap_bsp/\libhal_bsp.a(alt_errno.o)
                                        0x141 (size before relaxing)
 .debug_str     0x000000000000151e       0x34 ../avalon_cap_bsp/\libhal_bsp.a(alt_icache_flush_all.o)
                                        0x151 (size before relaxing)
 .debug_str     0x0000000000001552       0x56 ../avalon_cap_bsp/\libhal_bsp.a(alt_io_redirect.o)
                                        0x312 (size before relaxing)
 .debug_str     0x00000000000015a8       0x36 ../avalon_cap_bsp/\libhal_bsp.a(alt_open.o)
                                        0x247 (size before relaxing)
 .debug_str     0x00000000000015de       0x28 ../avalon_cap_bsp/\libhal_bsp.a(alt_release_fd.o)
                                        0x1cf (size before relaxing)
 .debug_str     0x0000000000001606       0x3b ../avalon_cap_bsp/\libhal_bsp.a(altera_nios2_gen2_irq.o)
                                        0x158 (size before relaxing)
 .debug_str     0x0000000000001641       0x24 ../avalon_cap_bsp/\libhal_bsp.a(alt_find_dev.o)
                                        0x1e8 (size before relaxing)
 .debug_str     0x0000000000001665       0x26 ../avalon_cap_bsp/\libhal_bsp.a(alt_find_file.o)
                                        0x1f6 (size before relaxing)
 .debug_str     0x000000000000168b       0x30 ../avalon_cap_bsp/\libhal_bsp.a(alt_get_fd.o)
                                        0x218 (size before relaxing)
 .debug_str     0x00000000000016bb       0xe1 c:/intelfpga_lite/18.0/nios2eds/bin/gnu/h-x86_64-mingw32/bin/../lib/gcc/nios2-elf/5.3.0/../../../../../H-x86_64-mingw32/nios2-elf/lib/mno-hw-mul\libsmallc.a(lib_a-exit.o)
                                        0x1f0 (size before relaxing)
 .debug_str     0x000000000000179c       0x44 c:/intelfpga_lite/18.0/nios2eds/bin/gnu/h-x86_64-mingw32/bin/../lib/gcc/nios2-elf/5.3.0/../../../../../H-x86_64-mingw32/nios2-elf/lib/mno-hw-mul\libsmallc.a(lib_a-memcmp.o)
                                        0x1df (size before relaxing)
 .debug_str     0x00000000000017e0       0x65 c:/intelfpga_lite/18.0/nios2eds/bin/gnu/h-x86_64-mingw32/bin/../lib/gcc/nios2-elf/5.3.0/../../../../../H-x86_64-mingw32/nios2-elf/lib/mno-hw-mul\libsmallc.a(lib_a-__call_atexit.o)
                                        0x4eb (size before relaxing)
 .debug_str     0x0000000000001845       0x2a ../avalon_cap_bsp/\libhal_bsp.a(alt_exit.o)
                                        0x14d (size before relaxing)

.debug_loc      0x0000000000000000     0x2324
 *(.debug_loc)
 .debug_loc     0x0000000000000000       0x23 c:/intelfpga_lite/18.0/nios2eds/bin/gnu/h-x86_64-mingw32/bin/../lib/gcc/nios2-elf/5.3.0/mno-hw-mul\libgcc.a(_fixunssfsi.o)
 .debug_loc     0x0000000000000023      0x13f c:/intelfpga_lite/18.0/nios2eds/bin/gnu/h-x86_64-mingw32/bin/../lib/gcc/nios2-elf/5.3.0/mno-hw-mul\libgcc.a(gesf2.o)
 .debug_loc     0x0000000000000162      0xaf4 c:/intelfpga_lite/18.0/nios2eds/bin/gnu/h-x86_64-mingw32/bin/../lib/gcc/nios2-elf/5.3.0/mno-hw-mul\libgcc.a(subsf3.o)
 .debug_loc     0x0000000000000c56       0xc3 c:/intelfpga_lite/18.0/nios2eds/bin/gnu/h-x86_64-mingw32/bin/../lib/gcc/nios2-elf/5.3.0/mno-hw-mul\libgcc.a(fixsfsi.o)
 .debug_loc     0x0000000000000d19      0x1b2 c:/intelfpga_lite/18.0/nios2eds/bin/gnu/h-x86_64-mingw32/bin/../lib/gcc/nios2-elf/5.3.0/mno-hw-mul\libgcc.a(floatunsisf.o)
 .debug_loc     0x0000000000000ecb       0x6b c:/intelfpga_lite/18.0/nios2eds/bin/gnu/h-x86_64-mingw32/bin/../lib/gcc/nios2-elf/5.3.0/mno-hw-mul\libgcc.a(_clzsi2.o)
 .debug_loc     0x0000000000000f36       0xc6 c:/intelfpga_lite/18.0/nios2eds/bin/gnu/h-x86_64-mingw32/bin/../lib/gcc/nios2-elf/5.3.0/../../../../../H-x86_64-mingw32/nios2-elf/lib/mno-hw-mul\libsmallc.a(lib_a-printf.o)
 .debug_loc     0x0000000000000ffc       0x97 c:/intelfpga_lite/18.0/nios2eds/bin/gnu/h-x86_64-mingw32/bin/../lib/gcc/nios2-elf/5.3.0/../../../../../H-x86_64-mingw32/nios2-elf/lib/mno-hw-mul\libsmallc.a(lib_a-puts.o)
 .debug_loc     0x0000000000001093       0x1e c:/intelfpga_lite/18.0/nios2eds/bin/gnu/h-x86_64-mingw32/bin/../lib/gcc/nios2-elf/5.3.0/../../../../../H-x86_64-mingw32/nios2-elf/lib/mno-hw-mul\libsmallc.a(lib_a-strlen.o)
 .debug_loc     0x00000000000010b1      0x954 c:/intelfpga_lite/18.0/nios2eds/bin/gnu/h-x86_64-mingw32/bin/../lib/gcc/nios2-elf/5.3.0/../../../../../H-x86_64-mingw32/nios2-elf/lib/mno-hw-mul\libsmallc.a(lib_a-vfprintf.o)
 .debug_loc     0x0000000000001a05      0x110 c:/intelfpga_lite/18.0/nios2eds/bin/gnu/h-x86_64-mingw32/bin/../lib/gcc/nios2-elf/5.3.0/../../../../../H-x86_64-mingw32/nios2-elf/lib/mno-hw-mul\libsmallc.a(lib_a-fvwrite_small_dev.o)
 .debug_loc     0x0000000000001b15       0xa5 c:/intelfpga_lite/18.0/nios2eds/bin/gnu/h-x86_64-mingw32/bin/../lib/gcc/nios2-elf/5.3.0/../../../../../H-x86_64-mingw32/nios2-elf/lib/mno-hw-mul\libsmallc.a(lib_a-writer.o)
 .debug_loc     0x0000000000001bba      0x4ce c:/intelfpga_lite/18.0/nios2eds/bin/gnu/h-x86_64-mingw32/bin/../lib/gcc/nios2-elf/5.3.0/mno-hw-mul\libgcc.a(lib2-divmod.o)
 .debug_loc     0x0000000000002088       0x93 c:/intelfpga_lite/18.0/nios2eds/bin/gnu/h-x86_64-mingw32/bin/../lib/gcc/nios2-elf/5.3.0/mno-hw-mul\libgcc.a(lib2-mul.o)
 .debug_loc     0x000000000000211b       0x1e c:/intelfpga_lite/18.0/nios2eds/bin/gnu/h-x86_64-mingw32/bin/../lib/gcc/nios2-elf/5.3.0/../../../../../H-x86_64-mingw32/nios2-elf/lib/mno-hw-mul\libsmallc.a(lib_a-exit.o)
 .debug_loc     0x0000000000002139       0x94 c:/intelfpga_lite/18.0/nios2eds/bin/gnu/h-x86_64-mingw32/bin/../lib/gcc/nios2-elf/5.3.0/../../../../../H-x86_64-mingw32/nios2-elf/lib/mno-hw-mul\libsmallc.a(lib_a-memcmp.o)
 .debug_loc     0x00000000000021cd      0x157 c:/intelfpga_lite/18.0/nios2eds/bin/gnu/h-x86_64-mingw32/bin/../lib/gcc/nios2-elf/5.3.0/../../../../../H-x86_64-mingw32/nios2-elf/lib/mno-hw-mul\libsmallc.a(lib_a-__call_atexit.o)

.debug_macinfo
 *(.debug_macinfo)

.debug_weaknames
 *(.debug_weaknames)

.debug_funcnames
 *(.debug_funcnames)

.debug_typenames
 *(.debug_typenames)

.debug_varnames
 *(.debug_varnames)

.debug_alt_sim_info
                0x0000000000000000       0x40
 *(.debug_alt_sim_info)
 .debug_alt_sim_info
                0x0000000000000000       0x10 ../avalon_cap_bsp//obj/HAL/src/crt0.o
 .debug_alt_sim_info
                0x0000000000000010       0x30 ../avalon_cap_bsp/\libhal_bsp.a(alt_busy_sleep.o)
                0x000000000000ce20                __alt_data_end = 0xce20
                0x000000000000ce20                PROVIDE (__alt_stack_pointer, __alt_data_end)
                [!provide]                        PROVIDE (__alt_stack_limit, __alt_stack_base)
                [!provide]                        PROVIDE (__alt_heap_start, end)
                [!provide]                        PROVIDE (__alt_heap_limit, 0xce20)
OUTPUT(avalon_cap.elf elf32-littlenios2)

.debug_ranges   0x0000000000000000      0x4a0
 .debug_ranges  0x0000000000000000       0x20 ../avalon_cap_bsp//obj/HAL/src/crt0.o
 .debug_ranges  0x0000000000000020       0x88 c:/intelfpga_lite/18.0/nios2eds/bin/gnu/h-x86_64-mingw32/bin/../lib/gcc/nios2-elf/5.3.0/mno-hw-mul\libgcc.a(gesf2.o)
 .debug_ranges  0x00000000000000a8      0x178 c:/intelfpga_lite/18.0/nios2eds/bin/gnu/h-x86_64-mingw32/bin/../lib/gcc/nios2-elf/5.3.0/mno-hw-mul\libgcc.a(subsf3.o)
 .debug_ranges  0x0000000000000220       0x30 c:/intelfpga_lite/18.0/nios2eds/bin/gnu/h-x86_64-mingw32/bin/../lib/gcc/nios2-elf/5.3.0/mno-hw-mul\libgcc.a(fixsfsi.o)
 .debug_ranges  0x0000000000000250       0x38 c:/intelfpga_lite/18.0/nios2eds/bin/gnu/h-x86_64-mingw32/bin/../lib/gcc/nios2-elf/5.3.0/mno-hw-mul\libgcc.a(floatunsisf.o)
 .debug_ranges  0x0000000000000288       0x18 c:/intelfpga_lite/18.0/nios2eds/bin/gnu/h-x86_64-mingw32/bin/../lib/gcc/nios2-elf/5.3.0/mno-hw-mul\libgcc.a(_clzsi2.o)
 .debug_ranges  0x00000000000002a0       0x18 c:/intelfpga_lite/18.0/nios2eds/bin/gnu/h-x86_64-mingw32/bin/../lib/gcc/nios2-elf/5.3.0/../../../../../H-x86_64-mingw32/nios2-elf/lib/mno-hw-mul\libsmallc.a(lib_a-printf.o)
 .debug_ranges  0x00000000000002b8       0x18 c:/intelfpga_lite/18.0/nios2eds/bin/gnu/h-x86_64-mingw32/bin/../lib/gcc/nios2-elf/5.3.0/../../../../../H-x86_64-mingw32/nios2-elf/lib/mno-hw-mul\libsmallc.a(lib_a-puts.o)
 .debug_ranges  0x00000000000002d0       0x10 c:/intelfpga_lite/18.0/nios2eds/bin/gnu/h-x86_64-mingw32/bin/../lib/gcc/nios2-elf/5.3.0/../../../../../H-x86_64-mingw32/nios2-elf/lib/mno-hw-mul\libsmallc.a(lib_a-strlen.o)
 .debug_ranges  0x00000000000002e0       0xc8 c:/intelfpga_lite/18.0/nios2eds/bin/gnu/h-x86_64-mingw32/bin/../lib/gcc/nios2-elf/5.3.0/../../../../../H-x86_64-mingw32/nios2-elf/lib/mno-hw-mul\libsmallc.a(lib_a-vfprintf.o)
 .debug_ranges  0x00000000000003a8       0x28 c:/intelfpga_lite/18.0/nios2eds/bin/gnu/h-x86_64-mingw32/bin/../lib/gcc/nios2-elf/5.3.0/../../../../../H-x86_64-mingw32/nios2-elf/lib/mno-hw-mul\libsmallc.a(lib_a-fvwrite_small_dev.o)
 .debug_ranges  0x00000000000003d0       0x10 c:/intelfpga_lite/18.0/nios2eds/bin/gnu/h-x86_64-mingw32/bin/../lib/gcc/nios2-elf/5.3.0/../../../../../H-x86_64-mingw32/nios2-elf/lib/mno-hw-mul\libsmallc.a(lib_a-writer.o)
 .debug_ranges  0x00000000000003e0       0x60 c:/intelfpga_lite/18.0/nios2eds/bin/gnu/h-x86_64-mingw32/bin/../lib/gcc/nios2-elf/5.3.0/mno-hw-mul\libgcc.a(lib2-divmod.o)
 .debug_ranges  0x0000000000000440       0x18 ../avalon_cap_bsp/\libhal_bsp.a(altera_avalon_jtag_uart_read.o)
 .debug_ranges  0x0000000000000458       0x10 c:/intelfpga_lite/18.0/nios2eds/bin/gnu/h-x86_64-mingw32/bin/../lib/gcc/nios2-elf/5.3.0/../../../../../H-x86_64-mingw32/nios2-elf/lib/mno-hw-mul\libsmallc.a(lib_a-exit.o)
 .debug_ranges  0x0000000000000468       0x10 c:/intelfpga_lite/18.0/nios2eds/bin/gnu/h-x86_64-mingw32/bin/../lib/gcc/nios2-elf/5.3.0/../../../../../H-x86_64-mingw32/nios2-elf/lib/mno-hw-mul\libsmallc.a(lib_a-memcmp.o)
 .debug_ranges  0x0000000000000478       0x28 c:/intelfpga_lite/18.0/nios2eds/bin/gnu/h-x86_64-mingw32/bin/../lib/gcc/nios2-elf/5.3.0/../../../../../H-x86_64-mingw32/nios2-elf/lib/mno-hw-mul\libsmallc.a(lib_a-__call_atexit.o)
