Flow report for Fonction1_Vitesse_anememtre
Tue Oct 22 15:14:16 2024
Quartus Prime Version 18.1.0 Build 625 09/12/2018 SJ Lite Edition


---------------------
; Table of Contents ;
---------------------
  1. Legal Notice
  2. Flow Summary
  3. Flow Settings
  4. Flow Non-Default Global Settings
  5. Flow Elapsed Time
  6. Flow OS Summary
  7. Flow Log
  8. Flow Messages
  9. Flow Suppressed Messages



----------------
; Legal Notice ;
----------------
Copyright (C) 2018  Intel Corporation. All rights reserved.
Your use of Intel Corporation's design tools, logic functions 
and other software and tools, and its AMPP partner logic 
functions, and any output files from any of the foregoing 
(including device programming or simulation files), and any 
associated documentation or information are expressly subject 
to the terms and conditions of the Intel Program License 
Subscription Agreement, the Intel Quartus Prime License Agreement,
the Intel FPGA IP License Agreement, or other applicable license
agreement, including, without limitation, that your use is for
the sole purpose of programming logic devices manufactured by
Intel and sold by Intel or its authorized distributors.  Please
refer to the applicable agreement for further details.



+----------------------------------------------------------------------------------+
; Flow Summary                                                                     ;
+------------------------------------+---------------------------------------------+
; Flow Status                        ; Successful - Tue Oct 22 15:14:16 2024       ;
; Quartus Prime Version              ; 18.1.0 Build 625 09/12/2018 SJ Lite Edition ;
; Revision Name                      ; Fonction1_Vitesse_anememtre                 ;
; Top-level Entity Name              ; anemo_block                                 ;
; Family                             ; Cyclone IV E                                ;
; Device                             ; EP4CE22F17C6                                ;
; Timing Models                      ; Final                                       ;
; Total logic elements               ; 1,968 / 22,320 ( 9 % )                      ;
;     Total combinational functions  ; 1,852 / 22,320 ( 8 % )                      ;
;     Dedicated logic registers      ; 1,026 / 22,320 ( 5 % )                      ;
; Total registers                    ; 1026                                        ;
; Total pins                         ; 2 / 154 ( 1 % )                             ;
; Total virtual pins                 ; 0                                           ;
; Total memory bits                  ; 171,264 / 608,256 ( 28 % )                  ;
; Embedded Multiplier 9-bit elements ; 0 / 132 ( 0 % )                             ;
; Total PLLs                         ; 0 / 4 ( 0 % )                               ;
+------------------------------------+---------------------------------------------+


+-------------------------------------------------+
; Flow Settings                                   ;
+-------------------+-----------------------------+
; Option            ; Setting                     ;
+-------------------+-----------------------------+
; Start date & time ; 10/22/2024 15:13:25         ;
; Main task         ; Compilation                 ;
; Revision Name     ; Fonction1_Vitesse_anememtre ;
+-------------------+-----------------------------+


+---------------------------------------------------------------------------------------------------------------------------------------------------------------------------------------+
; Flow Non-Default Global Settings                                                                                                                                                      ;
+-------------------------------------+------------------------------------------------------------------------------------+-----------------------------+-------------+----------------+
; Assignment Name                     ; Value                                                                              ; Default Value               ; Entity Name ; Section Id     ;
+-------------------------------------+------------------------------------------------------------------------------------+-----------------------------+-------------+----------------+
; COMPILER_SIGNATURE_ID               ; 233730241450566.172960280513120                                                    ; --                          ; --          ; --             ;
; EDA_GENERATE_FUNCTIONAL_NETLIST     ; On                                                                                 ; --                          ; --          ; eda_simulation ;
; EDA_OUTPUT_DATA_FORMAT              ; Vhdl                                                                               ; --                          ; --          ; eda_simulation ;
; EDA_SIMULATION_TOOL                 ; ModelSim-Altera (VHDL)                                                             ; <None>                      ; --          ; --             ;
; EDA_TIME_SCALE                      ; 1 ps                                                                               ; --                          ; --          ; eda_simulation ;
; MAX_CORE_JUNCTION_TEMP              ; 85                                                                                 ; --                          ; --          ; --             ;
; MIN_CORE_JUNCTION_TEMP              ; 0                                                                                  ; --                          ; --          ; --             ;
; PARTITION_COLOR                     ; -- (Not supported for targeted family)                                             ; --                          ; anemo_block ; Top            ;
; PARTITION_FITTER_PRESERVATION_LEVEL ; -- (Not supported for targeted family)                                             ; --                          ; anemo_block ; Top            ;
; PARTITION_NETLIST_TYPE              ; -- (Not supported for targeted family)                                             ; --                          ; anemo_block ; Top            ;
; POWER_BOARD_THERMAL_MODEL           ; None (CONSERVATIVE)                                                                ; --                          ; --          ; --             ;
; POWER_PRESET_COOLING_SOLUTION       ; 23 MM HEAT SINK WITH 200 LFPM AIRFLOW                                              ; --                          ; --          ; --             ;
; PROJECT_OUTPUT_DIRECTORY            ; output_files                                                                       ; --                          ; --          ; --             ;
; SEARCH_PATH                         ; c:\users\redat\desktop\sopc\fonction1_vitesse_anem\sopc_anemo\synthesis\submodules ; --                          ; --          ; --             ;
; SEARCH_PATH                         ; c:\users\redat\desktop\sopc\fonction1_vitesse_anem\sopc_anemo\synthesis            ; --                          ; --          ; --             ;
; SEARCH_PATH                         ; c:\users\redat\desktop\sopc\fonction1_vitesse_anem\work                            ; --                          ; --          ; --             ;
; TOP_LEVEL_ENTITY                    ; anemo_block                                                                        ; Fonction1_Vitesse_anememtre ; --          ; --             ;
+-------------------------------------+------------------------------------------------------------------------------------+-----------------------------+-------------+----------------+


+--------------------------------------------------------------------------------------------------------------------------+
; Flow Elapsed Time                                                                                                        ;
+----------------------+--------------+-------------------------+---------------------+------------------------------------+
; Module Name          ; Elapsed Time ; Average Processors Used ; Peak Virtual Memory ; Total CPU Time (on all processors) ;
+----------------------+--------------+-------------------------+---------------------+------------------------------------+
; Analysis & Synthesis ; 00:00:31     ; 1.0                     ; 4913 MB             ; 00:00:22                           ;
; Fitter               ; 00:00:09     ; 1.1                     ; 5688 MB             ; 00:00:06                           ;
; Assembler            ; 00:00:01     ; 1.0                     ; 4689 MB             ; 00:00:01                           ;
; Timing Analyzer      ; 00:00:03     ; 1.2                     ; 4829 MB             ; 00:00:02                           ;
; EDA Netlist Writer   ; 00:00:02     ; 1.0                     ; 4650 MB             ; 00:00:02                           ;
; Total                ; 00:00:46     ; --                      ; --                  ; 00:00:33                           ;
+----------------------+--------------+-------------------------+---------------------+------------------------------------+


+------------------------------------------------------------------------------------+
; Flow OS Summary                                                                    ;
+----------------------+------------------+------------+------------+----------------+
; Module Name          ; Machine Hostname ; OS Name    ; OS Version ; Processor type ;
+----------------------+------------------+------------+------------+----------------+
; Analysis & Synthesis ; DESKTOP-8PSGEGM  ; Windows 10 ; 10.0       ; x86_64         ;
; Fitter               ; DESKTOP-8PSGEGM  ; Windows 10 ; 10.0       ; x86_64         ;
; Assembler            ; DESKTOP-8PSGEGM  ; Windows 10 ; 10.0       ; x86_64         ;
; Timing Analyzer      ; DESKTOP-8PSGEGM  ; Windows 10 ; 10.0       ; x86_64         ;
; EDA Netlist Writer   ; DESKTOP-8PSGEGM  ; Windows 10 ; 10.0       ; x86_64         ;
+----------------------+------------------+------------+------------+----------------+


------------
; Flow Log ;
------------
quartus_map --read_settings_files=on --write_settings_files=off Fonction1_Vitesse_anememtre -c Fonction1_Vitesse_anememtre
quartus_fit --read_settings_files=off --write_settings_files=off Fonction1_Vitesse_anememtre -c Fonction1_Vitesse_anememtre
quartus_asm --read_settings_files=off --write_settings_files=off Fonction1_Vitesse_anememtre -c Fonction1_Vitesse_anememtre
quartus_sta Fonction1_Vitesse_anememtre -c Fonction1_Vitesse_anememtre
quartus_eda --read_settings_files=off --write_settings_files=off Fonction1_Vitesse_anememtre -c Fonction1_Vitesse_anememtre



