Flow report for verin
Fri Dec 06 11:12:03 2024
Quartus Prime Version 18.0.0 Build 614 04/24/2018 SJ Lite Edition


---------------------
; Table of Contents ;
---------------------
  1. Legal Notice
  2. Flow Summary
  3. Flow Settings
  4. Flow Non-Default Global Settings
  5. Flow Elapsed Time
  6. Flow OS Summary
  7. Flow Log
  8. Flow Messages
  9. Flow Suppressed Messages



----------------
; Legal Notice ;
----------------
Copyright (C) 2018  Intel Corporation. All rights reserved.
Your use of Intel Corporation's design tools, logic functions 
and other software and tools, and its AMPP partner logic 
functions, and any output files from any of the foregoing 
(including device programming or simulation files), and any 
associated documentation or information are expressly subject 
to the terms and conditions of the Intel Program License 
Subscription Agreement, the Intel Quartus Prime License Agreement,
the Intel FPGA IP License Agreement, or other applicable license
agreement, including, without limitation, that your use is for
the sole purpose of programming logic devices manufactured by
Intel and sold by Intel or its authorized distributors.  Please
refer to the applicable agreement for further details.



+----------------------------------------------------------------------------------+
; Flow Summary                                                                     ;
+------------------------------------+---------------------------------------------+
; Flow Status                        ; Successful - Fri Dec 06 11:12:03 2024       ;
; Quartus Prime Version              ; 18.0.0 Build 614 04/24/2018 SJ Lite Edition ;
; Revision Name                      ; verin                                       ;
; Top-level Entity Name              ; bloc_gestion_verin                          ;
; Family                             ; Cyclone IV E                                ;
; Device                             ; EP4CE22F17C6                                ;
; Timing Models                      ; Final                                       ;
; Total logic elements               ; 4,459 / 22,320 ( 20 % )                     ;
;     Total combinational functions  ; 3,871 / 22,320 ( 17 % )                     ;
;     Dedicated logic registers      ; 1,932 / 22,320 ( 9 % )                      ;
; Total registers                    ; 1932                                        ;
; Total pins                         ; 6 / 154 ( 4 % )                             ;
; Total virtual pins                 ; 0                                           ;
; Total memory bits                  ; 244,992 / 608,256 ( 40 % )                  ;
; Embedded Multiplier 9-bit elements ; 2 / 132 ( 2 % )                             ;
; Total PLLs                         ; 0 / 4 ( 0 % )                               ;
+------------------------------------+---------------------------------------------+


+-----------------------------------------+
; Flow Settings                           ;
+-------------------+---------------------+
; Option            ; Setting             ;
+-------------------+---------------------+
; Start date & time ; 12/06/2024 11:06:56 ;
; Main task         ; Compilation         ;
; Revision Name     ; verin               ;
+-------------------+---------------------+


+-----------------------------------------------------------------------------------------------------------------------------------------------------------------------------------------------------------------------------------------------+
; Flow Non-Default Global Settings                                                                                                                                                                                                              ;
+-------------------------------------+-------------------------------------------------------------------------------------------------------------------------------------------------+---------------+--------------------+------------------+
; Assignment Name                     ; Value                                                                                                                                           ; Default Value ; Entity Name        ; Section Id       ;
+-------------------------------------+-------------------------------------------------------------------------------------------------------------------------------------------------+---------------+--------------------+------------------+
; COMPILER_SIGNATURE_ID               ; 185122850790301.173347961551868                                                                                                                 ; --            ; --                 ; --               ;
; EDA_GENERATE_FUNCTIONAL_NETLIST     ; On                                                                                                                                              ; --            ; --                 ; eda_simulation   ;
; EDA_OUTPUT_DATA_FORMAT              ; Vhdl                                                                                                                                            ; --            ; --                 ; eda_simulation   ;
; EDA_SIMULATION_TOOL                 ; ModelSim-Altera (VHDL)                                                                                                                          ; <None>        ; --                 ; --               ;
; EDA_TIME_SCALE                      ; 1 ps                                                                                                                                            ; --            ; --                 ; eda_simulation   ;
; ENABLE_SIGNALTAP                    ; On                                                                                                                                              ; --            ; --                 ; --               ;
; MAX_CORE_JUNCTION_TEMP              ; 85                                                                                                                                              ; --            ; --                 ; --               ;
; MIN_CORE_JUNCTION_TEMP              ; 0                                                                                                                                               ; --            ; --                 ; --               ;
; PARTITION_COLOR                     ; -- (Not supported for targeted family)                                                                                                          ; --            ; bloc_gestion_verin ; Top              ;
; PARTITION_FITTER_PRESERVATION_LEVEL ; -- (Not supported for targeted family)                                                                                                          ; --            ; bloc_gestion_verin ; Top              ;
; PARTITION_NETLIST_TYPE              ; -- (Not supported for targeted family)                                                                                                          ; --            ; bloc_gestion_verin ; Top              ;
; POWER_BOARD_THERMAL_MODEL           ; None (CONSERVATIVE)                                                                                                                             ; --            ; --                 ; --               ;
; POWER_PRESET_COOLING_SOLUTION       ; 23 MM HEAT SINK WITH 200 LFPM AIRFLOW                                                                                                           ; --            ; --                 ; --               ;
; PROJECT_OUTPUT_DIRECTORY            ; output_files                                                                                                                                    ; --            ; --                 ; --               ;
; SEARCH_PATH                         ; c:\intelfpga_lite\18.0\be\verin\sopc_verin\synthesis\submodules                                                                                 ; --            ; --                 ; --               ;
; SEARCH_PATH                         ; c:\intelfpga_lite\18.0\be\verin\sopc_verin\synthesis                                                                                            ; --            ; --                 ; --               ;
; SLD_FILE                            ; db/Verinstp_auto_stripped.stp                                                                                                                   ; --            ; --                 ; --               ;
; SLD_NODE_CREATOR_ID                 ; 110                                                                                                                                             ; --            ; --                 ; auto_signaltap_0 ;
; SLD_NODE_ENTITY_NAME                ; sld_signaltap                                                                                                                                   ; --            ; --                 ; auto_signaltap_0 ;
; SLD_NODE_PARAMETER_ASSIGNMENT       ; SLD_RAM_BLOCK_TYPE=AUTO                                                                                                                         ; --            ; --                 ; auto_signaltap_0 ;
; SLD_NODE_PARAMETER_ASSIGNMENT       ; SLD_NODE_INFO=805334528                                                                                                                         ; --            ; --                 ; auto_signaltap_0 ;
; SLD_NODE_PARAMETER_ASSIGNMENT       ; SLD_POWER_UP_TRIGGER=0                                                                                                                          ; --            ; --                 ; auto_signaltap_0 ;
; SLD_NODE_PARAMETER_ASSIGNMENT       ; SLD_STORAGE_QUALIFIER_INVERSION_MASK_LENGTH=0                                                                                                   ; --            ; --                 ; auto_signaltap_0 ;
; SLD_NODE_PARAMETER_ASSIGNMENT       ; SLD_ATTRIBUTE_MEM_MODE=OFF                                                                                                                      ; --            ; --                 ; auto_signaltap_0 ;
; SLD_NODE_PARAMETER_ASSIGNMENT       ; SLD_INCREMENTAL_ROUTING=1                                                                                                                       ; --            ; --                 ; auto_signaltap_0 ;
; SLD_NODE_PARAMETER_ASSIGNMENT       ; SLD_TRIGGER_LEVEL=2                                                                                                                             ; --            ; --                 ; auto_signaltap_0 ;
; SLD_NODE_PARAMETER_ASSIGNMENT       ; SLD_TRIGGER_IN_ENABLED=1                                                                                                                        ; --            ; --                 ; auto_signaltap_0 ;
; SLD_NODE_PARAMETER_ASSIGNMENT       ; SLD_TRIGGER_PIPELINE=0                                                                                                                          ; --            ; --                 ; auto_signaltap_0 ;
; SLD_NODE_PARAMETER_ASSIGNMENT       ; SLD_RAM_PIPELINE=2                                                                                                                              ; --            ; --                 ; auto_signaltap_0 ;
; SLD_NODE_PARAMETER_ASSIGNMENT       ; SLD_COUNTER_PIPELINE=0                                                                                                                          ; --            ; --                 ; auto_signaltap_0 ;
; SLD_NODE_PARAMETER_ASSIGNMENT       ; SLD_ADVANCED_TRIGGER_ENTITY=basic,1,basic,1,                                                                                                    ; --            ; --                 ; auto_signaltap_0 ;
; SLD_NODE_PARAMETER_ASSIGNMENT       ; SLD_TRIGGER_LEVEL_PIPELINE=1                                                                                                                    ; --            ; --                 ; auto_signaltap_0 ;
; SLD_NODE_PARAMETER_ASSIGNMENT       ; SLD_ENABLE_ADVANCED_TRIGGER=0                                                                                                                   ; --            ; --                 ; auto_signaltap_0 ;
; SLD_NODE_PARAMETER_ASSIGNMENT       ; SLD_DATA_BITS=18                                                                                                                                ; --            ; --                 ; auto_signaltap_0 ;
; SLD_NODE_PARAMETER_ASSIGNMENT       ; SLD_TRIGGER_BITS=18                                                                                                                             ; --            ; --                 ; auto_signaltap_0 ;
; SLD_NODE_PARAMETER_ASSIGNMENT       ; SLD_STORAGE_QUALIFIER_BITS=18                                                                                                                   ; --            ; --                 ; auto_signaltap_0 ;
; SLD_NODE_PARAMETER_ASSIGNMENT       ; SLD_INVERSION_MASK=0000000000000000000000000000000000000000000000000000000000000000000000000000000000000000000000000000000000000000000000000000 ; --            ; --                 ; auto_signaltap_0 ;
; SLD_NODE_PARAMETER_ASSIGNMENT       ; SLD_INVERSION_MASK_LENGTH=124                                                                                                                   ; --            ; --                 ; auto_signaltap_0 ;
; SLD_NODE_PARAMETER_ASSIGNMENT       ; SLD_SEGMENT_SIZE=4096                                                                                                                           ; --            ; --                 ; auto_signaltap_0 ;
; SLD_NODE_PARAMETER_ASSIGNMENT       ; SLD_STATE_FLOW_USE_GENERATED=1                                                                                                                  ; --            ; --                 ; auto_signaltap_0 ;
; SLD_NODE_PARAMETER_ASSIGNMENT       ; SLD_STATE_BITS=2                                                                                                                                ; --            ; --                 ; auto_signaltap_0 ;
; SLD_NODE_PARAMETER_ASSIGNMENT       ; SLD_STATE_FLOW_MGR_ENTITY=sld_reserved_verin_auto_signaltap_0_flow_mgr_e982                                                                     ; --            ; --                 ; auto_signaltap_0 ;
; SLD_NODE_PARAMETER_ASSIGNMENT       ; SLD_BUFFER_FULL_STOP=0                                                                                                                          ; --            ; --                 ; auto_signaltap_0 ;
; SLD_NODE_PARAMETER_ASSIGNMENT       ; SLD_CURRENT_RESOURCE_WIDTH=0                                                                                                                    ; --            ; --                 ; auto_signaltap_0 ;
; SLD_NODE_PARAMETER_ASSIGNMENT       ; SLD_SAMPLE_DEPTH=4096                                                                                                                           ; --            ; --                 ; auto_signaltap_0 ;
; TOP_LEVEL_ENTITY                    ; bloc_gestion_verin                                                                                                                              ; verin         ; --                 ; --               ;
; USE_SIGNALTAP_FILE                  ; output_files/Verinstp.stp                                                                                                                       ; --            ; --                 ; --               ;
+-------------------------------------+-------------------------------------------------------------------------------------------------------------------------------------------------+---------------+--------------------+------------------+


+--------------------------------------------------------------------------------------------------------------------------+
; Flow Elapsed Time                                                                                                        ;
+----------------------+--------------+-------------------------+---------------------+------------------------------------+
; Module Name          ; Elapsed Time ; Average Processors Used ; Peak Virtual Memory ; Total CPU Time (on all processors) ;
+----------------------+--------------+-------------------------+---------------------+------------------------------------+
; Analysis & Synthesis ; 00:03:35     ; 1.0                     ; 4924 MB             ; 00:02:40                           ;
; Fitter               ; 00:00:44     ; 1.2                     ; 5902 MB             ; 00:00:33                           ;
; Assembler            ; 00:00:07     ; 1.0                     ; 4694 MB             ; 00:00:05                           ;
; Timing Analyzer      ; 00:00:10     ; 1.4                     ; 4874 MB             ; 00:00:08                           ;
; EDA Netlist Writer   ; 00:00:11     ; 1.0                     ; 4661 MB             ; 00:00:07                           ;
; Total                ; 00:04:47     ; --                      ; --                  ; 00:03:33                           ;
+----------------------+--------------+-------------------------+---------------------+------------------------------------+


+------------------------------------------------------------------------------------+
; Flow OS Summary                                                                    ;
+----------------------+------------------+------------+------------+----------------+
; Module Name          ; Machine Hostname ; OS Name    ; OS Version ; Processor type ;
+----------------------+------------------+------------+------------+----------------+
; Analysis & Synthesis ; LAPTOP-V120SCSE  ; Windows 10 ; 10.0       ; x86_64         ;
; Fitter               ; LAPTOP-V120SCSE  ; Windows 10 ; 10.0       ; x86_64         ;
; Assembler            ; LAPTOP-V120SCSE  ; Windows 10 ; 10.0       ; x86_64         ;
; Timing Analyzer      ; LAPTOP-V120SCSE  ; Windows 10 ; 10.0       ; x86_64         ;
; EDA Netlist Writer   ; LAPTOP-V120SCSE  ; Windows 10 ; 10.0       ; x86_64         ;
+----------------------+------------------+------------+------------+----------------+


------------
; Flow Log ;
------------
quartus_map --read_settings_files=on --write_settings_files=off verin -c verin
quartus_fit --read_settings_files=off --write_settings_files=off verin -c verin
quartus_asm --read_settings_files=off --write_settings_files=off verin -c verin
quartus_sta verin -c verin
quartus_eda --read_settings_files=off --write_settings_files=off verin -c verin



