Archive member included to satisfy reference by file (symbol)

c:/intelfpga_lite/18.0/nios2eds/bin/gnu/h-x86_64-mingw32/bin/../lib/gcc/nios2-elf/5.3.0/../../../../../H-x86_64-mingw32/nios2-elf/lib/mno-hw-mul\libsmallc.a(lib_a-printf.o)
                              obj/default/hello_world.o (printf)
c:/intelfpga_lite/18.0/nios2eds/bin/gnu/h-x86_64-mingw32/bin/../lib/gcc/nios2-elf/5.3.0/../../../../../H-x86_64-mingw32/nios2-elf/lib/mno-hw-mul\libsmallc.a(lib_a-puts.o)
                              obj/default/hello_world.o (puts)
c:/intelfpga_lite/18.0/nios2eds/bin/gnu/h-x86_64-mingw32/bin/../lib/gcc/nios2-elf/5.3.0/../../../../../H-x86_64-mingw32/nios2-elf/lib/mno-hw-mul\libsmallc.a(lib_a-strlen.o)
                              c:/intelfpga_lite/18.0/nios2eds/bin/gnu/h-x86_64-mingw32/bin/../lib/gcc/nios2-elf/5.3.0/../../../../../H-x86_64-mingw32/nios2-elf/lib/mno-hw-mul\libsmallc.a(lib_a-puts.o) (strlen)
c:/intelfpga_lite/18.0/nios2eds/bin/gnu/h-x86_64-mingw32/bin/../lib/gcc/nios2-elf/5.3.0/../../../../../H-x86_64-mingw32/nios2-elf/lib/mno-hw-mul\libsmallc.a(lib_a-vfprintf.o)
                              c:/intelfpga_lite/18.0/nios2eds/bin/gnu/h-x86_64-mingw32/bin/../lib/gcc/nios2-elf/5.3.0/../../../../../H-x86_64-mingw32/nios2-elf/lib/mno-hw-mul\libsmallc.a(lib_a-printf.o) (___vfprintf_internal_r)
c:/intelfpga_lite/18.0/nios2eds/bin/gnu/h-x86_64-mingw32/bin/../lib/gcc/nios2-elf/5.3.0/../../../../../H-x86_64-mingw32/nios2-elf/lib/mno-hw-mul\libsmallc.a(lib_a-fvwrite_small_dev.o)
                              c:/intelfpga_lite/18.0/nios2eds/bin/gnu/h-x86_64-mingw32/bin/../lib/gcc/nios2-elf/5.3.0/../../../../../H-x86_64-mingw32/nios2-elf/lib/mno-hw-mul\libsmallc.a(lib_a-printf.o) (__sfvwrite_small_dev)
c:/intelfpga_lite/18.0/nios2eds/bin/gnu/h-x86_64-mingw32/bin/../lib/gcc/nios2-elf/5.3.0/../../../../../H-x86_64-mingw32/nios2-elf/lib/mno-hw-mul\libsmallc.a(lib_a-impure.o)
                              c:/intelfpga_lite/18.0/nios2eds/bin/gnu/h-x86_64-mingw32/bin/../lib/gcc/nios2-elf/5.3.0/../../../../../H-x86_64-mingw32/nios2-elf/lib/mno-hw-mul\libsmallc.a(lib_a-printf.o) (_impure_ptr)
c:/intelfpga_lite/18.0/nios2eds/bin/gnu/h-x86_64-mingw32/bin/../lib/gcc/nios2-elf/5.3.0/../../../../../H-x86_64-mingw32/nios2-elf/lib/mno-hw-mul\libsmallc.a(lib_a-writer.o)
                              c:/intelfpga_lite/18.0/nios2eds/bin/gnu/h-x86_64-mingw32/bin/../lib/gcc/nios2-elf/5.3.0/../../../../../H-x86_64-mingw32/nios2-elf/lib/mno-hw-mul\libsmallc.a(lib_a-fvwrite_small_dev.o) (_write_r)
c:/intelfpga_lite/18.0/nios2eds/bin/gnu/h-x86_64-mingw32/bin/../lib/gcc/nios2-elf/5.3.0/../../../../../H-x86_64-mingw32/nios2-elf/lib/mno-hw-mul\libsmallc.a(lib_a-int_errno.o)
                              c:/intelfpga_lite/18.0/nios2eds/bin/gnu/h-x86_64-mingw32/bin/../lib/gcc/nios2-elf/5.3.0/../../../../../H-x86_64-mingw32/nios2-elf/lib/mno-hw-mul\libsmallc.a(lib_a-writer.o) (errno)
c:/intelfpga_lite/18.0/nios2eds/bin/gnu/h-x86_64-mingw32/bin/../lib/gcc/nios2-elf/5.3.0/mno-hw-mul\libgcc.a(lib2-divmod.o)
                              c:/intelfpga_lite/18.0/nios2eds/bin/gnu/h-x86_64-mingw32/bin/../lib/gcc/nios2-elf/5.3.0/../../../../../H-x86_64-mingw32/nios2-elf/lib/mno-hw-mul\libsmallc.a(lib_a-vfprintf.o) (__udivsi3)
c:/intelfpga_lite/18.0/nios2eds/bin/gnu/h-x86_64-mingw32/bin/../lib/gcc/nios2-elf/5.3.0/mno-hw-mul\libgcc.a(lib2-mul.o)
                              c:/intelfpga_lite/18.0/nios2eds/bin/gnu/h-x86_64-mingw32/bin/../lib/gcc/nios2-elf/5.3.0/../../../../../H-x86_64-mingw32/nios2-elf/lib/mno-hw-mul\libsmallc.a(lib_a-vfprintf.o) (__mulsi3)
../Asservissement_niv_1_bsp/\libhal_bsp.a(alt_load.o)
                              ../Asservissement_niv_1_bsp//obj/HAL/src/crt0.o (alt_load)
../Asservissement_niv_1_bsp/\libhal_bsp.a(alt_main.o)
                              ../Asservissement_niv_1_bsp//obj/HAL/src/crt0.o (alt_main)
../Asservissement_niv_1_bsp/\libhal_bsp.a(alt_usleep.o)
                              obj/default/hello_world.o (usleep)
../Asservissement_niv_1_bsp/\libhal_bsp.a(alt_write.o)
                              c:/intelfpga_lite/18.0/nios2eds/bin/gnu/h-x86_64-mingw32/bin/../lib/gcc/nios2-elf/5.3.0/../../../../../H-x86_64-mingw32/nios2-elf/lib/mno-hw-mul\libsmallc.a(lib_a-writer.o) (write)
../Asservissement_niv_1_bsp/\libhal_bsp.a(alt_sys_init.o)
                              ../Asservissement_niv_1_bsp/\libhal_bsp.a(alt_main.o) (alt_irq_init)
../Asservissement_niv_1_bsp/\libhal_bsp.a(altera_avalon_jtag_uart_fd.o)
                              ../Asservissement_niv_1_bsp/\libhal_bsp.a(alt_sys_init.o) (altera_avalon_jtag_uart_read_fd)
../Asservissement_niv_1_bsp/\libhal_bsp.a(altera_avalon_jtag_uart_read.o)
                              ../Asservissement_niv_1_bsp/\libhal_bsp.a(altera_avalon_jtag_uart_fd.o) (altera_avalon_jtag_uart_read)
../Asservissement_niv_1_bsp/\libhal_bsp.a(altera_avalon_jtag_uart_write.o)
                              ../Asservissement_niv_1_bsp/\libhal_bsp.a(altera_avalon_jtag_uart_fd.o) (altera_avalon_jtag_uart_write)
../Asservissement_niv_1_bsp/\libhal_bsp.a(alt_busy_sleep.o)
                              ../Asservissement_niv_1_bsp/\libhal_bsp.a(alt_usleep.o) (alt_busy_sleep)
../Asservissement_niv_1_bsp/\libhal_bsp.a(alt_close.o)
                              ../Asservissement_niv_1_bsp/\libhal_bsp.a(alt_main.o) (close)
../Asservissement_niv_1_bsp/\libhal_bsp.a(alt_dcache_flush_all.o)
                              ../Asservissement_niv_1_bsp/\libhal_bsp.a(alt_load.o) (alt_dcache_flush_all)
../Asservissement_niv_1_bsp/\libhal_bsp.a(alt_dev.o)
                              ../Asservissement_niv_1_bsp/\libhal_bsp.a(alt_sys_init.o) (alt_dev_list)
../Asservissement_niv_1_bsp/\libhal_bsp.a(alt_dev_llist_insert.o)
                              ../Asservissement_niv_1_bsp/\libhal_bsp.a(alt_sys_init.o) (alt_dev_llist_insert)
../Asservissement_niv_1_bsp/\libhal_bsp.a(alt_errno.o)
                              ../Asservissement_niv_1_bsp/\libhal_bsp.a(alt_write.o) (alt_errno)
../Asservissement_niv_1_bsp/\libhal_bsp.a(alt_icache_flush_all.o)
                              ../Asservissement_niv_1_bsp/\libhal_bsp.a(alt_load.o) (alt_icache_flush_all)
../Asservissement_niv_1_bsp/\libhal_bsp.a(alt_io_redirect.o)
                              ../Asservissement_niv_1_bsp/\libhal_bsp.a(alt_main.o) (alt_io_redirect)
../Asservissement_niv_1_bsp/\libhal_bsp.a(alt_open.o)
                              ../Asservissement_niv_1_bsp/\libhal_bsp.a(alt_io_redirect.o) (open)
../Asservissement_niv_1_bsp/\libhal_bsp.a(alt_release_fd.o)
                              ../Asservissement_niv_1_bsp/\libhal_bsp.a(alt_close.o) (alt_release_fd)
../Asservissement_niv_1_bsp/\libhal_bsp.a(altera_nios2_gen2_irq.o)
                              ../Asservissement_niv_1_bsp/\libhal_bsp.a(alt_sys_init.o) (altera_nios2_gen2_irq_init)
../Asservissement_niv_1_bsp/\libhal_bsp.a(alt_find_dev.o)
                              ../Asservissement_niv_1_bsp/\libhal_bsp.a(alt_open.o) (alt_find_dev)
../Asservissement_niv_1_bsp/\libhal_bsp.a(alt_find_file.o)
                              ../Asservissement_niv_1_bsp/\libhal_bsp.a(alt_open.o) (alt_find_file)
../Asservissement_niv_1_bsp/\libhal_bsp.a(alt_get_fd.o)
                              ../Asservissement_niv_1_bsp/\libhal_bsp.a(alt_open.o) (alt_get_fd)
c:/intelfpga_lite/18.0/nios2eds/bin/gnu/h-x86_64-mingw32/bin/../lib/gcc/nios2-elf/5.3.0/../../../../../H-x86_64-mingw32/nios2-elf/lib/mno-hw-mul\libsmallc.a(lib_a-exit.o)
                              ../Asservissement_niv_1_bsp/\libhal_bsp.a(alt_main.o) (exit)
c:/intelfpga_lite/18.0/nios2eds/bin/gnu/h-x86_64-mingw32/bin/../lib/gcc/nios2-elf/5.3.0/../../../../../H-x86_64-mingw32/nios2-elf/lib/mno-hw-mul\libsmallc.a(lib_a-memcmp.o)
                              ../Asservissement_niv_1_bsp/\libhal_bsp.a(alt_find_dev.o) (memcmp)
c:/intelfpga_lite/18.0/nios2eds/bin/gnu/h-x86_64-mingw32/bin/../lib/gcc/nios2-elf/5.3.0/../../../../../H-x86_64-mingw32/nios2-elf/lib/mno-hw-mul\libsmallc.a(lib_a-__call_atexit.o)
                              c:/intelfpga_lite/18.0/nios2eds/bin/gnu/h-x86_64-mingw32/bin/../lib/gcc/nios2-elf/5.3.0/../../../../../H-x86_64-mingw32/nios2-elf/lib/mno-hw-mul\libsmallc.a(lib_a-exit.o) (__call_exitprocs)
../Asservissement_niv_1_bsp/\libhal_bsp.a(alt_exit.o)
                              c:/intelfpga_lite/18.0/nios2eds/bin/gnu/h-x86_64-mingw32/bin/../lib/gcc/nios2-elf/5.3.0/../../../../../H-x86_64-mingw32/nios2-elf/lib/mno-hw-mul\libsmallc.a(lib_a-exit.o) (_exit)

Allocating common symbols
Common symbol       size              file

errno               0x4               c:/intelfpga_lite/18.0/nios2eds/bin/gnu/h-x86_64-mingw32/bin/../lib/gcc/nios2-elf/5.3.0/../../../../../H-x86_64-mingw32/nios2-elf/lib/mno-hw-mul\libsmallc.a(lib_a-int_errno.o)

Memory Configuration

Name             Origin             Length             Attributes
reset            0x0000000000008000 0x0000000000000020
onchip_memory2_0 0x0000000000008020 0x0000000000004e00
*default*        0x0000000000000000 0xffffffffffffffff

Linker script and memory map

LOAD ../Asservissement_niv_1_bsp//obj/HAL/src/crt0.o
LOAD obj/default/hello_world.o
LOAD c:/intelfpga_lite/18.0/nios2eds/bin/gnu/h-x86_64-mingw32/bin/../lib/gcc/nios2-elf/5.3.0/../../../../../H-x86_64-mingw32/nios2-elf/lib/mno-hw-mul\libstdc++.a
LOAD c:/intelfpga_lite/18.0/nios2eds/bin/gnu/h-x86_64-mingw32/bin/../lib/gcc/nios2-elf/5.3.0/../../../../../H-x86_64-mingw32/nios2-elf/lib/mno-hw-mul\libm.a
LOAD c:/intelfpga_lite/18.0/nios2eds/bin/gnu/h-x86_64-mingw32/bin/../lib/gcc/nios2-elf/5.3.0/mno-hw-mul\libgcc.a
START GROUP
LOAD c:/intelfpga_lite/18.0/nios2eds/bin/gnu/h-x86_64-mingw32/bin/../lib/gcc/nios2-elf/5.3.0/../../../../../H-x86_64-mingw32/nios2-elf/lib/mno-hw-mul\libsmallc.a
LOAD c:/intelfpga_lite/18.0/nios2eds/bin/gnu/h-x86_64-mingw32/bin/../lib/gcc/nios2-elf/5.3.0/mno-hw-mul\libgcc.a
LOAD ../Asservissement_niv_1_bsp/\libhal_bsp.a
LOAD c:/intelfpga_lite/18.0/nios2eds/bin/gnu/h-x86_64-mingw32/bin/../lib/gcc/nios2-elf/5.3.0/../../../../../H-x86_64-mingw32/nios2-elf/lib/mno-hw-mul\libm.a
END GROUP
LOAD c:/intelfpga_lite/18.0/nios2eds/bin/gnu/h-x86_64-mingw32/bin/../lib/gcc/nios2-elf/5.3.0/mno-hw-mul\libgcc.a
                0x0000000000008000                __alt_mem_onchip_memory2_0 = 0x8000

.entry          0x0000000000008000       0x20
 *(.entry)
 .entry         0x0000000000008000       0x20 ../Asservissement_niv_1_bsp//obj/HAL/src/crt0.o
                0x0000000000008000                __reset

.exceptions     0x0000000000008020        0x0
                0x0000000000008020                PROVIDE (__ram_exceptions_start, ABSOLUTE (.))
                0x0000000000008020                . = ALIGN (0x20)
 *(.irq)
 *(.exceptions.entry.label)
 *(.exceptions.entry.user)
 *(.exceptions.entry.ecc_fatal)
 *(.exceptions.entry)
 *(.exceptions.irqtest.user)
 *(.exceptions.irqtest)
 *(.exceptions.irqhandler.user)
 *(.exceptions.irqhandler)
 *(.exceptions.irqreturn.user)
 *(.exceptions.irqreturn)
 *(.exceptions.notirq.label)
 *(.exceptions.notirq.user)
 *(.exceptions.notirq)
 *(.exceptions.soft.user)
 *(.exceptions.soft)
 *(.exceptions.unknown.user)
 *(.exceptions.unknown)
 *(.exceptions.exit.label)
 *(.exceptions.exit.user)
 *(.exceptions.exit)
 *(.exceptions)
                0x0000000000008020                PROVIDE (__ram_exceptions_end, ABSOLUTE (.))
                0x0000000000008020                PROVIDE (__flash_exceptions_start, LOADADDR (.exceptions))

.text           0x0000000000008020     0x1f90
                [!provide]                        PROVIDE (stext, ABSOLUTE (.))
 *(.interp)
 *(.hash)
 *(.dynsym)
 *(.dynstr)
 *(.gnu.version)
 *(.gnu.version_d)
 *(.gnu.version_r)
 *(.rel.init)
 *(.rela.init)
 *(.rel.text .rel.text.* .rel.gnu.linkonce.t.*)
 *(.rela.text .rela.text.* .rela.gnu.linkonce.t.*)
 *(.rel.fini)
 *(.rela.fini)
 *(.rel.rodata .rel.rodata.* .rel.gnu.linkonce.r.*)
 *(.rela.rodata .rela.rodata.* .rela.gnu.linkonce.r.*)
 *(.rel.data .rel.data.* .rel.gnu.linkonce.d.*)
 *(.rela.data .rela.data.* .rela.gnu.linkonce.d.*)
 *(.rel.tdata .rel.tdata.* .rel.gnu.linkonce.td.*)
 *(.rela.tdata .rela.tdata.* .rela.gnu.linkonce.td.*)
 *(.rel.tbss .rel.tbss.* .rel.gnu.linkonce.tb.*)
 *(.rela.tbss .rela.tbss.* .rela.gnu.linkonce.tb.*)
 *(.rel.ctors)
 *(.rela.ctors)
 *(.rel.dtors)
 *(.rela.dtors)
 *(.rel.got)
 *(.rela.got)
 *(.rel.sdata .rel.sdata.* .rel.gnu.linkonce.s.*)
 *(.rela.sdata .rela.sdata.* .rela.gnu.linkonce.s.*)
 *(.rel.sbss .rel.sbss.* .rel.gnu.linkonce.sb.*)
 *(.rela.sbss .rela.sbss.* .rela.gnu.linkonce.sb.*)
 *(.rel.sdata2 .rel.sdata2.* .rel.gnu.linkonce.s2.*)
 *(.rela.sdata2 .rela.sdata2.* .rela.gnu.linkonce.s2.*)
 *(.rel.sbss2 .rel.sbss2.* .rel.gnu.linkonce.sb2.*)
 *(.rela.sbss2 .rela.sbss2.* .rela.gnu.linkonce.sb2.*)
 *(.rel.bss .rel.bss.* .rel.gnu.linkonce.b.*)
 *(.rela.bss .rela.bss.* .rela.gnu.linkonce.b.*)
 *(.rel.plt)
 *(.rela.plt)
 *(.rel.dyn)
 *(.init)
 *(.plt)
 *(.text .stub .text.* .gnu.linkonce.t.*)
 .text          0x0000000000008020       0x3c ../Asservissement_niv_1_bsp//obj/HAL/src/crt0.o
                0x0000000000008020                _start
 .text          0x000000000000805c      0x320 obj/default/hello_world.o
                0x000000000000805c                asservissement
                0x00000000000080ac                main
 .text          0x000000000000837c        0x0 c:/intelfpga_lite/18.0/nios2eds/bin/gnu/h-x86_64-mingw32/bin/../lib/gcc/nios2-elf/5.3.0/../../../../../H-x86_64-mingw32/nios2-elf/lib/mno-hw-mul\libsmallc.a(lib_a-printf.o)
 .text._printf_r
                0x000000000000837c       0x3c c:/intelfpga_lite/18.0/nios2eds/bin/gnu/h-x86_64-mingw32/bin/../lib/gcc/nios2-elf/5.3.0/../../../../../H-x86_64-mingw32/nios2-elf/lib/mno-hw-mul\libsmallc.a(lib_a-printf.o)
                0x000000000000837c                _printf_r
 .text.printf   0x00000000000083b8       0x4c c:/intelfpga_lite/18.0/nios2eds/bin/gnu/h-x86_64-mingw32/bin/../lib/gcc/nios2-elf/5.3.0/../../../../../H-x86_64-mingw32/nios2-elf/lib/mno-hw-mul\libsmallc.a(lib_a-printf.o)
                0x00000000000083b8                printf
 .text          0x0000000000008404        0x0 c:/intelfpga_lite/18.0/nios2eds/bin/gnu/h-x86_64-mingw32/bin/../lib/gcc/nios2-elf/5.3.0/../../../../../H-x86_64-mingw32/nios2-elf/lib/mno-hw-mul\libsmallc.a(lib_a-puts.o)
 .text._puts_r  0x0000000000008404       0x80 c:/intelfpga_lite/18.0/nios2eds/bin/gnu/h-x86_64-mingw32/bin/../lib/gcc/nios2-elf/5.3.0/../../../../../H-x86_64-mingw32/nios2-elf/lib/mno-hw-mul\libsmallc.a(lib_a-puts.o)
                0x0000000000008404                _puts_r
 .text.puts     0x0000000000008484       0x14 c:/intelfpga_lite/18.0/nios2eds/bin/gnu/h-x86_64-mingw32/bin/../lib/gcc/nios2-elf/5.3.0/../../../../../H-x86_64-mingw32/nios2-elf/lib/mno-hw-mul\libsmallc.a(lib_a-puts.o)
                0x0000000000008484                puts
 .text          0x0000000000008498        0x0 c:/intelfpga_lite/18.0/nios2eds/bin/gnu/h-x86_64-mingw32/bin/../lib/gcc/nios2-elf/5.3.0/../../../../../H-x86_64-mingw32/nios2-elf/lib/mno-hw-mul\libsmallc.a(lib_a-strlen.o)
 .text.strlen   0x0000000000008498       0x1c c:/intelfpga_lite/18.0/nios2eds/bin/gnu/h-x86_64-mingw32/bin/../lib/gcc/nios2-elf/5.3.0/../../../../../H-x86_64-mingw32/nios2-elf/lib/mno-hw-mul\libsmallc.a(lib_a-strlen.o)
                0x0000000000008498                strlen
 .text          0x00000000000084b4        0x0 c:/intelfpga_lite/18.0/nios2eds/bin/gnu/h-x86_64-mingw32/bin/../lib/gcc/nios2-elf/5.3.0/../../../../../H-x86_64-mingw32/nios2-elf/lib/mno-hw-mul\libsmallc.a(lib_a-vfprintf.o)
 .text.print_repeat
                0x00000000000084b4       0x6c c:/intelfpga_lite/18.0/nios2eds/bin/gnu/h-x86_64-mingw32/bin/../lib/gcc/nios2-elf/5.3.0/../../../../../H-x86_64-mingw32/nios2-elf/lib/mno-hw-mul\libsmallc.a(lib_a-vfprintf.o)
 .text.___vfprintf_internal_r
                0x0000000000008520      0x52c c:/intelfpga_lite/18.0/nios2eds/bin/gnu/h-x86_64-mingw32/bin/../lib/gcc/nios2-elf/5.3.0/../../../../../H-x86_64-mingw32/nios2-elf/lib/mno-hw-mul\libsmallc.a(lib_a-vfprintf.o)
                0x0000000000008520                ___vfprintf_internal_r
 .text.__vfprintf_internal
                0x0000000000008a4c       0x1c c:/intelfpga_lite/18.0/nios2eds/bin/gnu/h-x86_64-mingw32/bin/../lib/gcc/nios2-elf/5.3.0/../../../../../H-x86_64-mingw32/nios2-elf/lib/mno-hw-mul\libsmallc.a(lib_a-vfprintf.o)
                0x0000000000008a4c                __vfprintf_internal
 .text          0x0000000000008a68        0x0 c:/intelfpga_lite/18.0/nios2eds/bin/gnu/h-x86_64-mingw32/bin/../lib/gcc/nios2-elf/5.3.0/../../../../../H-x86_64-mingw32/nios2-elf/lib/mno-hw-mul\libsmallc.a(lib_a-fvwrite_small_dev.o)
 .text.__sfvwrite_small_dev
                0x0000000000008a68       0xb8 c:/intelfpga_lite/18.0/nios2eds/bin/gnu/h-x86_64-mingw32/bin/../lib/gcc/nios2-elf/5.3.0/../../../../../H-x86_64-mingw32/nios2-elf/lib/mno-hw-mul\libsmallc.a(lib_a-fvwrite_small_dev.o)
                0x0000000000008a68                __sfvwrite_small_dev
 .text          0x0000000000008b20        0x0 c:/intelfpga_lite/18.0/nios2eds/bin/gnu/h-x86_64-mingw32/bin/../lib/gcc/nios2-elf/5.3.0/../../../../../H-x86_64-mingw32/nios2-elf/lib/mno-hw-mul\libsmallc.a(lib_a-impure.o)
 .text          0x0000000000008b20        0x0 c:/intelfpga_lite/18.0/nios2eds/bin/gnu/h-x86_64-mingw32/bin/../lib/gcc/nios2-elf/5.3.0/../../../../../H-x86_64-mingw32/nios2-elf/lib/mno-hw-mul\libsmallc.a(lib_a-writer.o)
 .text._write_r
                0x0000000000008b20       0x58 c:/intelfpga_lite/18.0/nios2eds/bin/gnu/h-x86_64-mingw32/bin/../lib/gcc/nios2-elf/5.3.0/../../../../../H-x86_64-mingw32/nios2-elf/lib/mno-hw-mul\libsmallc.a(lib_a-writer.o)
                0x0000000000008b20                _write_r
 .text          0x0000000000008b78        0x0 c:/intelfpga_lite/18.0/nios2eds/bin/gnu/h-x86_64-mingw32/bin/../lib/gcc/nios2-elf/5.3.0/../../../../../H-x86_64-mingw32/nios2-elf/lib/mno-hw-mul\libsmallc.a(lib_a-int_errno.o)
 .text          0x0000000000008b78      0x1b4 c:/intelfpga_lite/18.0/nios2eds/bin/gnu/h-x86_64-mingw32/bin/../lib/gcc/nios2-elf/5.3.0/mno-hw-mul\libgcc.a(lib2-divmod.o)
                0x0000000000008b78                __divsi3
                0x0000000000008bfc                __modsi3
                0x0000000000008c70                __udivsi3
                0x0000000000008cd4                __umodsi3
 .text          0x0000000000008d2c       0x28 c:/intelfpga_lite/18.0/nios2eds/bin/gnu/h-x86_64-mingw32/bin/../lib/gcc/nios2-elf/5.3.0/mno-hw-mul\libgcc.a(lib2-mul.o)
                0x0000000000008d2c                __mulsi3
 .text          0x0000000000008d54       0xec ../Asservissement_niv_1_bsp/\libhal_bsp.a(alt_load.o)
                0x0000000000008dbc                alt_load
 .text          0x0000000000008e40       0x6c ../Asservissement_niv_1_bsp/\libhal_bsp.a(alt_main.o)
                0x0000000000008e40                alt_main
 .text          0x0000000000008eac       0x30 ../Asservissement_niv_1_bsp/\libhal_bsp.a(alt_usleep.o)
                0x0000000000008eac                usleep
 .text          0x0000000000008edc      0x13c ../Asservissement_niv_1_bsp/\libhal_bsp.a(alt_write.o)
                0x0000000000008f18                write
 .text          0x0000000000009018       0xa4 ../Asservissement_niv_1_bsp/\libhal_bsp.a(alt_sys_init.o)
                0x000000000000904c                alt_irq_init
                0x0000000000009084                alt_sys_init
 .text          0x00000000000090bc       0xc0 ../Asservissement_niv_1_bsp/\libhal_bsp.a(altera_avalon_jtag_uart_fd.o)
                0x00000000000090bc                altera_avalon_jtag_uart_read_fd
                0x000000000000911c                altera_avalon_jtag_uart_write_fd
 .text          0x000000000000917c       0xec ../Asservissement_niv_1_bsp/\libhal_bsp.a(altera_avalon_jtag_uart_read.o)
                0x000000000000917c                altera_avalon_jtag_uart_read
 .text          0x0000000000009268       0x94 ../Asservissement_niv_1_bsp/\libhal_bsp.a(altera_avalon_jtag_uart_write.o)
                0x0000000000009268                altera_avalon_jtag_uart_write
 .text          0x00000000000092fc      0x158 ../Asservissement_niv_1_bsp/\libhal_bsp.a(alt_busy_sleep.o)
                0x00000000000092fc                alt_busy_sleep
 .text          0x0000000000009454      0x114 ../Asservissement_niv_1_bsp/\libhal_bsp.a(alt_close.o)
                0x0000000000009490                close
 .text          0x0000000000009568       0x20 ../Asservissement_niv_1_bsp/\libhal_bsp.a(alt_dcache_flush_all.o)
                0x0000000000009568                alt_dcache_flush_all
 .text          0x0000000000009588       0x2c ../Asservissement_niv_1_bsp/\libhal_bsp.a(alt_dev.o)
 .text          0x00000000000095b4       0xe0 ../Asservissement_niv_1_bsp/\libhal_bsp.a(alt_dev_llist_insert.o)
                0x00000000000095f0                alt_dev_llist_insert
 .text          0x0000000000009694        0x0 ../Asservissement_niv_1_bsp/\libhal_bsp.a(alt_errno.o)
 .text          0x0000000000009694       0x20 ../Asservissement_niv_1_bsp/\libhal_bsp.a(alt_icache_flush_all.o)
                0x0000000000009694                alt_icache_flush_all
 .text          0x00000000000096b4      0x160 ../Asservissement_niv_1_bsp/\libhal_bsp.a(alt_io_redirect.o)
                0x0000000000009798                alt_io_redirect
 .text          0x0000000000009814      0x284 ../Asservissement_niv_1_bsp/\libhal_bsp.a(alt_open.o)
                0x000000000000993c                open
 .text          0x0000000000009a98       0x84 ../Asservissement_niv_1_bsp/\libhal_bsp.a(alt_release_fd.o)
                0x0000000000009a98                alt_release_fd
 .text          0x0000000000009b1c       0x24 ../Asservissement_niv_1_bsp/\libhal_bsp.a(altera_nios2_gen2_irq.o)
                0x0000000000009b1c                altera_nios2_gen2_irq_init
 .text          0x0000000000009b40       0x90 ../Asservissement_niv_1_bsp/\libhal_bsp.a(alt_find_dev.o)
                0x0000000000009b40                alt_find_dev
 .text          0x0000000000009bd0      0x108 ../Asservissement_niv_1_bsp/\libhal_bsp.a(alt_find_file.o)
                0x0000000000009bd0                alt_find_file
 .text          0x0000000000009cd8       0xc4 ../Asservissement_niv_1_bsp/\libhal_bsp.a(alt_get_fd.o)
                0x0000000000009cd8                alt_get_fd
 .text          0x0000000000009d9c        0x0 c:/intelfpga_lite/18.0/nios2eds/bin/gnu/h-x86_64-mingw32/bin/../lib/gcc/nios2-elf/5.3.0/../../../../../H-x86_64-mingw32/nios2-elf/lib/mno-hw-mul\libsmallc.a(lib_a-exit.o)
 .text.exit     0x0000000000009d9c       0x20 c:/intelfpga_lite/18.0/nios2eds/bin/gnu/h-x86_64-mingw32/bin/../lib/gcc/nios2-elf/5.3.0/../../../../../H-x86_64-mingw32/nios2-elf/lib/mno-hw-mul\libsmallc.a(lib_a-exit.o)
                0x0000000000009d9c                exit
 .text          0x0000000000009dbc        0x0 c:/intelfpga_lite/18.0/nios2eds/bin/gnu/h-x86_64-mingw32/bin/../lib/gcc/nios2-elf/5.3.0/../../../../../H-x86_64-mingw32/nios2-elf/lib/mno-hw-mul\libsmallc.a(lib_a-memcmp.o)
 .text.memcmp   0x0000000000009dbc       0x30 c:/intelfpga_lite/18.0/nios2eds/bin/gnu/h-x86_64-mingw32/bin/../lib/gcc/nios2-elf/5.3.0/../../../../../H-x86_64-mingw32/nios2-elf/lib/mno-hw-mul\libsmallc.a(lib_a-memcmp.o)
                0x0000000000009dbc                memcmp
 .text          0x0000000000009dec        0x0 c:/intelfpga_lite/18.0/nios2eds/bin/gnu/h-x86_64-mingw32/bin/../lib/gcc/nios2-elf/5.3.0/../../../../../H-x86_64-mingw32/nios2-elf/lib/mno-hw-mul\libsmallc.a(lib_a-__call_atexit.o)
 .text.__call_exitprocs
                0x0000000000009dec      0x190 c:/intelfpga_lite/18.0/nios2eds/bin/gnu/h-x86_64-mingw32/bin/../lib/gcc/nios2-elf/5.3.0/../../../../../H-x86_64-mingw32/nios2-elf/lib/mno-hw-mul\libsmallc.a(lib_a-__call_atexit.o)
                0x0000000000009dec                __call_exitprocs
 .text          0x0000000000009f7c       0x34 ../Asservissement_niv_1_bsp/\libhal_bsp.a(alt_exit.o)
                0x0000000000009f7c                _exit
 *(.gnu.warning.*)
 *(.fini)
                [!provide]                        PROVIDE (__etext, ABSOLUTE (.))
                [!provide]                        PROVIDE (_etext, ABSOLUTE (.))
                [!provide]                        PROVIDE (etext, ABSOLUTE (.))
 *(.eh_frame_hdr)
                0x0000000000009fb0                . = ALIGN (0x4)
                [!provide]                        PROVIDE (__preinit_array_start, ABSOLUTE (.))
 *(.preinit_array)
                [!provide]                        PROVIDE (__preinit_array_end, ABSOLUTE (.))
                [!provide]                        PROVIDE (__init_array_start, ABSOLUTE (.))
 *(.init_array)
                [!provide]                        PROVIDE (__init_array_end, ABSOLUTE (.))
                [!provide]                        PROVIDE (__fini_array_start, ABSOLUTE (.))
 *(.fini_array)
                [!provide]                        PROVIDE (__fini_array_end, ABSOLUTE (.))
 *(.eh_frame)
 *(.gcc_except_table .gcc_except_table.*)
 *(.dynamic)
                [!provide]                        PROVIDE (__CTOR_LIST__, ABSOLUTE (.))
 *(.ctors)
 *(SORT(.ctors.*))
                [!provide]                        PROVIDE (__CTOR_END__, ABSOLUTE (.))
                [!provide]                        PROVIDE (__DTOR_LIST__, ABSOLUTE (.))
 *(.dtors)
 *(SORT(.dtors.*))
                [!provide]                        PROVIDE (__DTOR_END__, ABSOLUTE (.))
 *(.jcr)
                0x0000000000009fb0                . = ALIGN (0x4)

.rodata         0x0000000000009fb0       0xe0
                0x0000000000009fb0                PROVIDE (__ram_rodata_start, ABSOLUTE (.))
                0x0000000000009fb0                . = ALIGN (0x4)
 *(.rodata .rodata.* .gnu.linkonce.r.*)
 .rodata        0x0000000000009fb0       0xa5 obj/default/hello_world.o
 *fill*         0x000000000000a055        0x3 
 .rodata.str1.4
                0x000000000000a058        0x4 c:/intelfpga_lite/18.0/nios2eds/bin/gnu/h-x86_64-mingw32/bin/../lib/gcc/nios2-elf/5.3.0/../../../../../H-x86_64-mingw32/nios2-elf/lib/mno-hw-mul\libsmallc.a(lib_a-puts.o)
                                          0x2 (size before relaxing)
 .rodata        0x000000000000a05c       0x11 ../Asservissement_niv_1_bsp/\libhal_bsp.a(alt_main.o)
 *fill*         0x000000000000a06d        0x3 
 .rodata        0x000000000000a070       0x11 ../Asservissement_niv_1_bsp/\libhal_bsp.a(alt_sys_init.o)
 *fill*         0x000000000000a081        0x3 
 .rodata        0x000000000000a084        0xa ../Asservissement_niv_1_bsp/\libhal_bsp.a(alt_dev.o)
 *(.rodata1)
                0x000000000000a090                . = ALIGN (0x4)
 *fill*         0x000000000000a08e        0x2 
                0x000000000000a090                PROVIDE (__ram_rodata_end, ABSOLUTE (.))
                0x0000000000009fb0                PROVIDE (__flash_rodata_start, LOADADDR (.rodata))

.rwdata         0x000000000000a090      0x2d4 load address 0x000000000000a364
                0x000000000000a090                PROVIDE (__ram_rwdata_start, ABSOLUTE (.))
                0x000000000000a090                . = ALIGN (0x4)
 *(.got.plt)
 *(.got)
 *(.data1)
 *(.data .data.* .gnu.linkonce.d.*)
 .data          0x000000000000a090        0x0 ../Asservissement_niv_1_bsp//obj/HAL/src/crt0.o
 .data          0x000000000000a090        0x0 obj/default/hello_world.o
 .data          0x000000000000a090        0x0 c:/intelfpga_lite/18.0/nios2eds/bin/gnu/h-x86_64-mingw32/bin/../lib/gcc/nios2-elf/5.3.0/../../../../../H-x86_64-mingw32/nios2-elf/lib/mno-hw-mul\libsmallc.a(lib_a-printf.o)
 .data          0x000000000000a090        0x0 c:/intelfpga_lite/18.0/nios2eds/bin/gnu/h-x86_64-mingw32/bin/../lib/gcc/nios2-elf/5.3.0/../../../../../H-x86_64-mingw32/nios2-elf/lib/mno-hw-mul\libsmallc.a(lib_a-puts.o)
 .data          0x000000000000a090        0x0 c:/intelfpga_lite/18.0/nios2eds/bin/gnu/h-x86_64-mingw32/bin/../lib/gcc/nios2-elf/5.3.0/../../../../../H-x86_64-mingw32/nios2-elf/lib/mno-hw-mul\libsmallc.a(lib_a-strlen.o)
 .data          0x000000000000a090        0x0 c:/intelfpga_lite/18.0/nios2eds/bin/gnu/h-x86_64-mingw32/bin/../lib/gcc/nios2-elf/5.3.0/../../../../../H-x86_64-mingw32/nios2-elf/lib/mno-hw-mul\libsmallc.a(lib_a-vfprintf.o)
 .data          0x000000000000a090        0x0 c:/intelfpga_lite/18.0/nios2eds/bin/gnu/h-x86_64-mingw32/bin/../lib/gcc/nios2-elf/5.3.0/../../../../../H-x86_64-mingw32/nios2-elf/lib/mno-hw-mul\libsmallc.a(lib_a-fvwrite_small_dev.o)
 .data          0x000000000000a090        0x0 c:/intelfpga_lite/18.0/nios2eds/bin/gnu/h-x86_64-mingw32/bin/../lib/gcc/nios2-elf/5.3.0/../../../../../H-x86_64-mingw32/nios2-elf/lib/mno-hw-mul\libsmallc.a(lib_a-impure.o)
 .data.impure_data
                0x000000000000a090       0xe0 c:/intelfpga_lite/18.0/nios2eds/bin/gnu/h-x86_64-mingw32/bin/../lib/gcc/nios2-elf/5.3.0/../../../../../H-x86_64-mingw32/nios2-elf/lib/mno-hw-mul\libsmallc.a(lib_a-impure.o)
 .data          0x000000000000a170        0x0 c:/intelfpga_lite/18.0/nios2eds/bin/gnu/h-x86_64-mingw32/bin/../lib/gcc/nios2-elf/5.3.0/../../../../../H-x86_64-mingw32/nios2-elf/lib/mno-hw-mul\libsmallc.a(lib_a-writer.o)
 .data          0x000000000000a170        0x0 c:/intelfpga_lite/18.0/nios2eds/bin/gnu/h-x86_64-mingw32/bin/../lib/gcc/nios2-elf/5.3.0/../../../../../H-x86_64-mingw32/nios2-elf/lib/mno-hw-mul\libsmallc.a(lib_a-int_errno.o)
 .data          0x000000000000a170        0x0 c:/intelfpga_lite/18.0/nios2eds/bin/gnu/h-x86_64-mingw32/bin/../lib/gcc/nios2-elf/5.3.0/mno-hw-mul\libgcc.a(lib2-divmod.o)
 .data          0x000000000000a170        0x0 c:/intelfpga_lite/18.0/nios2eds/bin/gnu/h-x86_64-mingw32/bin/../lib/gcc/nios2-elf/5.3.0/mno-hw-mul\libgcc.a(lib2-mul.o)
 .data          0x000000000000a170        0x0 ../Asservissement_niv_1_bsp/\libhal_bsp.a(alt_load.o)
 .data          0x000000000000a170        0x0 ../Asservissement_niv_1_bsp/\libhal_bsp.a(alt_main.o)
 .data          0x000000000000a170        0x0 ../Asservissement_niv_1_bsp/\libhal_bsp.a(alt_usleep.o)
 .data          0x000000000000a170        0x0 ../Asservissement_niv_1_bsp/\libhal_bsp.a(alt_write.o)
 .data          0x000000000000a170       0x2c ../Asservissement_niv_1_bsp/\libhal_bsp.a(alt_sys_init.o)
 .data          0x000000000000a19c        0x0 ../Asservissement_niv_1_bsp/\libhal_bsp.a(altera_avalon_jtag_uart_fd.o)
 .data          0x000000000000a19c        0x0 ../Asservissement_niv_1_bsp/\libhal_bsp.a(altera_avalon_jtag_uart_read.o)
 .data          0x000000000000a19c        0x0 ../Asservissement_niv_1_bsp/\libhal_bsp.a(altera_avalon_jtag_uart_write.o)
 .data          0x000000000000a19c        0x0 ../Asservissement_niv_1_bsp/\libhal_bsp.a(alt_busy_sleep.o)
 .data          0x000000000000a19c        0x0 ../Asservissement_niv_1_bsp/\libhal_bsp.a(alt_close.o)
 .data          0x000000000000a19c        0x0 ../Asservissement_niv_1_bsp/\libhal_bsp.a(alt_dcache_flush_all.o)
 .data          0x000000000000a19c      0x1a8 ../Asservissement_niv_1_bsp/\libhal_bsp.a(alt_dev.o)
                0x000000000000a19c                alt_dev_null
                0x000000000000a1c4                alt_fd_list
 .data          0x000000000000a344        0x0 ../Asservissement_niv_1_bsp/\libhal_bsp.a(alt_dev_llist_insert.o)
 .data          0x000000000000a344        0x0 ../Asservissement_niv_1_bsp/\libhal_bsp.a(alt_errno.o)
 .data          0x000000000000a344        0x0 ../Asservissement_niv_1_bsp/\libhal_bsp.a(alt_icache_flush_all.o)
 .data          0x000000000000a344        0x0 ../Asservissement_niv_1_bsp/\libhal_bsp.a(alt_io_redirect.o)
 .data          0x000000000000a344        0x0 ../Asservissement_niv_1_bsp/\libhal_bsp.a(alt_open.o)
 .data          0x000000000000a344        0x0 ../Asservissement_niv_1_bsp/\libhal_bsp.a(alt_release_fd.o)
 .data          0x000000000000a344        0x0 ../Asservissement_niv_1_bsp/\libhal_bsp.a(altera_nios2_gen2_irq.o)
 .data          0x000000000000a344        0x0 ../Asservissement_niv_1_bsp/\libhal_bsp.a(alt_find_dev.o)
 .data          0x000000000000a344        0x0 ../Asservissement_niv_1_bsp/\libhal_bsp.a(alt_find_file.o)
 .data          0x000000000000a344        0x0 ../Asservissement_niv_1_bsp/\libhal_bsp.a(alt_get_fd.o)
 .data          0x000000000000a344        0x0 c:/intelfpga_lite/18.0/nios2eds/bin/gnu/h-x86_64-mingw32/bin/../lib/gcc/nios2-elf/5.3.0/../../../../../H-x86_64-mingw32/nios2-elf/lib/mno-hw-mul\libsmallc.a(lib_a-exit.o)
 .data          0x000000000000a344        0x0 c:/intelfpga_lite/18.0/nios2eds/bin/gnu/h-x86_64-mingw32/bin/../lib/gcc/nios2-elf/5.3.0/../../../../../H-x86_64-mingw32/nios2-elf/lib/mno-hw-mul\libsmallc.a(lib_a-memcmp.o)
 .data          0x000000000000a344        0x0 c:/intelfpga_lite/18.0/nios2eds/bin/gnu/h-x86_64-mingw32/bin/../lib/gcc/nios2-elf/5.3.0/../../../../../H-x86_64-mingw32/nios2-elf/lib/mno-hw-mul\libsmallc.a(lib_a-__call_atexit.o)
 .data          0x000000000000a344        0x0 ../Asservissement_niv_1_bsp/\libhal_bsp.a(alt_exit.o)
                0x0000000000012344                _gp = ABSOLUTE ((. + 0x8000))
                [!provide]                        PROVIDE (gp, _gp)
 *(.rwdata .rwdata.*)
 *(.sdata .sdata.* .gnu.linkonce.s.*)
 .sdata._global_impure_ptr
                0x000000000000a344        0x4 c:/intelfpga_lite/18.0/nios2eds/bin/gnu/h-x86_64-mingw32/bin/../lib/gcc/nios2-elf/5.3.0/../../../../../H-x86_64-mingw32/nios2-elf/lib/mno-hw-mul\libsmallc.a(lib_a-impure.o)
                0x000000000000a344                _global_impure_ptr
 .sdata._impure_ptr
                0x000000000000a348        0x4 c:/intelfpga_lite/18.0/nios2eds/bin/gnu/h-x86_64-mingw32/bin/../lib/gcc/nios2-elf/5.3.0/../../../../../H-x86_64-mingw32/nios2-elf/lib/mno-hw-mul\libsmallc.a(lib_a-impure.o)
                0x000000000000a348                _impure_ptr
 .sdata         0x000000000000a34c       0x14 ../Asservissement_niv_1_bsp/\libhal_bsp.a(alt_dev.o)
                0x000000000000a34c                alt_fs_list
                0x000000000000a354                alt_dev_list
                0x000000000000a35c                alt_max_fd
 .sdata         0x000000000000a360        0x4 ../Asservissement_niv_1_bsp/\libhal_bsp.a(alt_errno.o)
                0x000000000000a360                alt_errno
 *(.sdata2 .sdata2.* .gnu.linkonce.s2.*)
                0x000000000000a364                . = ALIGN (0x4)
                0x000000000000a364                _edata = ABSOLUTE (.)
                [!provide]                        PROVIDE (edata, ABSOLUTE (.))
                0x000000000000a364                PROVIDE (__ram_rwdata_end, ABSOLUTE (.))
                0x000000000000a364                PROVIDE (__flash_rwdata_start, LOADADDR (.rwdata))

.bss            0x000000000000a638       0x10
                0x000000000000a638                __bss_start = ABSOLUTE (.)
                [!provide]                        PROVIDE (__sbss_start, ABSOLUTE (.))
                [!provide]                        PROVIDE (___sbss_start, ABSOLUTE (.))
 *(.dynsbss)
 *(.sbss .sbss.* .gnu.linkonce.sb.*)
 .sbss          0x000000000000a638        0x4 c:/intelfpga_lite/18.0/nios2eds/bin/gnu/h-x86_64-mingw32/bin/../lib/gcc/nios2-elf/5.3.0/../../../../../H-x86_64-mingw32/nios2-elf/lib/mno-hw-mul\libsmallc.a(lib_a-int_errno.o)
                0x000000000000a638                errno
 .sbss          0x000000000000a63c        0xc ../Asservissement_niv_1_bsp/\libhal_bsp.a(alt_main.o)
                0x000000000000a63c                alt_argc
                0x000000000000a640                alt_argv
                0x000000000000a644                alt_envp
 *(.sbss2 .sbss2.* .gnu.linkonce.sb2.*)
 *(.scommon)
                [!provide]                        PROVIDE (__sbss_end, ABSOLUTE (.))
                [!provide]                        PROVIDE (___sbss_end, ABSOLUTE (.))
 *(.dynbss)
 *(.bss .bss.* .gnu.linkonce.b.*)
 .bss           0x000000000000a648        0x0 ../Asservissement_niv_1_bsp//obj/HAL/src/crt0.o
 .bss           0x000000000000a648        0x0 obj/default/hello_world.o
 .bss           0x000000000000a648        0x0 c:/intelfpga_lite/18.0/nios2eds/bin/gnu/h-x86_64-mingw32/bin/../lib/gcc/nios2-elf/5.3.0/../../../../../H-x86_64-mingw32/nios2-elf/lib/mno-hw-mul\libsmallc.a(lib_a-printf.o)
 .bss           0x000000000000a648        0x0 c:/intelfpga_lite/18.0/nios2eds/bin/gnu/h-x86_64-mingw32/bin/../lib/gcc/nios2-elf/5.3.0/../../../../../H-x86_64-mingw32/nios2-elf/lib/mno-hw-mul\libsmallc.a(lib_a-puts.o)
 .bss           0x000000000000a648        0x0 c:/intelfpga_lite/18.0/nios2eds/bin/gnu/h-x86_64-mingw32/bin/../lib/gcc/nios2-elf/5.3.0/../../../../../H-x86_64-mingw32/nios2-elf/lib/mno-hw-mul\libsmallc.a(lib_a-strlen.o)
 .bss           0x000000000000a648        0x0 c:/intelfpga_lite/18.0/nios2eds/bin/gnu/h-x86_64-mingw32/bin/../lib/gcc/nios2-elf/5.3.0/../../../../../H-x86_64-mingw32/nios2-elf/lib/mno-hw-mul\libsmallc.a(lib_a-vfprintf.o)
 .bss           0x000000000000a648        0x0 c:/intelfpga_lite/18.0/nios2eds/bin/gnu/h-x86_64-mingw32/bin/../lib/gcc/nios2-elf/5.3.0/../../../../../H-x86_64-mingw32/nios2-elf/lib/mno-hw-mul\libsmallc.a(lib_a-fvwrite_small_dev.o)
 .bss           0x000000000000a648        0x0 c:/intelfpga_lite/18.0/nios2eds/bin/gnu/h-x86_64-mingw32/bin/../lib/gcc/nios2-elf/5.3.0/../../../../../H-x86_64-mingw32/nios2-elf/lib/mno-hw-mul\libsmallc.a(lib_a-impure.o)
 .bss           0x000000000000a648        0x0 c:/intelfpga_lite/18.0/nios2eds/bin/gnu/h-x86_64-mingw32/bin/../lib/gcc/nios2-elf/5.3.0/../../../../../H-x86_64-mingw32/nios2-elf/lib/mno-hw-mul\libsmallc.a(lib_a-writer.o)
 .bss           0x000000000000a648        0x0 c:/intelfpga_lite/18.0/nios2eds/bin/gnu/h-x86_64-mingw32/bin/../lib/gcc/nios2-elf/5.3.0/../../../../../H-x86_64-mingw32/nios2-elf/lib/mno-hw-mul\libsmallc.a(lib_a-int_errno.o)
 .bss           0x000000000000a648        0x0 c:/intelfpga_lite/18.0/nios2eds/bin/gnu/h-x86_64-mingw32/bin/../lib/gcc/nios2-elf/5.3.0/mno-hw-mul\libgcc.a(lib2-divmod.o)
 .bss           0x000000000000a648        0x0 c:/intelfpga_lite/18.0/nios2eds/bin/gnu/h-x86_64-mingw32/bin/../lib/gcc/nios2-elf/5.3.0/mno-hw-mul\libgcc.a(lib2-mul.o)
 .bss           0x000000000000a648        0x0 ../Asservissement_niv_1_bsp/\libhal_bsp.a(alt_load.o)
 .bss           0x000000000000a648        0x0 ../Asservissement_niv_1_bsp/\libhal_bsp.a(alt_main.o)
 .bss           0x000000000000a648        0x0 ../Asservissement_niv_1_bsp/\libhal_bsp.a(alt_usleep.o)
 .bss           0x000000000000a648        0x0 ../Asservissement_niv_1_bsp/\libhal_bsp.a(alt_write.o)
 .bss           0x000000000000a648        0x0 ../Asservissement_niv_1_bsp/\libhal_bsp.a(alt_sys_init.o)
 .bss           0x000000000000a648        0x0 ../Asservissement_niv_1_bsp/\libhal_bsp.a(altera_avalon_jtag_uart_fd.o)
 .bss           0x000000000000a648        0x0 ../Asservissement_niv_1_bsp/\libhal_bsp.a(altera_avalon_jtag_uart_read.o)
 .bss           0x000000000000a648        0x0 ../Asservissement_niv_1_bsp/\libhal_bsp.a(altera_avalon_jtag_uart_write.o)
 .bss           0x000000000000a648        0x0 ../Asservissement_niv_1_bsp/\libhal_bsp.a(alt_busy_sleep.o)
 .bss           0x000000000000a648        0x0 ../Asservissement_niv_1_bsp/\libhal_bsp.a(alt_close.o)
 .bss           0x000000000000a648        0x0 ../Asservissement_niv_1_bsp/\libhal_bsp.a(alt_dcache_flush_all.o)
 .bss           0x000000000000a648        0x0 ../Asservissement_niv_1_bsp/\libhal_bsp.a(alt_dev.o)
 .bss           0x000000000000a648        0x0 ../Asservissement_niv_1_bsp/\libhal_bsp.a(alt_dev_llist_insert.o)
 .bss           0x000000000000a648        0x0 ../Asservissement_niv_1_bsp/\libhal_bsp.a(alt_errno.o)
 .bss           0x000000000000a648        0x0 ../Asservissement_niv_1_bsp/\libhal_bsp.a(alt_icache_flush_all.o)
 .bss           0x000000000000a648        0x0 ../Asservissement_niv_1_bsp/\libhal_bsp.a(alt_io_redirect.o)
 .bss           0x000000000000a648        0x0 ../Asservissement_niv_1_bsp/\libhal_bsp.a(alt_open.o)
 .bss           0x000000000000a648        0x0 ../Asservissement_niv_1_bsp/\libhal_bsp.a(alt_release_fd.o)
 .bss           0x000000000000a648        0x0 ../Asservissement_niv_1_bsp/\libhal_bsp.a(altera_nios2_gen2_irq.o)
 .bss           0x000000000000a648        0x0 ../Asservissement_niv_1_bsp/\libhal_bsp.a(alt_find_dev.o)
 .bss           0x000000000000a648        0x0 ../Asservissement_niv_1_bsp/\libhal_bsp.a(alt_find_file.o)
 .bss           0x000000000000a648        0x0 ../Asservissement_niv_1_bsp/\libhal_bsp.a(alt_get_fd.o)
 .bss           0x000000000000a648        0x0 c:/intelfpga_lite/18.0/nios2eds/bin/gnu/h-x86_64-mingw32/bin/../lib/gcc/nios2-elf/5.3.0/../../../../../H-x86_64-mingw32/nios2-elf/lib/mno-hw-mul\libsmallc.a(lib_a-exit.o)
 .bss           0x000000000000a648        0x0 c:/intelfpga_lite/18.0/nios2eds/bin/gnu/h-x86_64-mingw32/bin/../lib/gcc/nios2-elf/5.3.0/../../../../../H-x86_64-mingw32/nios2-elf/lib/mno-hw-mul\libsmallc.a(lib_a-memcmp.o)
 .bss           0x000000000000a648        0x0 c:/intelfpga_lite/18.0/nios2eds/bin/gnu/h-x86_64-mingw32/bin/../lib/gcc/nios2-elf/5.3.0/../../../../../H-x86_64-mingw32/nios2-elf/lib/mno-hw-mul\libsmallc.a(lib_a-__call_atexit.o)
 .bss           0x000000000000a648        0x0 ../Asservissement_niv_1_bsp/\libhal_bsp.a(alt_exit.o)
 *(COMMON)
                0x000000000000a648                . = ALIGN (0x4)
                0x000000000000a648                __bss_end = ABSOLUTE (.)

.onchip_memory2_0
                0x000000000000a648        0x0
                [!provide]                        PROVIDE (_alt_partition_onchip_memory2_0_start, ABSOLUTE (.))
 *(.onchip_memory2_0 .onchip_memory2_0. onchip_memory2_0.*)
                0x000000000000a648                . = ALIGN (0x4)
                [!provide]                        PROVIDE (_alt_partition_onchip_memory2_0_end, ABSOLUTE (.))
                0x000000000000a648                _end = ABSOLUTE (.)
                0x000000000000a648                end = ABSOLUTE (.)
                0x000000000000a648                __alt_stack_base = ABSOLUTE (.)
                [!provide]                        PROVIDE (_alt_partition_onchip_memory2_0_load_addr, LOADADDR (.onchip_memory2_0))

.stab
 *(.stab)

.stabstr
 *(.stabstr)

.stab.excl
 *(.stab.excl)

.stab.exclstr
 *(.stab.exclstr)

.stab.index
 *(.stab.index)

.stab.indexstr
 *(.stab.indexstr)

.comment        0x0000000000000000       0x23
 *(.comment)
 .comment       0x0000000000000000       0x23 obj/default/hello_world.o
                                         0x24 (size before relaxing)
 .comment       0x0000000000000023       0x24 c:/intelfpga_lite/18.0/nios2eds/bin/gnu/h-x86_64-mingw32/bin/../lib/gcc/nios2-elf/5.3.0/../../../../../H-x86_64-mingw32/nios2-elf/lib/mno-hw-mul\libsmallc.a(lib_a-printf.o)
 .comment       0x0000000000000023       0x24 c:/intelfpga_lite/18.0/nios2eds/bin/gnu/h-x86_64-mingw32/bin/../lib/gcc/nios2-elf/5.3.0/../../../../../H-x86_64-mingw32/nios2-elf/lib/mno-hw-mul\libsmallc.a(lib_a-puts.o)
 .comment       0x0000000000000023       0x24 c:/intelfpga_lite/18.0/nios2eds/bin/gnu/h-x86_64-mingw32/bin/../lib/gcc/nios2-elf/5.3.0/../../../../../H-x86_64-mingw32/nios2-elf/lib/mno-hw-mul\libsmallc.a(lib_a-strlen.o)
 .comment       0x0000000000000023       0x24 c:/intelfpga_lite/18.0/nios2eds/bin/gnu/h-x86_64-mingw32/bin/../lib/gcc/nios2-elf/5.3.0/../../../../../H-x86_64-mingw32/nios2-elf/lib/mno-hw-mul\libsmallc.a(lib_a-vfprintf.o)
 .comment       0x0000000000000023       0x24 c:/intelfpga_lite/18.0/nios2eds/bin/gnu/h-x86_64-mingw32/bin/../lib/gcc/nios2-elf/5.3.0/../../../../../H-x86_64-mingw32/nios2-elf/lib/mno-hw-mul\libsmallc.a(lib_a-fvwrite_small_dev.o)
 .comment       0x0000000000000023       0x24 c:/intelfpga_lite/18.0/nios2eds/bin/gnu/h-x86_64-mingw32/bin/../lib/gcc/nios2-elf/5.3.0/../../../../../H-x86_64-mingw32/nios2-elf/lib/mno-hw-mul\libsmallc.a(lib_a-impure.o)
 .comment       0x0000000000000023       0x24 c:/intelfpga_lite/18.0/nios2eds/bin/gnu/h-x86_64-mingw32/bin/../lib/gcc/nios2-elf/5.3.0/../../../../../H-x86_64-mingw32/nios2-elf/lib/mno-hw-mul\libsmallc.a(lib_a-writer.o)
 .comment       0x0000000000000023       0x24 c:/intelfpga_lite/18.0/nios2eds/bin/gnu/h-x86_64-mingw32/bin/../lib/gcc/nios2-elf/5.3.0/../../../../../H-x86_64-mingw32/nios2-elf/lib/mno-hw-mul\libsmallc.a(lib_a-int_errno.o)
 .comment       0x0000000000000023       0x24 c:/intelfpga_lite/18.0/nios2eds/bin/gnu/h-x86_64-mingw32/bin/../lib/gcc/nios2-elf/5.3.0/mno-hw-mul\libgcc.a(lib2-divmod.o)
 .comment       0x0000000000000023       0x24 c:/intelfpga_lite/18.0/nios2eds/bin/gnu/h-x86_64-mingw32/bin/../lib/gcc/nios2-elf/5.3.0/mno-hw-mul\libgcc.a(lib2-mul.o)
 .comment       0x0000000000000023       0x24 ../Asservissement_niv_1_bsp/\libhal_bsp.a(alt_load.o)
 .comment       0x0000000000000023       0x24 ../Asservissement_niv_1_bsp/\libhal_bsp.a(alt_main.o)
 .comment       0x0000000000000023       0x24 ../Asservissement_niv_1_bsp/\libhal_bsp.a(alt_usleep.o)
 .comment       0x0000000000000023       0x24 ../Asservissement_niv_1_bsp/\libhal_bsp.a(alt_write.o)
 .comment       0x0000000000000023       0x24 ../Asservissement_niv_1_bsp/\libhal_bsp.a(alt_sys_init.o)
 .comment       0x0000000000000023       0x24 ../Asservissement_niv_1_bsp/\libhal_bsp.a(altera_avalon_jtag_uart_fd.o)
 .comment       0x0000000000000023       0x24 ../Asservissement_niv_1_bsp/\libhal_bsp.a(altera_avalon_jtag_uart_read.o)
 .comment       0x0000000000000023       0x24 ../Asservissement_niv_1_bsp/\libhal_bsp.a(altera_avalon_jtag_uart_write.o)
 .comment       0x0000000000000023       0x24 ../Asservissement_niv_1_bsp/\libhal_bsp.a(alt_busy_sleep.o)
 .comment       0x0000000000000023       0x24 ../Asservissement_niv_1_bsp/\libhal_bsp.a(alt_close.o)
 .comment       0x0000000000000023       0x24 ../Asservissement_niv_1_bsp/\libhal_bsp.a(alt_dcache_flush_all.o)
 .comment       0x0000000000000023       0x24 ../Asservissement_niv_1_bsp/\libhal_bsp.a(alt_dev.o)
 .comment       0x0000000000000023       0x24 ../Asservissement_niv_1_bsp/\libhal_bsp.a(alt_dev_llist_insert.o)
 .comment       0x0000000000000023       0x24 ../Asservissement_niv_1_bsp/\libhal_bsp.a(alt_errno.o)
 .comment       0x0000000000000023       0x24 ../Asservissement_niv_1_bsp/\libhal_bsp.a(alt_icache_flush_all.o)
 .comment       0x0000000000000023       0x24 ../Asservissement_niv_1_bsp/\libhal_bsp.a(alt_io_redirect.o)
 .comment       0x0000000000000023       0x24 ../Asservissement_niv_1_bsp/\libhal_bsp.a(alt_open.o)
 .comment       0x0000000000000023       0x24 ../Asservissement_niv_1_bsp/\libhal_bsp.a(alt_release_fd.o)
 .comment       0x0000000000000023       0x24 ../Asservissement_niv_1_bsp/\libhal_bsp.a(altera_nios2_gen2_irq.o)
 .comment       0x0000000000000023       0x24 ../Asservissement_niv_1_bsp/\libhal_bsp.a(alt_find_dev.o)
 .comment       0x0000000000000023       0x24 ../Asservissement_niv_1_bsp/\libhal_bsp.a(alt_find_file.o)
 .comment       0x0000000000000023       0x24 ../Asservissement_niv_1_bsp/\libhal_bsp.a(alt_get_fd.o)
 .comment       0x0000000000000023       0x24 c:/intelfpga_lite/18.0/nios2eds/bin/gnu/h-x86_64-mingw32/bin/../lib/gcc/nios2-elf/5.3.0/../../../../../H-x86_64-mingw32/nios2-elf/lib/mno-hw-mul\libsmallc.a(lib_a-exit.o)
 .comment       0x0000000000000023       0x24 c:/intelfpga_lite/18.0/nios2eds/bin/gnu/h-x86_64-mingw32/bin/../lib/gcc/nios2-elf/5.3.0/../../../../../H-x86_64-mingw32/nios2-elf/lib/mno-hw-mul\libsmallc.a(lib_a-memcmp.o)
 .comment       0x0000000000000023       0x24 c:/intelfpga_lite/18.0/nios2eds/bin/gnu/h-x86_64-mingw32/bin/../lib/gcc/nios2-elf/5.3.0/../../../../../H-x86_64-mingw32/nios2-elf/lib/mno-hw-mul\libsmallc.a(lib_a-__call_atexit.o)
 .comment       0x0000000000000023       0x24 ../Asservissement_niv_1_bsp/\libhal_bsp.a(alt_exit.o)

.debug
 *(.debug)

.line
 *(.line)

.debug_srcinfo
 *(.debug_srcinfo)

.debug_sfnames
 *(.debug_sfnames)

.debug_aranges  0x0000000000000000      0x4d0
 *(.debug_aranges)
 .debug_aranges
                0x0000000000000000       0x28 ../Asservissement_niv_1_bsp//obj/HAL/src/crt0.o
 .debug_aranges
                0x0000000000000028       0x20 obj/default/hello_world.o
 .debug_aranges
                0x0000000000000048       0x28 c:/intelfpga_lite/18.0/nios2eds/bin/gnu/h-x86_64-mingw32/bin/../lib/gcc/nios2-elf/5.3.0/../../../../../H-x86_64-mingw32/nios2-elf/lib/mno-hw-mul\libsmallc.a(lib_a-printf.o)
 .debug_aranges
                0x0000000000000070       0x28 c:/intelfpga_lite/18.0/nios2eds/bin/gnu/h-x86_64-mingw32/bin/../lib/gcc/nios2-elf/5.3.0/../../../../../H-x86_64-mingw32/nios2-elf/lib/mno-hw-mul\libsmallc.a(lib_a-puts.o)
 .debug_aranges
                0x0000000000000098       0x20 c:/intelfpga_lite/18.0/nios2eds/bin/gnu/h-x86_64-mingw32/bin/../lib/gcc/nios2-elf/5.3.0/../../../../../H-x86_64-mingw32/nios2-elf/lib/mno-hw-mul\libsmallc.a(lib_a-strlen.o)
 .debug_aranges
                0x00000000000000b8       0x30 c:/intelfpga_lite/18.0/nios2eds/bin/gnu/h-x86_64-mingw32/bin/../lib/gcc/nios2-elf/5.3.0/../../../../../H-x86_64-mingw32/nios2-elf/lib/mno-hw-mul\libsmallc.a(lib_a-vfprintf.o)
 .debug_aranges
                0x00000000000000e8       0x20 c:/intelfpga_lite/18.0/nios2eds/bin/gnu/h-x86_64-mingw32/bin/../lib/gcc/nios2-elf/5.3.0/../../../../../H-x86_64-mingw32/nios2-elf/lib/mno-hw-mul\libsmallc.a(lib_a-fvwrite_small_dev.o)
 .debug_aranges
                0x0000000000000108       0x18 c:/intelfpga_lite/18.0/nios2eds/bin/gnu/h-x86_64-mingw32/bin/../lib/gcc/nios2-elf/5.3.0/../../../../../H-x86_64-mingw32/nios2-elf/lib/mno-hw-mul\libsmallc.a(lib_a-impure.o)
 .debug_aranges
                0x0000000000000120       0x20 c:/intelfpga_lite/18.0/nios2eds/bin/gnu/h-x86_64-mingw32/bin/../lib/gcc/nios2-elf/5.3.0/../../../../../H-x86_64-mingw32/nios2-elf/lib/mno-hw-mul\libsmallc.a(lib_a-writer.o)
 .debug_aranges
                0x0000000000000140       0x18 c:/intelfpga_lite/18.0/nios2eds/bin/gnu/h-x86_64-mingw32/bin/../lib/gcc/nios2-elf/5.3.0/../../../../../H-x86_64-mingw32/nios2-elf/lib/mno-hw-mul\libsmallc.a(lib_a-int_errno.o)
 .debug_aranges
                0x0000000000000158       0x20 c:/intelfpga_lite/18.0/nios2eds/bin/gnu/h-x86_64-mingw32/bin/../lib/gcc/nios2-elf/5.3.0/mno-hw-mul\libgcc.a(lib2-divmod.o)
 .debug_aranges
                0x0000000000000178       0x20 c:/intelfpga_lite/18.0/nios2eds/bin/gnu/h-x86_64-mingw32/bin/../lib/gcc/nios2-elf/5.3.0/mno-hw-mul\libgcc.a(lib2-mul.o)
 .debug_aranges
                0x0000000000000198       0x20 ../Asservissement_niv_1_bsp/\libhal_bsp.a(alt_load.o)
 .debug_aranges
                0x00000000000001b8       0x20 ../Asservissement_niv_1_bsp/\libhal_bsp.a(alt_main.o)
 .debug_aranges
                0x00000000000001d8       0x20 ../Asservissement_niv_1_bsp/\libhal_bsp.a(alt_usleep.o)
 .debug_aranges
                0x00000000000001f8       0x20 ../Asservissement_niv_1_bsp/\libhal_bsp.a(alt_write.o)
 .debug_aranges
                0x0000000000000218       0x20 ../Asservissement_niv_1_bsp/\libhal_bsp.a(alt_sys_init.o)
 .debug_aranges
                0x0000000000000238       0x20 ../Asservissement_niv_1_bsp/\libhal_bsp.a(altera_avalon_jtag_uart_fd.o)
 .debug_aranges
                0x0000000000000258       0x20 ../Asservissement_niv_1_bsp/\libhal_bsp.a(altera_avalon_jtag_uart_read.o)
 .debug_aranges
                0x0000000000000278       0x20 ../Asservissement_niv_1_bsp/\libhal_bsp.a(altera_avalon_jtag_uart_write.o)
 .debug_aranges
                0x0000000000000298       0x20 ../Asservissement_niv_1_bsp/\libhal_bsp.a(alt_busy_sleep.o)
 .debug_aranges
                0x00000000000002b8       0x20 ../Asservissement_niv_1_bsp/\libhal_bsp.a(alt_close.o)
 .debug_aranges
                0x00000000000002d8       0x20 ../Asservissement_niv_1_bsp/\libhal_bsp.a(alt_dcache_flush_all.o)
 .debug_aranges
                0x00000000000002f8       0x20 ../Asservissement_niv_1_bsp/\libhal_bsp.a(alt_dev.o)
 .debug_aranges
                0x0000000000000318       0x20 ../Asservissement_niv_1_bsp/\libhal_bsp.a(alt_dev_llist_insert.o)
 .debug_aranges
                0x0000000000000338       0x18 ../Asservissement_niv_1_bsp/\libhal_bsp.a(alt_errno.o)
 .debug_aranges
                0x0000000000000350       0x20 ../Asservissement_niv_1_bsp/\libhal_bsp.a(alt_icache_flush_all.o)
 .debug_aranges
                0x0000000000000370       0x20 ../Asservissement_niv_1_bsp/\libhal_bsp.a(alt_io_redirect.o)
 .debug_aranges
                0x0000000000000390       0x20 ../Asservissement_niv_1_bsp/\libhal_bsp.a(alt_open.o)
 .debug_aranges
                0x00000000000003b0       0x20 ../Asservissement_niv_1_bsp/\libhal_bsp.a(alt_release_fd.o)
 .debug_aranges
                0x00000000000003d0       0x20 ../Asservissement_niv_1_bsp/\libhal_bsp.a(altera_nios2_gen2_irq.o)
 .debug_aranges
                0x00000000000003f0       0x20 ../Asservissement_niv_1_bsp/\libhal_bsp.a(alt_find_dev.o)
 .debug_aranges
                0x0000000000000410       0x20 ../Asservissement_niv_1_bsp/\libhal_bsp.a(alt_find_file.o)
 .debug_aranges
                0x0000000000000430       0x20 ../Asservissement_niv_1_bsp/\libhal_bsp.a(alt_get_fd.o)
 .debug_aranges
                0x0000000000000450       0x20 c:/intelfpga_lite/18.0/nios2eds/bin/gnu/h-x86_64-mingw32/bin/../lib/gcc/nios2-elf/5.3.0/../../../../../H-x86_64-mingw32/nios2-elf/lib/mno-hw-mul\libsmallc.a(lib_a-exit.o)
 .debug_aranges
                0x0000000000000470       0x20 c:/intelfpga_lite/18.0/nios2eds/bin/gnu/h-x86_64-mingw32/bin/../lib/gcc/nios2-elf/5.3.0/../../../../../H-x86_64-mingw32/nios2-elf/lib/mno-hw-mul\libsmallc.a(lib_a-memcmp.o)
 .debug_aranges
                0x0000000000000490       0x20 c:/intelfpga_lite/18.0/nios2eds/bin/gnu/h-x86_64-mingw32/bin/../lib/gcc/nios2-elf/5.3.0/../../../../../H-x86_64-mingw32/nios2-elf/lib/mno-hw-mul\libsmallc.a(lib_a-__call_atexit.o)
 .debug_aranges
                0x00000000000004b0       0x20 ../Asservissement_niv_1_bsp/\libhal_bsp.a(alt_exit.o)

.debug_pubnames
 *(.debug_pubnames)

.debug_info     0x0000000000000000     0x6ce3
 *(.debug_info .gnu.linkonce.wi.*)
 .debug_info    0x0000000000000000       0x7e ../Asservissement_niv_1_bsp//obj/HAL/src/crt0.o
 .debug_info    0x000000000000007e      0x107 obj/default/hello_world.o
 .debug_info    0x0000000000000185      0x699 c:/intelfpga_lite/18.0/nios2eds/bin/gnu/h-x86_64-mingw32/bin/../lib/gcc/nios2-elf/5.3.0/../../../../../H-x86_64-mingw32/nios2-elf/lib/mno-hw-mul\libsmallc.a(lib_a-printf.o)
 .debug_info    0x000000000000081e      0x66d c:/intelfpga_lite/18.0/nios2eds/bin/gnu/h-x86_64-mingw32/bin/../lib/gcc/nios2-elf/5.3.0/../../../../../H-x86_64-mingw32/nios2-elf/lib/mno-hw-mul\libsmallc.a(lib_a-puts.o)
 .debug_info    0x0000000000000e8b       0xc9 c:/intelfpga_lite/18.0/nios2eds/bin/gnu/h-x86_64-mingw32/bin/../lib/gcc/nios2-elf/5.3.0/../../../../../H-x86_64-mingw32/nios2-elf/lib/mno-hw-mul\libsmallc.a(lib_a-strlen.o)
 .debug_info    0x0000000000000f54      0xb2b c:/intelfpga_lite/18.0/nios2eds/bin/gnu/h-x86_64-mingw32/bin/../lib/gcc/nios2-elf/5.3.0/../../../../../H-x86_64-mingw32/nios2-elf/lib/mno-hw-mul\libsmallc.a(lib_a-vfprintf.o)
 .debug_info    0x0000000000001a7f      0x62b c:/intelfpga_lite/18.0/nios2eds/bin/gnu/h-x86_64-mingw32/bin/../lib/gcc/nios2-elf/5.3.0/../../../../../H-x86_64-mingw32/nios2-elf/lib/mno-hw-mul\libsmallc.a(lib_a-fvwrite_small_dev.o)
 .debug_info    0x00000000000020aa      0x5a9 c:/intelfpga_lite/18.0/nios2eds/bin/gnu/h-x86_64-mingw32/bin/../lib/gcc/nios2-elf/5.3.0/../../../../../H-x86_64-mingw32/nios2-elf/lib/mno-hw-mul\libsmallc.a(lib_a-impure.o)
 .debug_info    0x0000000000002653      0x630 c:/intelfpga_lite/18.0/nios2eds/bin/gnu/h-x86_64-mingw32/bin/../lib/gcc/nios2-elf/5.3.0/../../../../../H-x86_64-mingw32/nios2-elf/lib/mno-hw-mul\libsmallc.a(lib_a-writer.o)
 .debug_info    0x0000000000002c83       0x8a c:/intelfpga_lite/18.0/nios2eds/bin/gnu/h-x86_64-mingw32/bin/../lib/gcc/nios2-elf/5.3.0/../../../../../H-x86_64-mingw32/nios2-elf/lib/mno-hw-mul\libsmallc.a(lib_a-int_errno.o)
 .debug_info    0x0000000000002d0d      0x2c6 c:/intelfpga_lite/18.0/nios2eds/bin/gnu/h-x86_64-mingw32/bin/../lib/gcc/nios2-elf/5.3.0/mno-hw-mul\libgcc.a(lib2-divmod.o)
 .debug_info    0x0000000000002fd3       0xb4 c:/intelfpga_lite/18.0/nios2eds/bin/gnu/h-x86_64-mingw32/bin/../lib/gcc/nios2-elf/5.3.0/mno-hw-mul\libgcc.a(lib2-mul.o)
 .debug_info    0x0000000000003087      0x145 ../Asservissement_niv_1_bsp/\libhal_bsp.a(alt_load.o)
 .debug_info    0x00000000000031cc      0x131 ../Asservissement_niv_1_bsp/\libhal_bsp.a(alt_main.o)
 .debug_info    0x00000000000032fd       0xb0 ../Asservissement_niv_1_bsp/\libhal_bsp.a(alt_usleep.o)
 .debug_info    0x00000000000033ad      0x4b7 ../Asservissement_niv_1_bsp/\libhal_bsp.a(alt_write.o)
 .debug_info    0x0000000000003864      0x3c9 ../Asservissement_niv_1_bsp/\libhal_bsp.a(alt_sys_init.o)
 .debug_info    0x0000000000003c2d      0x3a7 ../Asservissement_niv_1_bsp/\libhal_bsp.a(altera_avalon_jtag_uart_fd.o)
 .debug_info    0x0000000000003fd4      0x1b2 ../Asservissement_niv_1_bsp/\libhal_bsp.a(altera_avalon_jtag_uart_read.o)
 .debug_info    0x0000000000004186      0x195 ../Asservissement_niv_1_bsp/\libhal_bsp.a(altera_avalon_jtag_uart_write.o)
 .debug_info    0x000000000000431b       0xd7 ../Asservissement_niv_1_bsp/\libhal_bsp.a(alt_busy_sleep.o)
 .debug_info    0x00000000000043f2      0x321 ../Asservissement_niv_1_bsp/\libhal_bsp.a(alt_close.o)
 .debug_info    0x0000000000004713       0x92 ../Asservissement_niv_1_bsp/\libhal_bsp.a(alt_dcache_flush_all.o)
 .debug_info    0x00000000000047a5      0x49c ../Asservissement_niv_1_bsp/\libhal_bsp.a(alt_dev.o)
 .debug_info    0x0000000000004c41      0x1a9 ../Asservissement_niv_1_bsp/\libhal_bsp.a(alt_dev_llist_insert.o)
 .debug_info    0x0000000000004dea       0xa6 ../Asservissement_niv_1_bsp/\libhal_bsp.a(alt_errno.o)
 .debug_info    0x0000000000004e90       0x92 ../Asservissement_niv_1_bsp/\libhal_bsp.a(alt_icache_flush_all.o)
 .debug_info    0x0000000000004f22      0x4a5 ../Asservissement_niv_1_bsp/\libhal_bsp.a(alt_io_redirect.o)
 .debug_info    0x00000000000053c7      0x3bb ../Asservissement_niv_1_bsp/\libhal_bsp.a(alt_open.o)
 .debug_info    0x0000000000005782      0x2b0 ../Asservissement_niv_1_bsp/\libhal_bsp.a(alt_release_fd.o)
 .debug_info    0x0000000000005a32       0x92 ../Asservissement_niv_1_bsp/\libhal_bsp.a(altera_nios2_gen2_irq.o)
 .debug_info    0x0000000000005ac4      0x2e9 ../Asservissement_niv_1_bsp/\libhal_bsp.a(alt_find_dev.o)
 .debug_info    0x0000000000005dad      0x2e6 ../Asservissement_niv_1_bsp/\libhal_bsp.a(alt_find_file.o)
 .debug_info    0x0000000000006093      0x310 ../Asservissement_niv_1_bsp/\libhal_bsp.a(alt_get_fd.o)
 .debug_info    0x00000000000063a3       0xe5 c:/intelfpga_lite/18.0/nios2eds/bin/gnu/h-x86_64-mingw32/bin/../lib/gcc/nios2-elf/5.3.0/../../../../../H-x86_64-mingw32/nios2-elf/lib/mno-hw-mul\libsmallc.a(lib_a-exit.o)
 .debug_info    0x0000000000006488       0xf4 c:/intelfpga_lite/18.0/nios2eds/bin/gnu/h-x86_64-mingw32/bin/../lib/gcc/nios2-elf/5.3.0/../../../../../H-x86_64-mingw32/nios2-elf/lib/mno-hw-mul\libsmallc.a(lib_a-memcmp.o)
 .debug_info    0x000000000000657c      0x67b c:/intelfpga_lite/18.0/nios2eds/bin/gnu/h-x86_64-mingw32/bin/../lib/gcc/nios2-elf/5.3.0/../../../../../H-x86_64-mingw32/nios2-elf/lib/mno-hw-mul\libsmallc.a(lib_a-__call_atexit.o)
 .debug_info    0x0000000000006bf7       0xec ../Asservissement_niv_1_bsp/\libhal_bsp.a(alt_exit.o)

.debug_abbrev   0x0000000000000000     0x233d
 *(.debug_abbrev)
 .debug_abbrev  0x0000000000000000       0x12 ../Asservissement_niv_1_bsp//obj/HAL/src/crt0.o
 .debug_abbrev  0x0000000000000012       0x89 obj/default/hello_world.o
 .debug_abbrev  0x000000000000009b      0x1ee c:/intelfpga_lite/18.0/nios2eds/bin/gnu/h-x86_64-mingw32/bin/../lib/gcc/nios2-elf/5.3.0/../../../../../H-x86_64-mingw32/nios2-elf/lib/mno-hw-mul\libsmallc.a(lib_a-printf.o)
 .debug_abbrev  0x0000000000000289      0x1d6 c:/intelfpga_lite/18.0/nios2eds/bin/gnu/h-x86_64-mingw32/bin/../lib/gcc/nios2-elf/5.3.0/../../../../../H-x86_64-mingw32/nios2-elf/lib/mno-hw-mul\libsmallc.a(lib_a-puts.o)
 .debug_abbrev  0x000000000000045f       0x7f c:/intelfpga_lite/18.0/nios2eds/bin/gnu/h-x86_64-mingw32/bin/../lib/gcc/nios2-elf/5.3.0/../../../../../H-x86_64-mingw32/nios2-elf/lib/mno-hw-mul\libsmallc.a(lib_a-strlen.o)
 .debug_abbrev  0x00000000000004de      0x2a1 c:/intelfpga_lite/18.0/nios2eds/bin/gnu/h-x86_64-mingw32/bin/../lib/gcc/nios2-elf/5.3.0/../../../../../H-x86_64-mingw32/nios2-elf/lib/mno-hw-mul\libsmallc.a(lib_a-vfprintf.o)
 .debug_abbrev  0x000000000000077f      0x1bc c:/intelfpga_lite/18.0/nios2eds/bin/gnu/h-x86_64-mingw32/bin/../lib/gcc/nios2-elf/5.3.0/../../../../../H-x86_64-mingw32/nios2-elf/lib/mno-hw-mul\libsmallc.a(lib_a-fvwrite_small_dev.o)
 .debug_abbrev  0x000000000000093b      0x14a c:/intelfpga_lite/18.0/nios2eds/bin/gnu/h-x86_64-mingw32/bin/../lib/gcc/nios2-elf/5.3.0/../../../../../H-x86_64-mingw32/nios2-elf/lib/mno-hw-mul\libsmallc.a(lib_a-impure.o)
 .debug_abbrev  0x0000000000000a85      0x1a6 c:/intelfpga_lite/18.0/nios2eds/bin/gnu/h-x86_64-mingw32/bin/../lib/gcc/nios2-elf/5.3.0/../../../../../H-x86_64-mingw32/nios2-elf/lib/mno-hw-mul\libsmallc.a(lib_a-writer.o)
 .debug_abbrev  0x0000000000000c2b       0x37 c:/intelfpga_lite/18.0/nios2eds/bin/gnu/h-x86_64-mingw32/bin/../lib/gcc/nios2-elf/5.3.0/../../../../../H-x86_64-mingw32/nios2-elf/lib/mno-hw-mul\libsmallc.a(lib_a-int_errno.o)
 .debug_abbrev  0x0000000000000c62      0x10e c:/intelfpga_lite/18.0/nios2eds/bin/gnu/h-x86_64-mingw32/bin/../lib/gcc/nios2-elf/5.3.0/mno-hw-mul\libgcc.a(lib2-divmod.o)
 .debug_abbrev  0x0000000000000d70       0x6f c:/intelfpga_lite/18.0/nios2eds/bin/gnu/h-x86_64-mingw32/bin/../lib/gcc/nios2-elf/5.3.0/mno-hw-mul\libgcc.a(lib2-mul.o)
 .debug_abbrev  0x0000000000000ddf       0x9f ../Asservissement_niv_1_bsp/\libhal_bsp.a(alt_load.o)
 .debug_abbrev  0x0000000000000e7e       0xba ../Asservissement_niv_1_bsp/\libhal_bsp.a(alt_main.o)
 .debug_abbrev  0x0000000000000f38       0x60 ../Asservissement_niv_1_bsp/\libhal_bsp.a(alt_usleep.o)
 .debug_abbrev  0x0000000000000f98      0x133 ../Asservissement_niv_1_bsp/\libhal_bsp.a(alt_write.o)
 .debug_abbrev  0x00000000000010cb      0x157 ../Asservissement_niv_1_bsp/\libhal_bsp.a(alt_sys_init.o)
 .debug_abbrev  0x0000000000001222       0xf7 ../Asservissement_niv_1_bsp/\libhal_bsp.a(altera_avalon_jtag_uart_fd.o)
 .debug_abbrev  0x0000000000001319       0xd5 ../Asservissement_niv_1_bsp/\libhal_bsp.a(altera_avalon_jtag_uart_read.o)
 .debug_abbrev  0x00000000000013ee       0xd5 ../Asservissement_niv_1_bsp/\libhal_bsp.a(altera_avalon_jtag_uart_write.o)
 .debug_abbrev  0x00000000000014c3       0x7e ../Asservissement_niv_1_bsp/\libhal_bsp.a(alt_busy_sleep.o)
 .debug_abbrev  0x0000000000001541      0x11f ../Asservissement_niv_1_bsp/\libhal_bsp.a(alt_close.o)
 .debug_abbrev  0x0000000000001660       0x42 ../Asservissement_niv_1_bsp/\libhal_bsp.a(alt_dcache_flush_all.o)
 .debug_abbrev  0x00000000000016a2       0xd9 ../Asservissement_niv_1_bsp/\libhal_bsp.a(alt_dev.o)
 .debug_abbrev  0x000000000000177b      0x114 ../Asservissement_niv_1_bsp/\libhal_bsp.a(alt_dev_llist_insert.o)
 .debug_abbrev  0x000000000000188f       0x5a ../Asservissement_niv_1_bsp/\libhal_bsp.a(alt_errno.o)
 .debug_abbrev  0x00000000000018e9       0x42 ../Asservissement_niv_1_bsp/\libhal_bsp.a(alt_icache_flush_all.o)
 .debug_abbrev  0x000000000000192b      0x114 ../Asservissement_niv_1_bsp/\libhal_bsp.a(alt_io_redirect.o)
 .debug_abbrev  0x0000000000001a3f      0x148 ../Asservissement_niv_1_bsp/\libhal_bsp.a(alt_open.o)
 .debug_abbrev  0x0000000000001b87       0xde ../Asservissement_niv_1_bsp/\libhal_bsp.a(alt_release_fd.o)
 .debug_abbrev  0x0000000000001c65       0x42 ../Asservissement_niv_1_bsp/\libhal_bsp.a(altera_nios2_gen2_irq.o)
 .debug_abbrev  0x0000000000001ca7       0xf0 ../Asservissement_niv_1_bsp/\libhal_bsp.a(alt_find_dev.o)
 .debug_abbrev  0x0000000000001d97       0xf0 ../Asservissement_niv_1_bsp/\libhal_bsp.a(alt_find_file.o)
 .debug_abbrev  0x0000000000001e87      0x10d ../Asservissement_niv_1_bsp/\libhal_bsp.a(alt_get_fd.o)
 .debug_abbrev  0x0000000000001f94       0x8b c:/intelfpga_lite/18.0/nios2eds/bin/gnu/h-x86_64-mingw32/bin/../lib/gcc/nios2-elf/5.3.0/../../../../../H-x86_64-mingw32/nios2-elf/lib/mno-hw-mul\libsmallc.a(lib_a-exit.o)
 .debug_abbrev  0x000000000000201f       0x7f c:/intelfpga_lite/18.0/nios2eds/bin/gnu/h-x86_64-mingw32/bin/../lib/gcc/nios2-elf/5.3.0/../../../../../H-x86_64-mingw32/nios2-elf/lib/mno-hw-mul\libsmallc.a(lib_a-memcmp.o)
 .debug_abbrev  0x000000000000209e      0x1f6 c:/intelfpga_lite/18.0/nios2eds/bin/gnu/h-x86_64-mingw32/bin/../lib/gcc/nios2-elf/5.3.0/../../../../../H-x86_64-mingw32/nios2-elf/lib/mno-hw-mul\libsmallc.a(lib_a-__call_atexit.o)
 .debug_abbrev  0x0000000000002294       0xa9 ../Asservissement_niv_1_bsp/\libhal_bsp.a(alt_exit.o)

.debug_line     0x0000000000000000     0x2860
 *(.debug_line)
 .debug_line    0x0000000000000000       0x66 ../Asservissement_niv_1_bsp//obj/HAL/src/crt0.o
 .debug_line    0x0000000000000066       0x76 obj/default/hello_world.o
 .debug_line    0x00000000000000dc      0x203 c:/intelfpga_lite/18.0/nios2eds/bin/gnu/h-x86_64-mingw32/bin/../lib/gcc/nios2-elf/5.3.0/../../../../../H-x86_64-mingw32/nios2-elf/lib/mno-hw-mul\libsmallc.a(lib_a-printf.o)
 .debug_line    0x00000000000002df      0x206 c:/intelfpga_lite/18.0/nios2eds/bin/gnu/h-x86_64-mingw32/bin/../lib/gcc/nios2-elf/5.3.0/../../../../../H-x86_64-mingw32/nios2-elf/lib/mno-hw-mul\libsmallc.a(lib_a-puts.o)
 .debug_line    0x00000000000004e5      0x15c c:/intelfpga_lite/18.0/nios2eds/bin/gnu/h-x86_64-mingw32/bin/../lib/gcc/nios2-elf/5.3.0/../../../../../H-x86_64-mingw32/nios2-elf/lib/mno-hw-mul\libsmallc.a(lib_a-strlen.o)
 .debug_line    0x0000000000000641      0x351 c:/intelfpga_lite/18.0/nios2eds/bin/gnu/h-x86_64-mingw32/bin/../lib/gcc/nios2-elf/5.3.0/../../../../../H-x86_64-mingw32/nios2-elf/lib/mno-hw-mul\libsmallc.a(lib_a-vfprintf.o)
 .debug_line    0x0000000000000992      0x1f0 c:/intelfpga_lite/18.0/nios2eds/bin/gnu/h-x86_64-mingw32/bin/../lib/gcc/nios2-elf/5.3.0/../../../../../H-x86_64-mingw32/nios2-elf/lib/mno-hw-mul\libsmallc.a(lib_a-fvwrite_small_dev.o)
 .debug_line    0x0000000000000b82      0x156 c:/intelfpga_lite/18.0/nios2eds/bin/gnu/h-x86_64-mingw32/bin/../lib/gcc/nios2-elf/5.3.0/../../../../../H-x86_64-mingw32/nios2-elf/lib/mno-hw-mul\libsmallc.a(lib_a-impure.o)
 .debug_line    0x0000000000000cd8      0x1ed c:/intelfpga_lite/18.0/nios2eds/bin/gnu/h-x86_64-mingw32/bin/../lib/gcc/nios2-elf/5.3.0/../../../../../H-x86_64-mingw32/nios2-elf/lib/mno-hw-mul\libsmallc.a(lib_a-writer.o)
 .debug_line    0x0000000000000ec5       0x5f c:/intelfpga_lite/18.0/nios2eds/bin/gnu/h-x86_64-mingw32/bin/../lib/gcc/nios2-elf/5.3.0/../../../../../H-x86_64-mingw32/nios2-elf/lib/mno-hw-mul\libsmallc.a(lib_a-int_errno.o)
 .debug_line    0x0000000000000f24      0x105 c:/intelfpga_lite/18.0/nios2eds/bin/gnu/h-x86_64-mingw32/bin/../lib/gcc/nios2-elf/5.3.0/mno-hw-mul\libgcc.a(lib2-divmod.o)
 .debug_line    0x0000000000001029       0x80 c:/intelfpga_lite/18.0/nios2eds/bin/gnu/h-x86_64-mingw32/bin/../lib/gcc/nios2-elf/5.3.0/mno-hw-mul\libgcc.a(lib2-mul.o)
 .debug_line    0x00000000000010a9       0x8e ../Asservissement_niv_1_bsp/\libhal_bsp.a(alt_load.o)
 .debug_line    0x0000000000001137       0x9e ../Asservissement_niv_1_bsp/\libhal_bsp.a(alt_main.o)
 .debug_line    0x00000000000011d5       0xad ../Asservissement_niv_1_bsp/\libhal_bsp.a(alt_usleep.o)
 .debug_line    0x0000000000001282      0x1db ../Asservissement_niv_1_bsp/\libhal_bsp.a(alt_write.o)
 .debug_line    0x000000000000145d      0x127 ../Asservissement_niv_1_bsp/\libhal_bsp.a(alt_sys_init.o)
 .debug_line    0x0000000000001584      0x112 ../Asservissement_niv_1_bsp/\libhal_bsp.a(altera_avalon_jtag_uart_fd.o)
 .debug_line    0x0000000000001696       0xfd ../Asservissement_niv_1_bsp/\libhal_bsp.a(altera_avalon_jtag_uart_read.o)
 .debug_line    0x0000000000001793       0xf4 ../Asservissement_niv_1_bsp/\libhal_bsp.a(altera_avalon_jtag_uart_write.o)
 .debug_line    0x0000000000001887       0xa2 ../Asservissement_niv_1_bsp/\libhal_bsp.a(alt_busy_sleep.o)
 .debug_line    0x0000000000001929      0x165 ../Asservissement_niv_1_bsp/\libhal_bsp.a(alt_close.o)
 .debug_line    0x0000000000001a8e       0x51 ../Asservissement_niv_1_bsp/\libhal_bsp.a(alt_dcache_flush_all.o)
 .debug_line    0x0000000000001adf       0xf8 ../Asservissement_niv_1_bsp/\libhal_bsp.a(alt_dev.o)
 .debug_line    0x0000000000001bd7       0xcf ../Asservissement_niv_1_bsp/\libhal_bsp.a(alt_dev_llist_insert.o)
 .debug_line    0x0000000000001ca6       0x51 ../Asservissement_niv_1_bsp/\libhal_bsp.a(alt_errno.o)
 .debug_line    0x0000000000001cf7       0x4f ../Asservissement_niv_1_bsp/\libhal_bsp.a(alt_icache_flush_all.o)
 .debug_line    0x0000000000001d46      0x135 ../Asservissement_niv_1_bsp/\libhal_bsp.a(alt_io_redirect.o)
 .debug_line    0x0000000000001e7b      0x12b ../Asservissement_niv_1_bsp/\libhal_bsp.a(alt_open.o)
 .debug_line    0x0000000000001fa6       0xb0 ../Asservissement_niv_1_bsp/\libhal_bsp.a(alt_release_fd.o)
 .debug_line    0x0000000000002056       0x51 ../Asservissement_niv_1_bsp/\libhal_bsp.a(altera_nios2_gen2_irq.o)
 .debug_line    0x00000000000020a7       0xb5 ../Asservissement_niv_1_bsp/\libhal_bsp.a(alt_find_dev.o)
 .debug_line    0x000000000000215c       0xd1 ../Asservissement_niv_1_bsp/\libhal_bsp.a(alt_find_file.o)
 .debug_line    0x000000000000222d       0xd7 ../Asservissement_niv_1_bsp/\libhal_bsp.a(alt_get_fd.o)
 .debug_line    0x0000000000002304      0x159 c:/intelfpga_lite/18.0/nios2eds/bin/gnu/h-x86_64-mingw32/bin/../lib/gcc/nios2-elf/5.3.0/../../../../../H-x86_64-mingw32/nios2-elf/lib/mno-hw-mul\libsmallc.a(lib_a-exit.o)
 .debug_line    0x000000000000245d      0x160 c:/intelfpga_lite/18.0/nios2eds/bin/gnu/h-x86_64-mingw32/bin/../lib/gcc/nios2-elf/5.3.0/../../../../../H-x86_64-mingw32/nios2-elf/lib/mno-hw-mul\libsmallc.a(lib_a-memcmp.o)
 .debug_line    0x00000000000025bd      0x232 c:/intelfpga_lite/18.0/nios2eds/bin/gnu/h-x86_64-mingw32/bin/../lib/gcc/nios2-elf/5.3.0/../../../../../H-x86_64-mingw32/nios2-elf/lib/mno-hw-mul\libsmallc.a(lib_a-__call_atexit.o)
 .debug_line    0x00000000000027ef       0x71 ../Asservissement_niv_1_bsp/\libhal_bsp.a(alt_exit.o)

.debug_frame    0x0000000000000000      0x964
 *(.debug_frame)
 .debug_frame   0x0000000000000000       0x50 obj/default/hello_world.o
 .debug_frame   0x0000000000000050       0x48 c:/intelfpga_lite/18.0/nios2eds/bin/gnu/h-x86_64-mingw32/bin/../lib/gcc/nios2-elf/5.3.0/../../../../../H-x86_64-mingw32/nios2-elf/lib/mno-hw-mul\libsmallc.a(lib_a-printf.o)
 .debug_frame   0x0000000000000098       0x48 c:/intelfpga_lite/18.0/nios2eds/bin/gnu/h-x86_64-mingw32/bin/../lib/gcc/nios2-elf/5.3.0/../../../../../H-x86_64-mingw32/nios2-elf/lib/mno-hw-mul\libsmallc.a(lib_a-puts.o)
 .debug_frame   0x00000000000000e0       0x20 c:/intelfpga_lite/18.0/nios2eds/bin/gnu/h-x86_64-mingw32/bin/../lib/gcc/nios2-elf/5.3.0/../../../../../H-x86_64-mingw32/nios2-elf/lib/mno-hw-mul\libsmallc.a(lib_a-strlen.o)
 .debug_frame   0x0000000000000100       0x8c c:/intelfpga_lite/18.0/nios2eds/bin/gnu/h-x86_64-mingw32/bin/../lib/gcc/nios2-elf/5.3.0/../../../../../H-x86_64-mingw32/nios2-elf/lib/mno-hw-mul\libsmallc.a(lib_a-vfprintf.o)
 .debug_frame   0x000000000000018c       0x58 c:/intelfpga_lite/18.0/nios2eds/bin/gnu/h-x86_64-mingw32/bin/../lib/gcc/nios2-elf/5.3.0/../../../../../H-x86_64-mingw32/nios2-elf/lib/mno-hw-mul\libsmallc.a(lib_a-fvwrite_small_dev.o)
 .debug_frame   0x00000000000001e4       0x38 c:/intelfpga_lite/18.0/nios2eds/bin/gnu/h-x86_64-mingw32/bin/../lib/gcc/nios2-elf/5.3.0/../../../../../H-x86_64-mingw32/nios2-elf/lib/mno-hw-mul\libsmallc.a(lib_a-writer.o)
 .debug_frame   0x000000000000021c       0x50 c:/intelfpga_lite/18.0/nios2eds/bin/gnu/h-x86_64-mingw32/bin/../lib/gcc/nios2-elf/5.3.0/mno-hw-mul\libgcc.a(lib2-divmod.o)
 .debug_frame   0x000000000000026c       0x20 c:/intelfpga_lite/18.0/nios2eds/bin/gnu/h-x86_64-mingw32/bin/../lib/gcc/nios2-elf/5.3.0/mno-hw-mul\libgcc.a(lib2-mul.o)
 .debug_frame   0x000000000000028c       0x5c ../Asservissement_niv_1_bsp/\libhal_bsp.a(alt_load.o)
 .debug_frame   0x00000000000002e8       0x2c ../Asservissement_niv_1_bsp/\libhal_bsp.a(alt_main.o)
 .debug_frame   0x0000000000000314       0x38 ../Asservissement_niv_1_bsp/\libhal_bsp.a(alt_usleep.o)
 .debug_frame   0x000000000000034c       0x60 ../Asservissement_niv_1_bsp/\libhal_bsp.a(alt_write.o)
 .debug_frame   0x00000000000003ac       0x88 ../Asservissement_niv_1_bsp/\libhal_bsp.a(alt_sys_init.o)
 .debug_frame   0x0000000000000434       0x60 ../Asservissement_niv_1_bsp/\libhal_bsp.a(altera_avalon_jtag_uart_fd.o)
 .debug_frame   0x0000000000000494       0x34 ../Asservissement_niv_1_bsp/\libhal_bsp.a(altera_avalon_jtag_uart_read.o)
 .debug_frame   0x00000000000004c8       0x34 ../Asservissement_niv_1_bsp/\libhal_bsp.a(altera_avalon_jtag_uart_write.o)
 .debug_frame   0x00000000000004fc       0x38 ../Asservissement_niv_1_bsp/\libhal_bsp.a(alt_busy_sleep.o)
 .debug_frame   0x0000000000000534       0x60 ../Asservissement_niv_1_bsp/\libhal_bsp.a(alt_close.o)
 .debug_frame   0x0000000000000594       0x34 ../Asservissement_niv_1_bsp/\libhal_bsp.a(alt_dcache_flush_all.o)
 .debug_frame   0x00000000000005c8       0x34 ../Asservissement_niv_1_bsp/\libhal_bsp.a(alt_dev.o)
 .debug_frame   0x00000000000005fc       0x60 ../Asservissement_niv_1_bsp/\libhal_bsp.a(alt_dev_llist_insert.o)
 .debug_frame   0x000000000000065c       0x34 ../Asservissement_niv_1_bsp/\libhal_bsp.a(alt_icache_flush_all.o)
 .debug_frame   0x0000000000000690       0x64 ../Asservissement_niv_1_bsp/\libhal_bsp.a(alt_io_redirect.o)
 .debug_frame   0x00000000000006f4       0x8c ../Asservissement_niv_1_bsp/\libhal_bsp.a(alt_open.o)
 .debug_frame   0x0000000000000780       0x3c ../Asservissement_niv_1_bsp/\libhal_bsp.a(alt_release_fd.o)
 .debug_frame   0x00000000000007bc       0x34 ../Asservissement_niv_1_bsp/\libhal_bsp.a(altera_nios2_gen2_irq.o)
 .debug_frame   0x00000000000007f0       0x38 ../Asservissement_niv_1_bsp/\libhal_bsp.a(alt_find_dev.o)
 .debug_frame   0x0000000000000828       0x38 ../Asservissement_niv_1_bsp/\libhal_bsp.a(alt_find_file.o)
 .debug_frame   0x0000000000000860       0x3c ../Asservissement_niv_1_bsp/\libhal_bsp.a(alt_get_fd.o)
 .debug_frame   0x000000000000089c       0x28 c:/intelfpga_lite/18.0/nios2eds/bin/gnu/h-x86_64-mingw32/bin/../lib/gcc/nios2-elf/5.3.0/../../../../../H-x86_64-mingw32/nios2-elf/lib/mno-hw-mul\libsmallc.a(lib_a-exit.o)
 .debug_frame   0x00000000000008c4       0x20 c:/intelfpga_lite/18.0/nios2eds/bin/gnu/h-x86_64-mingw32/bin/../lib/gcc/nios2-elf/5.3.0/../../../../../H-x86_64-mingw32/nios2-elf/lib/mno-hw-mul\libsmallc.a(lib_a-memcmp.o)
 .debug_frame   0x00000000000008e4       0x54 c:/intelfpga_lite/18.0/nios2eds/bin/gnu/h-x86_64-mingw32/bin/../lib/gcc/nios2-elf/5.3.0/../../../../../H-x86_64-mingw32/nios2-elf/lib/mno-hw-mul\libsmallc.a(lib_a-__call_atexit.o)
 .debug_frame   0x0000000000000938       0x2c ../Asservissement_niv_1_bsp/\libhal_bsp.a(alt_exit.o)

.debug_str      0x0000000000000000     0x15fa
 *(.debug_str)
 .debug_str     0x0000000000000000      0x128 obj/default/hello_world.o
                                        0x166 (size before relaxing)
 .debug_str     0x0000000000000128      0x431 c:/intelfpga_lite/18.0/nios2eds/bin/gnu/h-x86_64-mingw32/bin/../lib/gcc/nios2-elf/5.3.0/../../../../../H-x86_64-mingw32/nios2-elf/lib/mno-hw-mul\libsmallc.a(lib_a-printf.o)
                                        0x504 (size before relaxing)
 .debug_str     0x0000000000000559       0x63 c:/intelfpga_lite/18.0/nios2eds/bin/gnu/h-x86_64-mingw32/bin/../lib/gcc/nios2-elf/5.3.0/../../../../../H-x86_64-mingw32/nios2-elf/lib/mno-hw-mul\libsmallc.a(lib_a-puts.o)
                                        0x4cd (size before relaxing)
 .debug_str     0x00000000000005bc       0xd2 c:/intelfpga_lite/18.0/nios2eds/bin/gnu/h-x86_64-mingw32/bin/../lib/gcc/nios2-elf/5.3.0/../../../../../H-x86_64-mingw32/nios2-elf/lib/mno-hw-mul\libsmallc.a(lib_a-strlen.o)
                                        0x1e5 (size before relaxing)
 .debug_str     0x000000000000068e      0x1f8 c:/intelfpga_lite/18.0/nios2eds/bin/gnu/h-x86_64-mingw32/bin/../lib/gcc/nios2-elf/5.3.0/../../../../../H-x86_64-mingw32/nios2-elf/lib/mno-hw-mul\libsmallc.a(lib_a-vfprintf.o)
                                        0x67f (size before relaxing)
 .debug_str     0x0000000000000886       0x63 c:/intelfpga_lite/18.0/nios2eds/bin/gnu/h-x86_64-mingw32/bin/../lib/gcc/nios2-elf/5.3.0/../../../../../H-x86_64-mingw32/nios2-elf/lib/mno-hw-mul\libsmallc.a(lib_a-fvwrite_small_dev.o)
                                        0x4d4 (size before relaxing)
 .debug_str     0x00000000000008e9       0xef c:/intelfpga_lite/18.0/nios2eds/bin/gnu/h-x86_64-mingw32/bin/../lib/gcc/nios2-elf/5.3.0/../../../../../H-x86_64-mingw32/nios2-elf/lib/mno-hw-mul\libsmallc.a(lib_a-impure.o)
                                        0x4be (size before relaxing)
 .debug_str     0x00000000000009d8       0x45 c:/intelfpga_lite/18.0/nios2eds/bin/gnu/h-x86_64-mingw32/bin/../lib/gcc/nios2-elf/5.3.0/../../../../../H-x86_64-mingw32/nios2-elf/lib/mno-hw-mul\libsmallc.a(lib_a-writer.o)
                                        0x4b8 (size before relaxing)
 .debug_str     0x0000000000000a1d       0x3f c:/intelfpga_lite/18.0/nios2eds/bin/gnu/h-x86_64-mingw32/bin/../lib/gcc/nios2-elf/5.3.0/../../../../../H-x86_64-mingw32/nios2-elf/lib/mno-hw-mul\libsmallc.a(lib_a-int_errno.o)
                                        0x1d8 (size before relaxing)
 .debug_str     0x0000000000000a5c      0x187 c:/intelfpga_lite/18.0/nios2eds/bin/gnu/h-x86_64-mingw32/bin/../lib/gcc/nios2-elf/5.3.0/mno-hw-mul\libgcc.a(lib2-divmod.o)
                                        0x1d2 (size before relaxing)
 .debug_str     0x0000000000000be3       0x40 c:/intelfpga_lite/18.0/nios2eds/bin/gnu/h-x86_64-mingw32/bin/../lib/gcc/nios2-elf/5.3.0/mno-hw-mul\libgcc.a(lib2-mul.o)
                                        0x193 (size before relaxing)
 .debug_str     0x0000000000000c23      0x13b ../Asservissement_niv_1_bsp/\libhal_bsp.a(alt_load.o)
                                        0x222 (size before relaxing)
 .debug_str     0x0000000000000d5e       0x70 ../Asservissement_niv_1_bsp/\libhal_bsp.a(alt_main.o)
                                        0x1ad (size before relaxing)
 .debug_str     0x0000000000000dce       0x27 ../Asservissement_niv_1_bsp/\libhal_bsp.a(alt_usleep.o)
                                        0x158 (size before relaxing)
 .debug_str     0x0000000000000df5      0x166 ../Asservissement_niv_1_bsp/\libhal_bsp.a(alt_write.o)
                                        0x308 (size before relaxing)
 .debug_str     0x0000000000000f5b      0x105 ../Asservissement_niv_1_bsp/\libhal_bsp.a(alt_sys_init.o)
                                        0x2e4 (size before relaxing)
 .debug_str     0x0000000000001060       0x77 ../Asservissement_niv_1_bsp/\libhal_bsp.a(altera_avalon_jtag_uart_fd.o)
                                        0x2e5 (size before relaxing)
 .debug_str     0x00000000000010d7       0x48 ../Asservissement_niv_1_bsp/\libhal_bsp.a(altera_avalon_jtag_uart_read.o)
                                        0x22f (size before relaxing)
 .debug_str     0x000000000000111f       0x4a ../Asservissement_niv_1_bsp/\libhal_bsp.a(altera_avalon_jtag_uart_write.o)
                                        0x225 (size before relaxing)
 .debug_str     0x0000000000001169       0x42 ../Asservissement_niv_1_bsp/\libhal_bsp.a(alt_busy_sleep.o)
                                        0x17b (size before relaxing)
 .debug_str     0x00000000000011ab       0x1b ../Asservissement_niv_1_bsp/\libhal_bsp.a(alt_close.o)
                                        0x21b (size before relaxing)
 .debug_str     0x00000000000011c6       0x34 ../Asservissement_niv_1_bsp/\libhal_bsp.a(alt_dcache_flush_all.o)
                                        0x165 (size before relaxing)
 .debug_str     0x00000000000011fa       0x50 ../Asservissement_niv_1_bsp/\libhal_bsp.a(alt_dev.o)
                                        0x315 (size before relaxing)
 .debug_str     0x000000000000124a       0x4b ../Asservissement_niv_1_bsp/\libhal_bsp.a(alt_dev_llist_insert.o)
                                        0x1dc (size before relaxing)
 .debug_str     0x0000000000001295       0x14 ../Asservissement_niv_1_bsp/\libhal_bsp.a(alt_errno.o)
                                        0x155 (size before relaxing)
 .debug_str     0x00000000000012a9       0x34 ../Asservissement_niv_1_bsp/\libhal_bsp.a(alt_icache_flush_all.o)
                                        0x165 (size before relaxing)
 .debug_str     0x00000000000012dd       0x56 ../Asservissement_niv_1_bsp/\libhal_bsp.a(alt_io_redirect.o)
                                        0x326 (size before relaxing)
 .debug_str     0x0000000000001333       0x36 ../Asservissement_niv_1_bsp/\libhal_bsp.a(alt_open.o)
                                        0x25b (size before relaxing)
 .debug_str     0x0000000000001369       0x28 ../Asservissement_niv_1_bsp/\libhal_bsp.a(alt_release_fd.o)
                                        0x1e3 (size before relaxing)
 .debug_str     0x0000000000001391       0x3b ../Asservissement_niv_1_bsp/\libhal_bsp.a(altera_nios2_gen2_irq.o)
                                        0x16c (size before relaxing)
 .debug_str     0x00000000000013cc       0x24 ../Asservissement_niv_1_bsp/\libhal_bsp.a(alt_find_dev.o)
                                        0x1fc (size before relaxing)
 .debug_str     0x00000000000013f0       0x26 ../Asservissement_niv_1_bsp/\libhal_bsp.a(alt_find_file.o)
                                        0x20a (size before relaxing)
 .debug_str     0x0000000000001416       0x30 ../Asservissement_niv_1_bsp/\libhal_bsp.a(alt_get_fd.o)
                                        0x22c (size before relaxing)
 .debug_str     0x0000000000001446       0xe1 c:/intelfpga_lite/18.0/nios2eds/bin/gnu/h-x86_64-mingw32/bin/../lib/gcc/nios2-elf/5.3.0/../../../../../H-x86_64-mingw32/nios2-elf/lib/mno-hw-mul\libsmallc.a(lib_a-exit.o)
                                        0x1f0 (size before relaxing)
 .debug_str     0x0000000000001527       0x44 c:/intelfpga_lite/18.0/nios2eds/bin/gnu/h-x86_64-mingw32/bin/../lib/gcc/nios2-elf/5.3.0/../../../../../H-x86_64-mingw32/nios2-elf/lib/mno-hw-mul\libsmallc.a(lib_a-memcmp.o)
                                        0x1df (size before relaxing)
 .debug_str     0x000000000000156b       0x65 c:/intelfpga_lite/18.0/nios2eds/bin/gnu/h-x86_64-mingw32/bin/../lib/gcc/nios2-elf/5.3.0/../../../../../H-x86_64-mingw32/nios2-elf/lib/mno-hw-mul\libsmallc.a(lib_a-__call_atexit.o)
                                        0x4eb (size before relaxing)
 .debug_str     0x00000000000015d0       0x2a ../Asservissement_niv_1_bsp/\libhal_bsp.a(alt_exit.o)
                                        0x161 (size before relaxing)

.debug_loc      0x0000000000000000     0x13ee
 *(.debug_loc)
 .debug_loc     0x0000000000000000       0xc6 c:/intelfpga_lite/18.0/nios2eds/bin/gnu/h-x86_64-mingw32/bin/../lib/gcc/nios2-elf/5.3.0/../../../../../H-x86_64-mingw32/nios2-elf/lib/mno-hw-mul\libsmallc.a(lib_a-printf.o)
 .debug_loc     0x00000000000000c6       0x97 c:/intelfpga_lite/18.0/nios2eds/bin/gnu/h-x86_64-mingw32/bin/../lib/gcc/nios2-elf/5.3.0/../../../../../H-x86_64-mingw32/nios2-elf/lib/mno-hw-mul\libsmallc.a(lib_a-puts.o)
 .debug_loc     0x000000000000015d       0x1e c:/intelfpga_lite/18.0/nios2eds/bin/gnu/h-x86_64-mingw32/bin/../lib/gcc/nios2-elf/5.3.0/../../../../../H-x86_64-mingw32/nios2-elf/lib/mno-hw-mul\libsmallc.a(lib_a-strlen.o)
 .debug_loc     0x000000000000017b      0x954 c:/intelfpga_lite/18.0/nios2eds/bin/gnu/h-x86_64-mingw32/bin/../lib/gcc/nios2-elf/5.3.0/../../../../../H-x86_64-mingw32/nios2-elf/lib/mno-hw-mul\libsmallc.a(lib_a-vfprintf.o)
 .debug_loc     0x0000000000000acf      0x110 c:/intelfpga_lite/18.0/nios2eds/bin/gnu/h-x86_64-mingw32/bin/../lib/gcc/nios2-elf/5.3.0/../../../../../H-x86_64-mingw32/nios2-elf/lib/mno-hw-mul\libsmallc.a(lib_a-fvwrite_small_dev.o)
 .debug_loc     0x0000000000000bdf       0xa5 c:/intelfpga_lite/18.0/nios2eds/bin/gnu/h-x86_64-mingw32/bin/../lib/gcc/nios2-elf/5.3.0/../../../../../H-x86_64-mingw32/nios2-elf/lib/mno-hw-mul\libsmallc.a(lib_a-writer.o)
 .debug_loc     0x0000000000000c84      0x4ce c:/intelfpga_lite/18.0/nios2eds/bin/gnu/h-x86_64-mingw32/bin/../lib/gcc/nios2-elf/5.3.0/mno-hw-mul\libgcc.a(lib2-divmod.o)
 .debug_loc     0x0000000000001152       0x93 c:/intelfpga_lite/18.0/nios2eds/bin/gnu/h-x86_64-mingw32/bin/../lib/gcc/nios2-elf/5.3.0/mno-hw-mul\libgcc.a(lib2-mul.o)
 .debug_loc     0x00000000000011e5       0x1e c:/intelfpga_lite/18.0/nios2eds/bin/gnu/h-x86_64-mingw32/bin/../lib/gcc/nios2-elf/5.3.0/../../../../../H-x86_64-mingw32/nios2-elf/lib/mno-hw-mul\libsmallc.a(lib_a-exit.o)
 .debug_loc     0x0000000000001203       0x94 c:/intelfpga_lite/18.0/nios2eds/bin/gnu/h-x86_64-mingw32/bin/../lib/gcc/nios2-elf/5.3.0/../../../../../H-x86_64-mingw32/nios2-elf/lib/mno-hw-mul\libsmallc.a(lib_a-memcmp.o)
 .debug_loc     0x0000000000001297      0x157 c:/intelfpga_lite/18.0/nios2eds/bin/gnu/h-x86_64-mingw32/bin/../lib/gcc/nios2-elf/5.3.0/../../../../../H-x86_64-mingw32/nios2-elf/lib/mno-hw-mul\libsmallc.a(lib_a-__call_atexit.o)

.debug_macinfo
 *(.debug_macinfo)

.debug_weaknames
 *(.debug_weaknames)

.debug_funcnames
 *(.debug_funcnames)

.debug_typenames
 *(.debug_typenames)

.debug_varnames
 *(.debug_varnames)

.debug_alt_sim_info
                0x0000000000000000       0x40
 *(.debug_alt_sim_info)
 .debug_alt_sim_info
                0x0000000000000000       0x10 ../Asservissement_niv_1_bsp//obj/HAL/src/crt0.o
 .debug_alt_sim_info
                0x0000000000000010       0x30 ../Asservissement_niv_1_bsp/\libhal_bsp.a(alt_busy_sleep.o)
                0x000000000000ce20                __alt_data_end = 0xce20
                0x000000000000ce20                PROVIDE (__alt_stack_pointer, __alt_data_end)
                [!provide]                        PROVIDE (__alt_stack_limit, __alt_stack_base)
                [!provide]                        PROVIDE (__alt_heap_start, end)
                [!provide]                        PROVIDE (__alt_heap_limit, 0xce20)
OUTPUT(Asservissement_niv_1.elf elf32-littlenios2)

.debug_ranges   0x0000000000000000      0x220
 .debug_ranges  0x0000000000000000       0x20 ../Asservissement_niv_1_bsp//obj/HAL/src/crt0.o
 .debug_ranges  0x0000000000000020       0x18 c:/intelfpga_lite/18.0/nios2eds/bin/gnu/h-x86_64-mingw32/bin/../lib/gcc/nios2-elf/5.3.0/../../../../../H-x86_64-mingw32/nios2-elf/lib/mno-hw-mul\libsmallc.a(lib_a-printf.o)
 .debug_ranges  0x0000000000000038       0x18 c:/intelfpga_lite/18.0/nios2eds/bin/gnu/h-x86_64-mingw32/bin/../lib/gcc/nios2-elf/5.3.0/../../../../../H-x86_64-mingw32/nios2-elf/lib/mno-hw-mul\libsmallc.a(lib_a-puts.o)
 .debug_ranges  0x0000000000000050       0x10 c:/intelfpga_lite/18.0/nios2eds/bin/gnu/h-x86_64-mingw32/bin/../lib/gcc/nios2-elf/5.3.0/../../../../../H-x86_64-mingw32/nios2-elf/lib/mno-hw-mul\libsmallc.a(lib_a-strlen.o)
 .debug_ranges  0x0000000000000060       0xc8 c:/intelfpga_lite/18.0/nios2eds/bin/gnu/h-x86_64-mingw32/bin/../lib/gcc/nios2-elf/5.3.0/../../../../../H-x86_64-mingw32/nios2-elf/lib/mno-hw-mul\libsmallc.a(lib_a-vfprintf.o)
 .debug_ranges  0x0000000000000128       0x28 c:/intelfpga_lite/18.0/nios2eds/bin/gnu/h-x86_64-mingw32/bin/../lib/gcc/nios2-elf/5.3.0/../../../../../H-x86_64-mingw32/nios2-elf/lib/mno-hw-mul\libsmallc.a(lib_a-fvwrite_small_dev.o)
 .debug_ranges  0x0000000000000150       0x10 c:/intelfpga_lite/18.0/nios2eds/bin/gnu/h-x86_64-mingw32/bin/../lib/gcc/nios2-elf/5.3.0/../../../../../H-x86_64-mingw32/nios2-elf/lib/mno-hw-mul\libsmallc.a(lib_a-writer.o)
 .debug_ranges  0x0000000000000160       0x60 c:/intelfpga_lite/18.0/nios2eds/bin/gnu/h-x86_64-mingw32/bin/../lib/gcc/nios2-elf/5.3.0/mno-hw-mul\libgcc.a(lib2-divmod.o)
 .debug_ranges  0x00000000000001c0       0x18 ../Asservissement_niv_1_bsp/\libhal_bsp.a(altera_avalon_jtag_uart_read.o)
 .debug_ranges  0x00000000000001d8       0x10 c:/intelfpga_lite/18.0/nios2eds/bin/gnu/h-x86_64-mingw32/bin/../lib/gcc/nios2-elf/5.3.0/../../../../../H-x86_64-mingw32/nios2-elf/lib/mno-hw-mul\libsmallc.a(lib_a-exit.o)
 .debug_ranges  0x00000000000001e8       0x10 c:/intelfpga_lite/18.0/nios2eds/bin/gnu/h-x86_64-mingw32/bin/../lib/gcc/nios2-elf/5.3.0/../../../../../H-x86_64-mingw32/nios2-elf/lib/mno-hw-mul\libsmallc.a(lib_a-memcmp.o)
 .debug_ranges  0x00000000000001f8       0x28 c:/intelfpga_lite/18.0/nios2eds/bin/gnu/h-x86_64-mingw32/bin/../lib/gcc/nios2-elf/5.3.0/../../../../../H-x86_64-mingw32/nios2-elf/lib/mno-hw-mul\libsmallc.a(lib_a-__call_atexit.o)
