------------------------------------------------------------
Timing Analyzer Summary
------------------------------------------------------------

Type  : Slow 1000mV 100C Model Setup 'clk_50M'
Slack : -5.346
TNS   : -137.214

Type  : Slow 1000mV 100C Model Setup 'diviseur:DivFreq0|clk_1_int'
Slack : -2.171
TNS   : -14.558

Type  : Slow 1000mV 100C Model Setup 'in_freq_anemometre'
Slack : -1.687
TNS   : -25.460

Type  : Slow 1000mV 100C Model Hold 'diviseur:DivFreq0|clk_1_int'
Slack : 0.608
TNS   : 0.000

Type  : Slow 1000mV 100C Model Hold 'in_freq_anemometre'
Slack : 0.668
TNS   : 0.000

Type  : Slow 1000mV 100C Model Hold 'clk_50M'
Slack : 1.120
TNS   : 0.000

Type  : Slow 1000mV 100C Model Minimum Pulse Width 'clk_50M'
Slack : -3.000
TNS   : -77.046

Type  : Slow 1000mV 100C Model Minimum Pulse Width 'in_freq_anemometre'
Slack : -3.000
TNS   : -31.208

Type  : Slow 1000mV 100C Model Minimum Pulse Width 'diviseur:DivFreq0|clk_1_int'
Slack : -1.763
TNS   : -14.104

Type  : Slow 1000mV -40C Model Setup 'clk_50M'
Slack : -5.139
TNS   : -127.804

Type  : Slow 1000mV -40C Model Setup 'diviseur:DivFreq0|clk_1_int'
Slack : -2.161
TNS   : -14.740

Type  : Slow 1000mV -40C Model Setup 'in_freq_anemometre'
Slack : -1.589
TNS   : -24.466

Type  : Slow 1000mV -40C Model Hold 'diviseur:DivFreq0|clk_1_int'
Slack : 0.607
TNS   : 0.000

Type  : Slow 1000mV -40C Model Hold 'in_freq_anemometre'
Slack : 0.633
TNS   : 0.000

Type  : Slow 1000mV -40C Model Hold 'clk_50M'
Slack : 0.991
TNS   : 0.000

Type  : Slow 1000mV -40C Model Minimum Pulse Width 'clk_50M'
Slack : -3.000
TNS   : -77.046

Type  : Slow 1000mV -40C Model Minimum Pulse Width 'in_freq_anemometre'
Slack : -3.000
TNS   : -31.208

Type  : Slow 1000mV -40C Model Minimum Pulse Width 'diviseur:DivFreq0|clk_1_int'
Slack : -1.763
TNS   : -14.104

Type  : Fast 1000mV -40C Model Setup 'clk_50M'
Slack : -2.532
TNS   : -58.176

Type  : Fast 1000mV -40C Model Setup 'diviseur:DivFreq0|clk_1_int'
Slack : -0.899
TNS   : -5.806

Type  : Fast 1000mV -40C Model Setup 'in_freq_anemometre'
Slack : -0.827
TNS   : -9.082

Type  : Fast 1000mV -40C Model Hold 'in_freq_anemometre'
Slack : 0.349
TNS   : 0.000

Type  : Fast 1000mV -40C Model Hold 'diviseur:DivFreq0|clk_1_int'
Slack : 0.549
TNS   : 0.000

Type  : Fast 1000mV -40C Model Hold 'clk_50M'
Slack : 0.741
TNS   : 0.000

Type  : Fast 1000mV -40C Model Minimum Pulse Width 'clk_50M'
Slack : -3.000
TNS   : -77.046

Type  : Fast 1000mV -40C Model Minimum Pulse Width 'in_freq_anemometre'
Slack : -3.000
TNS   : -31.208

Type  : Fast 1000mV -40C Model Minimum Pulse Width 'diviseur:DivFreq0|clk_1_int'
Slack : -1.763
TNS   : -14.104

------------------------------------------------------------
